INFO     planner time limit: 1800s
INFO     planner memory limit: None

INFO     Running alias (hapori-miplan-all-data-opt).
INFO     search portfolio: /planner/portfolio_driver/portfolios/hapori-miplan-all-data-opt.py
remaining time: 1799.0
config 0: relative time 861, remaining time 1797, absolute time 861
args: ['/usr/bin/python3', '/planner/plan.py', 'ipc2018-opt-scorpion', 'domains/recharging_robot_domain.pddl', 'problems/recharging_robot/p06.pddl', 'solutions/recharging_robot/p06_sol.txt', '--config', 'default']
INFO     search stdin: None
INFO     search time limit: 861s
INFO     search memory limit: None
INFO     search command line string: /usr/bin/python3 /planner/plan.py ipc2018-opt-scorpion domains/recharging_robot_domain.pddl problems/recharging_robot/p06.pddl solutions/recharging_robot/p06_sol.txt --config default
INFO     Running translator.
INFO     translator input: ['/home/vidusha/intelligent_systems/planners/hapori-miplan/domains/recharging_robot_domain.pddl', '/home/vidusha/intelligent_systems/planners/hapori-miplan/problems/recharging_robot/p06.pddl']
INFO     translator arguments: []
INFO     translator time limit: 860.98s
INFO     translator memory limit: None
INFO     callstring: /usr/bin/python2 /planner/planners/ipc2018-opt-scorpion/builds/release64/bin/translate/translate.py /home/vidusha/intelligent_systems/planners/hapori-miplan/domains/recharging_robot_domain.pddl /home/vidusha/intelligent_systems/planners/hapori-miplan/problems/recharging_robot/p06.pddl
time limit 860.98 -> (861, 862)
Parsing...
Parsing: [0.000s CPU, 0.004s wall-clock]
Normalizing task... [0.000s CPU, 0.000s wall-clock]
Instantiating...
Generating Datalog program... [0.000s CPU, 0.001s wall-clock]
Normalizing Datalog program...
Normalizing Datalog program: [0.010s CPU, 0.004s wall-clock]
Preparing model... [0.000s CPU, 0.002s wall-clock]
Generated 48 rules.
Computing model... [0.150s CPU, 0.152s wall-clock]
14600 relevant atoms
5566 auxiliary atoms
20166 final queue length
54018 total queue pushes
Completing instantiation... [0.470s CPU, 0.472s wall-clock]
Instantiating: [0.630s CPU, 0.632s wall-clock]
Computing fact groups...
Finding invariants...
12 initial candidates
Finding invariants: [0.010s CPU, 0.011s wall-clock]
Checking invariant weight... [0.000s CPU, 0.000s wall-clock]
Instantiating groups... [0.000s CPU, 0.000s wall-clock]
Collecting mutex groups... [0.000s CPU, 0.000s wall-clock]
Choosing groups...
39 uncovered facts
Choosing groups: [0.000s CPU, 0.000s wall-clock]
Building translation key... [0.000s CPU, 0.000s wall-clock]
Computing fact groups: [0.010s CPU, 0.012s wall-clock]
Building STRIPS to SAS dictionary... [0.000s CPU, 0.000s wall-clock]
Building dictionary for full mutex groups... [0.000s CPU, 0.000s wall-clock]
Building mutex information...
Building mutex information: [0.000s CPU, 0.000s wall-clock]
Translating task...
Processing axioms...
Simplifying axioms... [0.000s CPU, 0.000s wall-clock]
Processing axioms: [0.020s CPU, 0.018s wall-clock]
Translating task: [0.330s CPU, 0.334s wall-clock]
37 effect conditions simplified
0 implied preconditions added
Detecting unreachable propositions...
0 operators removed
0 axioms removed
4 propositions removed
Detecting unreachable propositions: [0.190s CPU, 0.175s wall-clock]
Reordering and filtering variables...
18 of 43 variables necessary.
0 of 4 mutex groups necessary.
8549 of 8549 operators necessary.
1 of 1 axiom rules necessary.
Reordering and filtering variables: [0.030s CPU, 0.034s wall-clock]
Translator variables: 18
Translator derived variables: 1
Translator facts: 118
Translator goal facts: 1
Translator mutex groups: 0
Translator total mutex groups size: 0
Translator operators: 8549
Translator axioms: 1
Translator task size: 57105
Translator peak memory: 76256 KB
Writing output... [0.070s CPU, 0.066s wall-clock]
Done! [1.270s CPU, 1.272s wall-clock]
INFO     Run task transformation (/planner/planners/ipc2018-opt-scorpion/builds/h2-mutexes/bin/preprocess).
INFO     callstring: /planner/planners/ipc2018-opt-scorpion/builds/h2-mutexes/bin/preprocess < output.sas
Building causal graph...
The causal graph is not acyclic.
18 variables of 18 necessary
0 of 0 mutex groups necessary.
8549 of 8549 operators necessary.
1 of 1 axiom rules necessary.
Disabling h2 analysis because it does not currently support axioms
Building domain transition graphs...
solveable in poly time 0
Building successor generator...
Preprocessor variables: 18
Preprocessor facts: 118
Preprocessor derived variables: 1
Preprocessor operators: 8549
Preprocessor mutex groups: 0
Preprocessor task size: 57105
Writing output...
done
INFO     Running search (release64).
INFO     search input: output.sas
INFO     search arguments: []
INFO     search time limit: 859.37s
INFO     search memory limit: None
INFO     search executable: /planner/planners/ipc2018-opt-scorpion/builds/release64/bin/downward
INFO     search portfolio: /planner/planners/ipc2018-opt-scorpion/driver/portfolios/seq_opt_scorpion.py
Task has no conditional effects
Exit codes: <generator object run_opt at 0x7f4cad8dd370>
remaining time: 859.37
config 0: relative time 1, remaining 1
args: ['/planner/planners/ipc2018-opt-scorpion/builds/release64/bin/downward', '--search', 'astar(saturated_cost_partitioning([projections(systematic(2), max_time=100, max_peak_memory=2048), projections(hillclimbing(max_time=100, random_seed=0)), cartesian()], max_time=200, max_optimization_time=2, diversify=true, random_seed=0, orders=greedy(random_seed=0)), pruning=stubborn_sets_simple(min_pruning_ratio=0.2))', '--internal-plan-file', '/home/vidusha/intelligent_systems/planners/hapori-miplan/solutions/recharging_robot/p06_sol.txt']
time limit 859.37 -> (860, 861)
reading input... [t=3.7567e-05s]
done reading input! [t=0.0203451s]
packing state variables...done! [t=0.0203451s]
Variables: 18
FactPairs: 118
Bytes per state: 8
Building successor generator...done! [t=0.0240609s]
peak memory difference for root successor generator creation: 264 KB
time for root successor generation creation: 0.00371585s
done initializing global data [t=0.0240609s]
This configuration does not support axioms!
Terminating.
Tried to use unsupported feature.
Peak memory: 9976 KB
exitcode: 3

Error: Unexpected exit codes: [3]
Command '['run-portfolio', '/planner/planners/ipc2018-opt-scorpion/driver/portfolios/seq_opt_scorpion.py']' returned non-zero exit status 3
Image nick: ipc2018-opt-scorpion
Configs: ['default']
Plan file: /home/vidusha/intelligent_systems/planners/hapori-miplan/solutions/recharging_robot/p06_sol.txt
Run image config default
Calling planner: ['python2', '/planner/planners/ipc2018-opt-scorpion/fast-downward.py', '--build=release64', '--plan-file', '/home/vidusha/intelligent_systems/planners/hapori-miplan/solutions/recharging_robot/p06_sol.txt', '--transform-task', '/planner/planners/ipc2018-opt-scorpion/builds/h2-mutexes/bin/preprocess', '--alias', 'seq-opt-scorpion', '--overall-time-limit', '30m', '/home/vidusha/intelligent_systems/planners/hapori-miplan/domains/recharging_robot_domain.pddl', '/home/vidusha/intelligent_systems/planners/hapori-miplan/problems/recharging_robot/p06.pddl']
Found plan file(s): []
exitcode: 99

remaining time: 1797.24
config 1: relative time 615, remaining time 936, absolute time 1180
args: ['/usr/bin/python3', '/planner/plan.py', 'ipc2014-opt-symba1', 'domains/recharging_robot_domain.pddl', 'problems/recharging_robot/p06.pddl', 'solutions/recharging_robot/p06_sol.txt', '--config', 'default']
INFO     search stdin: None
INFO     search time limit: 1180s
INFO     search memory limit: None
INFO     search command line string: /usr/bin/python3 /planner/plan.py ipc2014-opt-symba1 domains/recharging_robot_domain.pddl problems/recharging_robot/p06.pddl solutions/recharging_robot/p06_sol.txt --config default
1. Running translator
Second argument is a file name: use two translator arguments.
Parsing...
Parsing: [0.010s CPU, 0.002s wall-clock]
Normalizing task... [0.000s CPU, 0.000s wall-clock]
Instantiating...
Generating Datalog program... [0.000s CPU, 0.000s wall-clock]
Normalizing Datalog program...
Normalizing Datalog program: [0.000s CPU, 0.004s wall-clock]
Preparing model... [0.000s CPU, 0.001s wall-clock]
Generated 48 rules.
Computing model... [0.170s CPU, 0.170s wall-clock]
14600 relevant atoms
5566 auxiliary atoms
20166 final queue length
54018 total queue pushes
Completing instantiation... [0.510s CPU, 0.510s wall-clock]
Instantiating: [0.690s CPU, 0.688s wall-clock]
Computing fact groups...
Finding invariants...
12 initial candidates
Finding invariants: [0.010s CPU, 0.011s wall-clock]
Checking invariant weight... [0.000s CPU, 0.000s wall-clock]
Instantiating groups... [0.000s CPU, 0.000s wall-clock]
Collecting mutex groups... [0.000s CPU, 0.000s wall-clock]
Choosing groups...
39 uncovered facts
Choosing groups: [0.000s CPU, 0.000s wall-clock]
Building translation key... [0.000s CPU, 0.000s wall-clock]
Computing fact groups: [0.010s CPU, 0.012s wall-clock]
Building STRIPS to SAS dictionary... [0.000s CPU, 0.000s wall-clock]
Building dictionary for full mutex groups... [0.000s CPU, 0.000s wall-clock]
Building mutex information...
Building mutex information: [0.000s CPU, 0.000s wall-clock]
Translating task...
Processing axioms...
Simplifying axioms... [0.000s CPU, 0.000s wall-clock]
Processing axioms: [0.020s CPU, 0.021s wall-clock]
Translating task: [0.300s CPU, 0.298s wall-clock]
0 implied effects removed
37 effect conditions simplified
0 implied preconditions added
Detecting unreachable propositions...
0 operators removed
4 propositions removed
Detecting unreachable propositions: [0.030s CPU, 0.034s wall-clock]
Translator variables: 43
Translator derived variables: 1
Translator facts: 168
Translator mutex groups: 4
Translator total mutex groups size: 90
Translator operators: 8549
Translator task size: 57553
Translator peak memory: 81824 KB
Writing output... [0.050s CPU, 0.054s wall-clock]
Done! [1.110s CPU, 1.109s wall-clock]

2. Running preprocessor
Building causal graph...
The causal graph is not acyclic.
18 variables of 43 necessary
0 of 4 mutex groups necessary.
8549 of 8549 operators necessary.
1 of 1 axiom rules necessary.
Initializing mutex computation...
Mutex computation initialized with 118 fluents.
iteration for mutex detection and operator pruning
Initialize m_index fw
Initialized mvalues forward: reached=324, notReached=11012, spurious=2588
Initialize m_ops fw
Error, axioms not supported by h2
Image nick: ipc2014-opt-symba1
Configs: ['default']
Plan file: /home/vidusha/intelligent_systems/planners/hapori-miplan/solutions/recharging_robot/p06_sol.txt
Run image config default
Calling planner: ['/planner/planners/ipc2014-opt-symba1/plan', 'seq-opt-symba-1', '/home/vidusha/intelligent_systems/planners/hapori-miplan/domains/recharging_robot_domain.pddl', '/home/vidusha/intelligent_systems/planners/hapori-miplan/problems/recharging_robot/p06.pddl', '/home/vidusha/intelligent_systems/planners/hapori-miplan/solutions/recharging_robot/p06_sol.txt']
Found plan file(s): []
exitcode: 99

remaining time: 1795.94
config 2: relative time 158, remaining time 321, absolute time 883
args: ['/usr/bin/python3', '/planner/plan.py', 'ipc2018-opt-metis', 'domains/recharging_robot_domain.pddl', 'problems/recharging_robot/p06.pddl', 'solutions/recharging_robot/p06_sol.txt', '--config', 'metis2']
INFO     search stdin: None
INFO     search time limit: 883s
INFO     search memory limit: None
INFO     search command line string: /usr/bin/python3 /planner/plan.py ipc2018-opt-metis domains/recharging_robot_domain.pddl problems/recharging_robot/p06.pddl solutions/recharging_robot/p06_sol.txt --config metis2
INFO     Running translator.
INFO     translator input: ['/home/vidusha/intelligent_systems/planners/hapori-miplan/domains/recharging_robot_domain.pddl', '/home/vidusha/intelligent_systems/planners/hapori-miplan/problems/recharging_robot/p06.pddl']
INFO     translator arguments: []
INFO     translator time limit: 882.98s
INFO     translator memory limit: None
INFO     callstring: /usr/bin/python2 /planner/planners/ipc2018-opt-metis/builds/release64/bin/translate/translate.py /home/vidusha/intelligent_systems/planners/hapori-miplan/domains/recharging_robot_domain.pddl /home/vidusha/intelligent_systems/planners/hapori-miplan/problems/recharging_robot/p06.pddl
time limit 882.98 -> (883, 884)
Parsing...
Parsing: [0.000s CPU, 0.003s wall-clock]
Normalizing task... [0.000s CPU, 0.000s wall-clock]
Instantiating...
Generating Datalog program... [0.000s CPU, 0.001s wall-clock]
Normalizing Datalog program...
Normalizing Datalog program: [0.010s CPU, 0.005s wall-clock]
Preparing model... [0.000s CPU, 0.001s wall-clock]
Generated 48 rules.
Computing model... [0.150s CPU, 0.154s wall-clock]
14600 relevant atoms
5566 auxiliary atoms
20166 final queue length
54018 total queue pushes
Completing instantiation... [0.490s CPU, 0.482s wall-clock]
Instantiating: [0.650s CPU, 0.645s wall-clock]
Computing fact groups...
Finding invariants...
12 initial candidates
Finding invariants: [0.010s CPU, 0.012s wall-clock]
Checking invariant weight... [0.000s CPU, 0.000s wall-clock]
Instantiating groups... [0.000s CPU, 0.000s wall-clock]
Collecting mutex groups... [0.000s CPU, 0.000s wall-clock]
Choosing groups...
39 uncovered facts
Choosing groups: [0.000s CPU, 0.000s wall-clock]
Building translation key... [0.000s CPU, 0.000s wall-clock]
Computing fact groups: [0.010s CPU, 0.014s wall-clock]
Building STRIPS to SAS dictionary... [0.000s CPU, 0.000s wall-clock]
Building dictionary for full mutex groups... [0.000s CPU, 0.000s wall-clock]
Building mutex information...
Building mutex information: [0.010s CPU, 0.000s wall-clock]
Translating task...
Processing axioms...
Simplifying axioms... [0.000s CPU, 0.000s wall-clock]
Processing axioms: [0.010s CPU, 0.018s wall-clock]
Translating task: [0.340s CPU, 0.340s wall-clock]
37 effect conditions simplified
0 implied preconditions added
Detecting unreachable propositions...
0 operators removed
0 axioms removed
4 propositions removed
Detecting unreachable propositions: [0.170s CPU, 0.178s wall-clock]
Reordering and filtering variables...
18 of 43 variables necessary.
0 of 4 mutex groups necessary.
8549 of 8549 operators necessary.
1 of 1 axiom rules necessary.
Reordering and filtering variables: [0.030s CPU, 0.034s wall-clock]
Translator variables: 18
Translator derived variables: 1
Translator facts: 118
Translator goal facts: 1
Translator mutex groups: 0
Translator total mutex groups size: 0
Translator operators: 8549
Translator axioms: 1
Translator task size: 57105
Translator peak memory: 76152 KB
Writing output... [0.050s CPU, 0.059s wall-clock]
Done! [1.280s CPU, 1.291s wall-clock]
INFO     Run task transformation (/planner/planners/ipc2018-opt-metis/builds/release64/bin/preprocess).
INFO     callstring: /planner/planners/ipc2018-opt-metis/builds/release64/bin/preprocess < output.sas
Building causal graph...
The causal graph is not acyclic.
18 variables of 18 necessary
0 of 0 mutex groups necessary.
8549 of 8549 operators necessary.
1 of 1 axiom rules necessary.
Disabling h2 analysis because it does not currently support axioms
Building domain transition graphs...
solveable in poly time 0
Building successor generator...
Preprocessor variables: 18
Preprocessor facts: 118
Preprocessor derived variables: 1
Preprocessor operators: 8549
Preprocessor mutex groups: 0
Preprocessor task size: 57105
Writing output...
done
INFO     Running search (release64).
INFO     search input: output.sas
INFO     search arguments: ['--symmetries', 'sym=structural_symmetries(search_symmetries=dks)', '--search', 'astar(max([celmcut,lmcount(lm_factory=lm_merged([lm_rhw,lm_hm(m=1)]),admissible=true,transform=multiply_out_conditional_effects)]),symmetries=sym,pruning=stubborn_sets_simple(minimum_pruning_ratio=0.01),num_por_probes=1000)']
INFO     search time limit: 881.32s
INFO     search memory limit: None
INFO     search executable: /planner/planners/ipc2018-opt-metis/builds/release64/bin/downward
INFO     callstring: /planner/planners/ipc2018-opt-metis/builds/release64/bin/downward --symmetries 'sym=structural_symmetries(search_symmetries=dks)' --search 'astar(max([celmcut,lmcount(lm_factory=lm_merged([lm_rhw,lm_hm(m=1)]),admissible=true,transform=multiply_out_conditional_effects)]),symmetries=sym,pruning=stubborn_sets_simple(minimum_pruning_ratio=0.01),num_por_probes=1000)' --internal-plan-file /home/vidusha/intelligent_systems/planners/hapori-miplan/solutions/recharging_robot/p06_sol.txt < output.sas
time limit 881.32 -> (882, 883)
reading input... [t=0.000119361s]
done reading input! [t=0.0196236s]
packing state variables...done! [t=0.0196236s]
Variables: 18
FactPairs: 118
Bytes per state: 8
Building successor generator...done! [t=0.0246371s]
peak memory difference for root successor generator creation: 264 KB
time for root successor generation creation: 0.00501351s
done initializing global data [t=0.0246371s]
This configuration does not support axioms!
Terminating.
Tried to use unsupported feature.
Peak memory: 9772 KB
Command '['/planner/planners/ipc2018-opt-metis/builds/release64/bin/downward', '--symmetries', 'sym=structural_symmetries(search_symmetries=dks)', '--search', 'astar(max([celmcut,lmcount(lm_factory=lm_merged([lm_rhw,lm_hm(m=1)]),admissible=true,transform=multiply_out_conditional_effects)]),symmetries=sym,pruning=stubborn_sets_simple(minimum_pruning_ratio=0.01),num_por_probes=1000)', '--internal-plan-file', '/home/vidusha/intelligent_systems/planners/hapori-miplan/solutions/recharging_robot/p06_sol.txt']' returned non-zero exit status 3
Image nick: ipc2018-opt-metis
Configs: ['metis2']
Plan file: /home/vidusha/intelligent_systems/planners/hapori-miplan/solutions/recharging_robot/p06_sol.txt
Run image config metis2
Calling planner: ['python2', '/planner/planners/ipc2018-opt-metis/fast-downward.py', '--build=release64', '--plan-file', '/home/vidusha/intelligent_systems/planners/hapori-miplan/solutions/recharging_robot/p06_sol.txt', '--transform-task', '/planner/planners/ipc2018-opt-metis/builds/release64/bin/preprocess', '--overall-time-limit', '30m', '/home/vidusha/intelligent_systems/planners/hapori-miplan/domains/recharging_robot_domain.pddl', '/home/vidusha/intelligent_systems/planners/hapori-miplan/problems/recharging_robot/p06.pddl', '--symmetries', 'sym=structural_symmetries(search_symmetries=dks)', '--search', 'astar(max([celmcut,lmcount(lm_factory=lm_merged([lm_rhw,lm_hm(m=1)]),admissible=true,transform=multiply_out_conditional_effects)]),symmetries=sym,pruning=stubborn_sets_simple(minimum_pruning_ratio=0.01),num_por_probes=1000)']
Found plan file(s): []
exitcode: 99

remaining time: 1794.1499999999999
config 3: relative time 89, remaining time 163, absolute time 979
args: ['/usr/bin/python3', '/planner/plan.py', 'ipc2018-decstar', 'domains/recharging_robot_domain.pddl', 'problems/recharging_robot/p06.pddl', 'solutions/recharging_robot/p06_sol.txt', '--config', 'opt-config06']
INFO     search stdin: None
INFO     search time limit: 979s
INFO     search memory limit: None
INFO     search command line string: /usr/bin/python3 /planner/plan.py ipc2018-decstar domains/recharging_robot_domain.pddl problems/recharging_robot/p06.pddl solutions/recharging_robot/p06_sol.txt --config opt-config06
INFO     Running translator.
INFO     translator inputs: ['/home/vidusha/intelligent_systems/planners/hapori-miplan/domains/recharging_robot_domain.pddl', '/home/vidusha/intelligent_systems/planners/hapori-miplan/problems/recharging_robot/p06.pddl']
INFO     translator arguments: []
Parsing...
Parsing: [0.010s CPU, 0.002s wall-clock]
Normalizing task... [0.000s CPU, 0.000s wall-clock]
Instantiating...
Generating Datalog program... [0.000s CPU, 0.001s wall-clock]
Normalizing Datalog program...
Normalizing Datalog program: [0.000s CPU, 0.003s wall-clock]
Preparing model... [0.000s CPU, 0.001s wall-clock]
Generated 48 rules.
Computing model... [0.170s CPU, 0.171s wall-clock]
14600 relevant atoms
5566 auxiliary atoms
20166 final queue length
54018 total queue pushes
Completing instantiation... [0.540s CPU, 0.538s wall-clock]
Instantiating: [0.710s CPU, 0.718s wall-clock]
Computing fact groups...
Finding invariants...
12 initial candidates
Finding invariants: [0.010s CPU, 0.011s wall-clock]
Checking invariant weight... [0.000s CPU, 0.000s wall-clock]
Instantiating groups... [0.000s CPU, 0.000s wall-clock]
Collecting mutex groups... [0.000s CPU, 0.000s wall-clock]
Choosing groups...
39 uncovered facts
Choosing groups: [0.000s CPU, 0.000s wall-clock]
Building translation key... [0.000s CPU, 0.000s wall-clock]
Computing fact groups: [0.010s CPU, 0.012s wall-clock]
Building STRIPS to SAS dictionary... [0.000s CPU, 0.000s wall-clock]
Building dictionary for full mutex groups... [0.000s CPU, 0.000s wall-clock]
Building mutex information...
Building mutex information: [0.000s CPU, 0.000s wall-clock]
Translating task...
Processing axioms...
Simplifying axioms... [0.000s CPU, 0.000s wall-clock]
Processing axioms: [0.020s CPU, 0.020s wall-clock]
Translating task: [0.300s CPU, 0.300s wall-clock]
37 effect conditions simplified
0 implied preconditions added
Detecting unreachable propositions...
0 operators removed
4 propositions removed
Detecting unreachable propositions: [0.040s CPU, 0.036s wall-clock]
Translator variables: 43
Translator derived variables: 1
Translator facts: 168
Translator goal facts: 1
Translator mutex groups: 4
Translator total mutex groups size: 90
Translator operators: 8549
Translator axioms: 1
Translator task size: 57553
Translator peak memory: 81856 KB
Writing output... [0.060s CPU, 0.054s wall-clock]
Done! [1.150s CPU, 1.141s wall-clock]
INFO     Running preprocessor.
INFO     preprocessor input: output.sas
INFO     preprocessor arguments: ['--h2-time-limit', '120']
Building causal graph...
The causal graph is not acyclic.
18 variables of 43 necessary
0 of 4 mutex groups necessary.
8549 of 8549 operators necessary.
1 of 1 axiom rules necessary.
Disabling h2 analysis because it does not currently support axioms
Building domain transition graphs...
solveable in poly time 0
Building successor generator...
Preprocessor variables: 18
Preprocessor facts: 118
Preprocessor derived variables: 1
Preprocessor operators: 8549
Preprocessor mutex groups: 0
Preprocessor task size: 57105
Writing output...
done
INFO     Running search.
INFO     search input: output
INFO     search executable: /planner/planners/ipc2018-decstar/src/search/downward-release
INFO     search arguments: ['--search', 'astar(blind)', '--internal-plan-file', '/home/vidusha/intelligent_systems/planners/hapori-miplan/solutions/recharging_robot/p06_sol.txt']
reading input... [t=0s]
Simplifying transitions... done!
done reading input! [t=0.05s]
building causal graph...done! [t=0.05s]
Variables: 18
Bytes per state: 8
done! [t=0.05s]
done initalizing global data [t=0.05s]
Conducting best first search with reopening closed nodes, (real) bound = 2147483647
Initializing blind search heuristic...
f = 0 [1 evaluated, 0 expanded, t=0.05s, 14668 KB]
Best heuristic value: 0 [g=0, 1 evaluated, 0 expanded, t=0.05s, 14668 KB]
f = 1 [24 evaluated, 4 expanded, t=0.05s, 14668 KB]
f = 2 [165 evaluated, 44 expanded, t=0.05s, 14668 KB]
f = 3 [617 evaluated, 236 expanded, t=0.05s, 14668 KB]
f = 4 [1508 evaluated, 768 expanded, t=0.06s, 14668 KB]
f = 5 [2973 evaluated, 1784 expanded, t=0.06s, 14668 KB]
f = 6 [5318 evaluated, 3432 expanded, t=0.06s, 14668 KB]
f = 7 [8838 evaluated, 6072 expanded, t=0.06s, 14668 KB]
f = 8 [13883 evaluated, 9976 expanded, t=0.07s, 15024 KB]
Solution found!
Actual search time: 0.02s [t=0.07s]
move robot-00 location-0030 location-0011 battery-0007 battery-0006 (1)
move robot-00 location-0011 location-0025 battery-0006 battery-0005 (1)
move robot-01 location-0012 location-0026 battery-0002 battery-0001 (1)
move robot-01 location-0026 location-0025 battery-0001 battery-0000 (1)
recharge robot-00 robot-01 location-0025 battery-0005 battery-0004 battery-0000 battery-0001 (1)
move robot-01 location-0025 location-0003 battery-0001 battery-0000 (1)
stop-and-guard robot-01 location-0003 (0)
move robot-00 location-0025 location-0018 battery-0004 battery-0003 (1)
move robot-00 location-0018 location-0017 battery-0003 battery-0002 (1)
stop-and-guard robot-00 location-0017 (0)
verify-guard-config config-00 (0)
Plan length: 11 step(s).
Plan cost: 8
Initial state h value: 0.
Expanded 15385 state(s).
Reopened 0 state(s).
Evaluated 19536 state(s).
Evaluations: 19536
Generated 67869 state(s).
Dead ends: 0 state(s).
Expanded until last jump: 9976 state(s).
Reopened until last jump: 0 state(s).
Evaluated until last jump: 13883 state(s).
Generated until last jump: 45562 state(s).
Number of registered states: 19536
Search time: 0.02s
Total time: 0.07s
Solution found.
Peak memory: 15428 KB
Image nick: ipc2018-decstar
Configs: ['opt-config06']
Plan file: /home/vidusha/intelligent_systems/planners/hapori-miplan/solutions/recharging_robot/p06_sol.txt
Run image config opt-config06
Calling planner: ['python2', '/planner/planners/ipc2018-decstar/src/fast-downward.py', '--plan-file', '/home/vidusha/intelligent_systems/planners/hapori-miplan/solutions/recharging_robot/p06_sol.txt', '/home/vidusha/intelligent_systems/planners/hapori-miplan/domains/recharging_robot_domain.pddl', '/home/vidusha/intelligent_systems/planners/hapori-miplan/problems/recharging_robot/p06.pddl', '--preprocess-options', '--h2-time-limit', '120', '--search-options', '--search', 'astar(blind)']
Found plan file(s): ['/home/vidusha/intelligent_systems/planners/hapori-miplan/solutions/recharging_robot/p06_sol.txt']
exitcode: 0

Exit codes: [99, 99, 99, 0]
INFO     Planner time: 6.53s
