INFO     planner time limit: 1800s
INFO     planner memory limit: None

INFO     Running alias (hapori-miplan-all-data-opt).
INFO     search portfolio: /planner/portfolio_driver/portfolios/hapori-miplan-all-data-opt.py
remaining time: 1799.0
config 0: relative time 861, remaining time 1797, absolute time 861
args: ['/usr/bin/python3', '/planner/plan.py', 'ipc2018-opt-scorpion', 'domains/recharging_robot_domain.pddl', 'problems/recharging_robot/p07.pddl', 'solutions/recharging_robot/p07_sol.txt', '--config', 'default']
INFO     search stdin: None
INFO     search time limit: 861s
INFO     search memory limit: None
INFO     search command line string: /usr/bin/python3 /planner/plan.py ipc2018-opt-scorpion domains/recharging_robot_domain.pddl problems/recharging_robot/p07.pddl solutions/recharging_robot/p07_sol.txt --config default
INFO     Running translator.
INFO     translator input: ['/home/vidusha/intelligent_systems/planners/hapori-miplan/domains/recharging_robot_domain.pddl', '/home/vidusha/intelligent_systems/planners/hapori-miplan/problems/recharging_robot/p07.pddl']
INFO     translator arguments: []
INFO     translator time limit: 860.97s
INFO     translator memory limit: None
INFO     callstring: /usr/bin/python2 /planner/planners/ipc2018-opt-scorpion/builds/release64/bin/translate/translate.py /home/vidusha/intelligent_systems/planners/hapori-miplan/domains/recharging_robot_domain.pddl /home/vidusha/intelligent_systems/planners/hapori-miplan/problems/recharging_robot/p07.pddl
time limit 860.97 -> (861, 862)
Parsing...
Parsing: [0.000s CPU, 0.005s wall-clock]
Normalizing task... [0.000s CPU, 0.000s wall-clock]
Instantiating...
Generating Datalog program... [0.000s CPU, 0.001s wall-clock]
Normalizing Datalog program...
Normalizing Datalog program: [0.010s CPU, 0.004s wall-clock]
Preparing model... [0.000s CPU, 0.002s wall-clock]
Generated 48 rules.
Computing model... [0.200s CPU, 0.205s wall-clock]
18048 relevant atoms
7507 auxiliary atoms
25555 final queue length
73832 total queue pushes
Completing instantiation... [0.680s CPU, 0.668s wall-clock]
Instantiating: [0.890s CPU, 0.884s wall-clock]
Computing fact groups...
Finding invariants...
12 initial candidates
Finding invariants: [0.010s CPU, 0.014s wall-clock]
Checking invariant weight... [0.000s CPU, 0.000s wall-clock]
Instantiating groups... [0.000s CPU, 0.000s wall-clock]
Collecting mutex groups... [0.000s CPU, 0.000s wall-clock]
Choosing groups...
58 uncovered facts
Choosing groups: [0.000s CPU, 0.000s wall-clock]
Building translation key... [0.000s CPU, 0.000s wall-clock]
Computing fact groups: [0.010s CPU, 0.016s wall-clock]
Building STRIPS to SAS dictionary... [0.000s CPU, 0.000s wall-clock]
Building dictionary for full mutex groups... [0.000s CPU, 0.000s wall-clock]
Building mutex information...
Building mutex information: [0.000s CPU, 0.000s wall-clock]
Translating task...
Processing axioms...
Simplifying axioms... [0.000s CPU, 0.000s wall-clock]
Processing axioms: [0.030s CPU, 0.024s wall-clock]
Translating task: [0.440s CPU, 0.440s wall-clock]
108 effect conditions simplified
0 implied preconditions added
Detecting unreachable propositions...
0 operators removed
0 axioms removed
4 propositions removed
Detecting unreachable propositions: [0.220s CPU, 0.224s wall-clock]
Reordering and filtering variables...
21 of 62 variables necessary.
0 of 4 mutex groups necessary.
10858 of 10858 operators necessary.
2 of 2 axiom rules necessary.
Reordering and filtering variables: [0.040s CPU, 0.043s wall-clock]
Translator variables: 21
Translator derived variables: 2
Translator facts: 156
Translator goal facts: 2
Translator mutex groups: 0
Translator total mutex groups size: 0
Translator operators: 10858
Translator axioms: 2
Translator task size: 71932
Translator peak memory: 89600 KB
Writing output... [0.070s CPU, 0.069s wall-clock]
Done! [1.690s CPU, 1.699s wall-clock]
INFO     Run task transformation (/planner/planners/ipc2018-opt-scorpion/builds/h2-mutexes/bin/preprocess).
INFO     callstring: /planner/planners/ipc2018-opt-scorpion/builds/h2-mutexes/bin/preprocess < output.sas
Building causal graph...
The causal graph is not acyclic.
21 variables of 21 necessary
0 of 0 mutex groups necessary.
10858 of 10858 operators necessary.
2 of 2 axiom rules necessary.
Disabling h2 analysis because it does not currently support axioms
Building domain transition graphs...
solveable in poly time 0
Building successor generator...
Preprocessor variables: 21
Preprocessor facts: 156
Preprocessor derived variables: 2
Preprocessor operators: 10858
Preprocessor mutex groups: 0
Preprocessor task size: 71932
Writing output...
done
INFO     Running search (release64).
INFO     search input: output.sas
INFO     search arguments: []
INFO     search time limit: 858.86s
INFO     search memory limit: None
INFO     search executable: /planner/planners/ipc2018-opt-scorpion/builds/release64/bin/downward
INFO     search portfolio: /planner/planners/ipc2018-opt-scorpion/driver/portfolios/seq_opt_scorpion.py
Task has no conditional effects
Exit codes: <generator object run_opt at 0x7f73babb0370>
remaining time: 858.86
config 0: relative time 1, remaining 1
args: ['/planner/planners/ipc2018-opt-scorpion/builds/release64/bin/downward', '--search', 'astar(saturated_cost_partitioning([projections(systematic(2), max_time=100, max_peak_memory=2048), projections(hillclimbing(max_time=100, random_seed=0)), cartesian()], max_time=200, max_optimization_time=2, diversify=true, random_seed=0, orders=greedy(random_seed=0)), pruning=stubborn_sets_simple(min_pruning_ratio=0.2))', '--internal-plan-file', '/home/vidusha/intelligent_systems/planners/hapori-miplan/solutions/recharging_robot/p07_sol.txt']
time limit 858.86 -> (859, 860)
reading input... [t=3.1523e-05s]
done reading input! [t=0.0285517s]
packing state variables...done! [t=0.0285517s]
Variables: 21
FactPairs: 156
Bytes per state: 8
Building successor generator...done! [t=0.0285517s]
peak memory difference for root successor generator creation: 1108 KB
time for root successor generation creation: 0s
done initializing global data [t=0.0285517s]
This configuration does not support axioms!
Terminating.
Tried to use unsupported feature.
Peak memory: 10824 KB
exitcode: 3

Error: Unexpected exit codes: [3]
Command '['run-portfolio', '/planner/planners/ipc2018-opt-scorpion/driver/portfolios/seq_opt_scorpion.py']' returned non-zero exit status 3
Image nick: ipc2018-opt-scorpion
Configs: ['default']
Plan file: /home/vidusha/intelligent_systems/planners/hapori-miplan/solutions/recharging_robot/p07_sol.txt
Run image config default
Calling planner: ['python2', '/planner/planners/ipc2018-opt-scorpion/fast-downward.py', '--build=release64', '--plan-file', '/home/vidusha/intelligent_systems/planners/hapori-miplan/solutions/recharging_robot/p07_sol.txt', '--transform-task', '/planner/planners/ipc2018-opt-scorpion/builds/h2-mutexes/bin/preprocess', '--alias', 'seq-opt-scorpion', '--overall-time-limit', '30m', '/home/vidusha/intelligent_systems/planners/hapori-miplan/domains/recharging_robot_domain.pddl', '/home/vidusha/intelligent_systems/planners/hapori-miplan/problems/recharging_robot/p07.pddl']
Found plan file(s): []
exitcode: 99

remaining time: 1796.73
config 1: relative time 615, remaining time 936, absolute time 1180
args: ['/usr/bin/python3', '/planner/plan.py', 'ipc2014-opt-symba1', 'domains/recharging_robot_domain.pddl', 'problems/recharging_robot/p07.pddl', 'solutions/recharging_robot/p07_sol.txt', '--config', 'default']
INFO     search stdin: None
INFO     search time limit: 1180s
INFO     search memory limit: None
INFO     search command line string: /usr/bin/python3 /planner/plan.py ipc2014-opt-symba1 domains/recharging_robot_domain.pddl problems/recharging_robot/p07.pddl solutions/recharging_robot/p07_sol.txt --config default
1. Running translator
Second argument is a file name: use two translator arguments.
Parsing...
Parsing: [0.010s CPU, 0.002s wall-clock]
Normalizing task... [0.000s CPU, 0.000s wall-clock]
Instantiating...
Generating Datalog program... [0.000s CPU, 0.001s wall-clock]
Normalizing Datalog program...
Normalizing Datalog program: [0.000s CPU, 0.004s wall-clock]
Preparing model... [0.000s CPU, 0.002s wall-clock]
Generated 48 rules.
Computing model... [0.210s CPU, 0.209s wall-clock]
18048 relevant atoms
7507 auxiliary atoms
25555 final queue length
73832 total queue pushes
Completing instantiation... [0.830s CPU, 0.834s wall-clock]
Instantiating: [1.040s CPU, 1.054s wall-clock]
Computing fact groups...
Finding invariants...
12 initial candidates
Finding invariants: [0.020s CPU, 0.012s wall-clock]
Checking invariant weight... [0.000s CPU, 0.000s wall-clock]
Instantiating groups... [0.000s CPU, 0.000s wall-clock]
Collecting mutex groups... [0.000s CPU, 0.000s wall-clock]
Choosing groups...
58 uncovered facts
Choosing groups: [0.000s CPU, 0.000s wall-clock]
Building translation key... [0.000s CPU, 0.000s wall-clock]
Computing fact groups: [0.020s CPU, 0.014s wall-clock]
Building STRIPS to SAS dictionary... [0.000s CPU, 0.000s wall-clock]
Building dictionary for full mutex groups... [0.000s CPU, 0.001s wall-clock]
Building mutex information...
Building mutex information: [0.000s CPU, 0.000s wall-clock]
Translating task...
Processing axioms...
Simplifying axioms... [0.000s CPU, 0.000s wall-clock]
Processing axioms: [0.020s CPU, 0.026s wall-clock]
Translating task: [0.370s CPU, 0.370s wall-clock]
0 implied effects removed
108 effect conditions simplified
0 implied preconditions added
Detecting unreachable propositions...
0 operators removed
4 propositions removed
Detecting unreachable propositions: [0.040s CPU, 0.043s wall-clock]
Translator variables: 62
Translator derived variables: 2
Translator facts: 238
Translator mutex groups: 4
Translator total mutex groups size: 122
Translator operators: 10858
Translator task size: 72751
Translator peak memory: 96492 KB
Writing output... [0.070s CPU, 0.069s wall-clock]
Done! [1.580s CPU, 1.576s wall-clock]

2. Running preprocessor
Building causal graph...
The causal graph is not acyclic.
21 variables of 62 necessary
0 of 4 mutex groups necessary.
10858 of 10858 operators necessary.
2 of 2 axiom rules necessary.
Initializing mutex computation...
Mutex computation initialized with 156 fluents.
iteration for mutex detection and operator pruning
Initialize m_index fw
Initialized mvalues forward: reached=441, notReached=18413, spurious=5482
Initialize m_ops fw
Error, axioms not supported by h2
Image nick: ipc2014-opt-symba1
Configs: ['default']
Plan file: /home/vidusha/intelligent_systems/planners/hapori-miplan/solutions/recharging_robot/p07_sol.txt
Run image config default
Calling planner: ['/planner/planners/ipc2014-opt-symba1/plan', 'seq-opt-symba-1', '/home/vidusha/intelligent_systems/planners/hapori-miplan/domains/recharging_robot_domain.pddl', '/home/vidusha/intelligent_systems/planners/hapori-miplan/problems/recharging_robot/p07.pddl', '/home/vidusha/intelligent_systems/planners/hapori-miplan/solutions/recharging_robot/p07_sol.txt']
Found plan file(s): []
exitcode: 99

remaining time: 1794.94
config 2: relative time 158, remaining time 321, absolute time 883
args: ['/usr/bin/python3', '/planner/plan.py', 'ipc2018-opt-metis', 'domains/recharging_robot_domain.pddl', 'problems/recharging_robot/p07.pddl', 'solutions/recharging_robot/p07_sol.txt', '--config', 'metis2']
INFO     search stdin: None
INFO     search time limit: 883s
INFO     search memory limit: None
INFO     search command line string: /usr/bin/python3 /planner/plan.py ipc2018-opt-metis domains/recharging_robot_domain.pddl problems/recharging_robot/p07.pddl solutions/recharging_robot/p07_sol.txt --config metis2
INFO     Running translator.
INFO     translator input: ['/home/vidusha/intelligent_systems/planners/hapori-miplan/domains/recharging_robot_domain.pddl', '/home/vidusha/intelligent_systems/planners/hapori-miplan/problems/recharging_robot/p07.pddl']
INFO     translator arguments: []
INFO     translator time limit: 882.98s
INFO     translator memory limit: None
INFO     callstring: /usr/bin/python2 /planner/planners/ipc2018-opt-metis/builds/release64/bin/translate/translate.py /home/vidusha/intelligent_systems/planners/hapori-miplan/domains/recharging_robot_domain.pddl /home/vidusha/intelligent_systems/planners/hapori-miplan/problems/recharging_robot/p07.pddl
time limit 882.98 -> (883, 884)
Parsing...
Parsing: [0.000s CPU, 0.004s wall-clock]
Normalizing task... [0.000s CPU, 0.000s wall-clock]
Instantiating...
Generating Datalog program... [0.010s CPU, 0.001s wall-clock]
Normalizing Datalog program...
Normalizing Datalog program: [0.000s CPU, 0.004s wall-clock]
Preparing model... [0.000s CPU, 0.002s wall-clock]
Generated 48 rules.
Computing model... [0.200s CPU, 0.200s wall-clock]
18048 relevant atoms
7507 auxiliary atoms
25555 final queue length
73832 total queue pushes
Completing instantiation... [0.660s CPU, 0.662s wall-clock]
Instantiating: [0.870s CPU, 0.871s wall-clock]
Computing fact groups...
Finding invariants...
12 initial candidates
Finding invariants: [0.010s CPU, 0.013s wall-clock]
Checking invariant weight... [0.000s CPU, 0.000s wall-clock]
Instantiating groups... [0.000s CPU, 0.000s wall-clock]
Collecting mutex groups... [0.000s CPU, 0.000s wall-clock]
Choosing groups...
58 uncovered facts
Choosing groups: [0.000s CPU, 0.000s wall-clock]
Building translation key... [0.000s CPU, 0.000s wall-clock]
Computing fact groups: [0.010s CPU, 0.015s wall-clock]
Building STRIPS to SAS dictionary... [0.000s CPU, 0.000s wall-clock]
Building dictionary for full mutex groups... [0.000s CPU, 0.000s wall-clock]
Building mutex information...
Building mutex information: [0.000s CPU, 0.000s wall-clock]
Translating task...
Processing axioms...
Simplifying axioms... [0.000s CPU, 0.000s wall-clock]
Processing axioms: [0.020s CPU, 0.023s wall-clock]
Translating task: [0.440s CPU, 0.432s wall-clock]
108 effect conditions simplified
0 implied preconditions added
Detecting unreachable propositions...
0 operators removed
0 axioms removed
4 propositions removed
Detecting unreachable propositions: [0.240s CPU, 0.241s wall-clock]
Reordering and filtering variables...
21 of 62 variables necessary.
0 of 4 mutex groups necessary.
10858 of 10858 operators necessary.
2 of 2 axiom rules necessary.
Reordering and filtering variables: [0.050s CPU, 0.045s wall-clock]
Translator variables: 21
Translator derived variables: 2
Translator facts: 156
Translator goal facts: 2
Translator mutex groups: 0
Translator total mutex groups size: 0
Translator operators: 10858
Translator axioms: 2
Translator task size: 71932
Translator peak memory: 89604 KB
Writing output... [0.060s CPU, 0.073s wall-clock]
Done! [1.690s CPU, 1.700s wall-clock]
INFO     Run task transformation (/planner/planners/ipc2018-opt-metis/builds/release64/bin/preprocess).
INFO     callstring: /planner/planners/ipc2018-opt-metis/builds/release64/bin/preprocess < output.sas
Building causal graph...
The causal graph is not acyclic.
21 variables of 21 necessary
0 of 0 mutex groups necessary.
10858 of 10858 operators necessary.
2 of 2 axiom rules necessary.
Disabling h2 analysis because it does not currently support axioms
Building domain transition graphs...
solveable in poly time 0
Building successor generator...
Preprocessor variables: 21
Preprocessor facts: 156
Preprocessor derived variables: 2
Preprocessor operators: 10858
Preprocessor mutex groups: 0
Preprocessor task size: 71932
Writing output...
done
INFO     Running search (release64).
INFO     search input: output.sas
INFO     search arguments: ['--symmetries', 'sym=structural_symmetries(search_symmetries=dks)', '--search', 'astar(max([celmcut,lmcount(lm_factory=lm_merged([lm_rhw,lm_hm(m=1)]),admissible=true,transform=multiply_out_conditional_effects)]),symmetries=sym,pruning=stubborn_sets_simple(minimum_pruning_ratio=0.01),num_por_probes=1000)']
INFO     search time limit: 880.85s
INFO     search memory limit: None
INFO     search executable: /planner/planners/ipc2018-opt-metis/builds/release64/bin/downward
INFO     callstring: /planner/planners/ipc2018-opt-metis/builds/release64/bin/downward --symmetries 'sym=structural_symmetries(search_symmetries=dks)' --search 'astar(max([celmcut,lmcount(lm_factory=lm_merged([lm_rhw,lm_hm(m=1)]),admissible=true,transform=multiply_out_conditional_effects)]),symmetries=sym,pruning=stubborn_sets_simple(minimum_pruning_ratio=0.01),num_por_probes=1000)' --internal-plan-file /home/vidusha/intelligent_systems/planners/hapori-miplan/solutions/recharging_robot/p07_sol.txt < output.sas
time limit 880.85 -> (881, 882)
reading input... [t=0.000103354s]
done reading input! [t=0.025217s]
packing state variables...done! [t=0.025217s]
Variables: 21
FactPairs: 156
Bytes per state: 8
Building successor generator...done! [t=0.0292383s]
peak memory difference for root successor generator creation: 1104 KB
time for root successor generation creation: 0s
done initializing global data [t=0.0292383s]
This configuration does not support axioms!
Terminating.
Tried to use unsupported feature.
Peak memory: 10620 KB
Command '['/planner/planners/ipc2018-opt-metis/builds/release64/bin/downward', '--symmetries', 'sym=structural_symmetries(search_symmetries=dks)', '--search', 'astar(max([celmcut,lmcount(lm_factory=lm_merged([lm_rhw,lm_hm(m=1)]),admissible=true,transform=multiply_out_conditional_effects)]),symmetries=sym,pruning=stubborn_sets_simple(minimum_pruning_ratio=0.01),num_por_probes=1000)', '--internal-plan-file', '/home/vidusha/intelligent_systems/planners/hapori-miplan/solutions/recharging_robot/p07_sol.txt']' returned non-zero exit status 3
Image nick: ipc2018-opt-metis
Configs: ['metis2']
Plan file: /home/vidusha/intelligent_systems/planners/hapori-miplan/solutions/recharging_robot/p07_sol.txt
Run image config metis2
Calling planner: ['python2', '/planner/planners/ipc2018-opt-metis/fast-downward.py', '--build=release64', '--plan-file', '/home/vidusha/intelligent_systems/planners/hapori-miplan/solutions/recharging_robot/p07_sol.txt', '--transform-task', '/planner/planners/ipc2018-opt-metis/builds/release64/bin/preprocess', '--overall-time-limit', '30m', '/home/vidusha/intelligent_systems/planners/hapori-miplan/domains/recharging_robot_domain.pddl', '/home/vidusha/intelligent_systems/planners/hapori-miplan/problems/recharging_robot/p07.pddl', '--symmetries', 'sym=structural_symmetries(search_symmetries=dks)', '--search', 'astar(max([celmcut,lmcount(lm_factory=lm_merged([lm_rhw,lm_hm(m=1)]),admissible=true,transform=multiply_out_conditional_effects)]),symmetries=sym,pruning=stubborn_sets_simple(minimum_pruning_ratio=0.01),num_por_probes=1000)']
Found plan file(s): []
exitcode: 99

remaining time: 1792.68
config 3: relative time 89, remaining time 163, absolute time 978
args: ['/usr/bin/python3', '/planner/plan.py', 'ipc2018-decstar', 'domains/recharging_robot_domain.pddl', 'problems/recharging_robot/p07.pddl', 'solutions/recharging_robot/p07_sol.txt', '--config', 'opt-config06']
INFO     search stdin: None
INFO     search time limit: 978s
INFO     search memory limit: None
INFO     search command line string: /usr/bin/python3 /planner/plan.py ipc2018-decstar domains/recharging_robot_domain.pddl problems/recharging_robot/p07.pddl solutions/recharging_robot/p07_sol.txt --config opt-config06
INFO     Running translator.
INFO     translator inputs: ['/home/vidusha/intelligent_systems/planners/hapori-miplan/domains/recharging_robot_domain.pddl', '/home/vidusha/intelligent_systems/planners/hapori-miplan/problems/recharging_robot/p07.pddl']
INFO     translator arguments: []
Parsing...
Parsing: [0.000s CPU, 0.002s wall-clock]
Normalizing task... [0.000s CPU, 0.000s wall-clock]
Instantiating...
Generating Datalog program... [0.010s CPU, 0.001s wall-clock]
Normalizing Datalog program...
Normalizing Datalog program: [0.010s CPU, 0.003s wall-clock]
Preparing model... [0.000s CPU, 0.002s wall-clock]
Generated 48 rules.
Computing model... [0.200s CPU, 0.210s wall-clock]
18048 relevant atoms
7507 auxiliary atoms
25555 final queue length
73832 total queue pushes
Completing instantiation... [0.770s CPU, 0.775s wall-clock]
Instantiating: [1.000s CPU, 0.996s wall-clock]
Computing fact groups...
Finding invariants...
12 initial candidates
Finding invariants: [0.020s CPU, 0.012s wall-clock]
Checking invariant weight... [0.000s CPU, 0.000s wall-clock]
Instantiating groups... [0.000s CPU, 0.000s wall-clock]
Collecting mutex groups... [0.000s CPU, 0.000s wall-clock]
Choosing groups...
58 uncovered facts
Choosing groups: [0.000s CPU, 0.000s wall-clock]
Building translation key... [0.000s CPU, 0.000s wall-clock]
Computing fact groups: [0.020s CPU, 0.014s wall-clock]
Building STRIPS to SAS dictionary... [0.000s CPU, 0.000s wall-clock]
Building dictionary for full mutex groups... [0.000s CPU, 0.001s wall-clock]
Building mutex information...
Building mutex information: [0.000s CPU, 0.000s wall-clock]
Translating task...
Processing axioms...
Simplifying axioms... [0.000s CPU, 0.000s wall-clock]
Processing axioms: [0.020s CPU, 0.026s wall-clock]
Translating task: [0.370s CPU, 0.376s wall-clock]
108 effect conditions simplified
0 implied preconditions added
Detecting unreachable propositions...
0 operators removed
4 propositions removed
Detecting unreachable propositions: [0.050s CPU, 0.048s wall-clock]
Translator variables: 62
Translator derived variables: 2
Translator facts: 238
Translator goal facts: 2
Translator mutex groups: 4
Translator total mutex groups size: 122
Translator operators: 10858
Translator axioms: 2
Translator task size: 72751
Translator peak memory: 96524 KB
Writing output... [0.070s CPU, 0.074s wall-clock]
Done! [1.540s CPU, 1.535s wall-clock]
INFO     Running preprocessor.
INFO     preprocessor input: output.sas
INFO     preprocessor arguments: ['--h2-time-limit', '120']
Building causal graph...
The causal graph is not acyclic.
21 variables of 62 necessary
0 of 4 mutex groups necessary.
10858 of 10858 operators necessary.
2 of 2 axiom rules necessary.
Disabling h2 analysis because it does not currently support axioms
Building domain transition graphs...
solveable in poly time 0
Building successor generator...
Preprocessor variables: 21
Preprocessor facts: 156
Preprocessor derived variables: 2
Preprocessor operators: 10858
Preprocessor mutex groups: 0
Preprocessor task size: 71932
Writing output...
done
INFO     Running search.
INFO     search input: output
INFO     search executable: /planner/planners/ipc2018-decstar/src/search/downward-release
INFO     search arguments: ['--search', 'astar(blind)', '--internal-plan-file', '/home/vidusha/intelligent_systems/planners/hapori-miplan/solutions/recharging_robot/p07_sol.txt']
reading input... [t=0s]
Simplifying transitions... done!
done reading input! [t=0.07s]
building causal graph...done! [t=0.07s]
Variables: 21
Bytes per state: 8
done! [t=0.07s]
done initalizing global data [t=0.07s]
Conducting best first search with reopening closed nodes, (real) bound = 2147483647
Initializing blind search heuristic...
f = 0 [1 evaluated, 0 expanded, t=0.07s, 15536 KB]
Best heuristic value: 0 [g=0, 1 evaluated, 0 expanded, t=0.07s, 15536 KB]
f = 1 [24 evaluated, 4 expanded, t=0.07s, 15536 KB]
f = 2 [176 evaluated, 44 expanded, t=0.07s, 15536 KB]
f = 3 [794 evaluated, 264 expanded, t=0.07s, 15536 KB]
f = 4 [2290 evaluated, 1024 expanded, t=0.07s, 15536 KB]
f = 5 [5353 evaluated, 2868 expanded, t=0.07s, 15536 KB]
f = 6 [11279 evaluated, 6544 expanded, t=0.08s, 15760 KB]
f = 7 [21239 evaluated, 13412 expanded, t=0.09s, 16536 KB]
f = 8 [34338 evaluated, 24380 expanded, t=0.1s, 17584 KB]
Solution found!
Actual search time: 0.04s [t=0.11s]
move robot-01 location-0030 location-0029 battery-0002 battery-0001 (1)
move robot-01 location-0029 location-0028 battery-0001 battery-0000 (1)
stop-and-guard robot-01 location-0028 (0)
verify-guard-config config-00 (0)
move robot-00 location-0050 location-0018 battery-0006 battery-0005 (1)
move robot-00 location-0018 location-0006 battery-0005 battery-0004 (1)
move robot-00 location-0006 location-0000 battery-0004 battery-0003 (1)
move robot-00 location-0000 location-0020 battery-0003 battery-0002 (1)
move robot-00 location-0020 location-0014 battery-0002 battery-0001 (1)
move robot-00 location-0014 location-0032 battery-0001 battery-0000 (1)
stop-and-guard robot-00 location-0032 (0)
verify-guard-config config-01 (0)
Plan length: 12 step(s).
Plan cost: 8
Initial state h value: 0.
Expanded 38137 state(s).
Reopened 0 state(s).
Evaluated 43774 state(s).
Evaluations: 43774
Generated 157064 state(s).
Dead ends: 0 state(s).
Expanded until last jump: 24380 state(s).
Reopened until last jump: 0 state(s).
Evaluated until last jump: 34338 state(s).
Generated until last jump: 114932 state(s).
Number of registered states: 43774
Search time: 0.04s
Total time: 0.11s
Solution found.
Peak memory: 18248 KB
Image nick: ipc2018-decstar
Configs: ['opt-config06']
Plan file: /home/vidusha/intelligent_systems/planners/hapori-miplan/solutions/recharging_robot/p07_sol.txt
Run image config opt-config06
Calling planner: ['python2', '/planner/planners/ipc2018-decstar/src/fast-downward.py', '--plan-file', '/home/vidusha/intelligent_systems/planners/hapori-miplan/solutions/recharging_robot/p07_sol.txt', '/home/vidusha/intelligent_systems/planners/hapori-miplan/domains/recharging_robot_domain.pddl', '/home/vidusha/intelligent_systems/planners/hapori-miplan/problems/recharging_robot/p07.pddl', '--preprocess-options', '--h2-time-limit', '120', '--search-options', '--search', 'astar(blind)']
Found plan file(s): ['/home/vidusha/intelligent_systems/planners/hapori-miplan/solutions/recharging_robot/p07_sol.txt']
exitcode: 0

Exit codes: [99, 99, 99, 0]
INFO     Planner time: 8.53s
