INFO     planner time limit: 1800s
INFO     planner memory limit: None

INFO     Running alias (hapori-miplan-all-data-opt).
INFO     search portfolio: /planner/portfolio_driver/portfolios/hapori-miplan-all-data-opt.py
remaining time: 1799.0
config 0: relative time 861, remaining time 1797, absolute time 861
args: ['/usr/bin/python3', '/planner/plan.py', 'ipc2018-opt-scorpion', 'domains/recharging_robot_domain.pddl', 'problems/recharging_robot/p10.pddl', 'solutions/recharging_robot/p10_sol.txt', '--config', 'default']
INFO     search stdin: None
INFO     search time limit: 861s
INFO     search memory limit: None
INFO     search command line string: /usr/bin/python3 /planner/plan.py ipc2018-opt-scorpion domains/recharging_robot_domain.pddl problems/recharging_robot/p10.pddl solutions/recharging_robot/p10_sol.txt --config default
INFO     Running translator.
INFO     translator input: ['/home/vidusha/intelligent_systems/planners/hapori-miplan/domains/recharging_robot_domain.pddl', '/home/vidusha/intelligent_systems/planners/hapori-miplan/problems/recharging_robot/p10.pddl']
INFO     translator arguments: []
INFO     translator time limit: 860.97s
INFO     translator memory limit: None
INFO     callstring: /usr/bin/python2 /planner/planners/ipc2018-opt-scorpion/builds/release64/bin/translate/translate.py /home/vidusha/intelligent_systems/planners/hapori-miplan/domains/recharging_robot_domain.pddl /home/vidusha/intelligent_systems/planners/hapori-miplan/problems/recharging_robot/p10.pddl
time limit 860.97 -> (861, 862)
Parsing...
Parsing: [0.000s CPU, 0.004s wall-clock]
Normalizing task... [0.000s CPU, 0.000s wall-clock]
Instantiating...
Generating Datalog program... [0.000s CPU, 0.000s wall-clock]
Normalizing Datalog program...
Normalizing Datalog program: [0.000s CPU, 0.004s wall-clock]
Preparing model... [0.000s CPU, 0.002s wall-clock]
Generated 48 rules.
Computing model... [0.460s CPU, 0.451s wall-clock]
59230 relevant atoms
10255 auxiliary atoms
69485 final queue length
191205 total queue pushes
Completing instantiation... [1.880s CPU, 1.876s wall-clock]
Instantiating: [2.340s CPU, 2.341s wall-clock]
Computing fact groups...
Finding invariants...
12 initial candidates
Finding invariants: [0.030s CPU, 0.032s wall-clock]
Checking invariant weight... [0.000s CPU, 0.000s wall-clock]
Instantiating groups... [0.000s CPU, 0.000s wall-clock]
Collecting mutex groups... [0.000s CPU, 0.000s wall-clock]
Choosing groups...
35 uncovered facts
Choosing groups: [0.000s CPU, 0.000s wall-clock]
Building translation key... [0.000s CPU, 0.000s wall-clock]
Computing fact groups: [0.030s CPU, 0.033s wall-clock]
Building STRIPS to SAS dictionary... [0.000s CPU, 0.000s wall-clock]
Building dictionary for full mutex groups... [0.000s CPU, 0.000s wall-clock]
Building mutex information...
Building mutex information: [0.000s CPU, 0.000s wall-clock]
Translating task...
Processing axioms...
Simplifying axioms... [0.000s CPU, 0.000s wall-clock]
Processing axioms: [0.070s CPU, 0.064s wall-clock]
Translating task: [1.390s CPU, 1.383s wall-clock]
33 effect conditions simplified
0 implied preconditions added
Detecting unreachable propositions...
0 operators removed
0 axioms removed
6 propositions removed
Detecting unreachable propositions: [0.720s CPU, 0.724s wall-clock]
Reordering and filtering variables...
22 of 41 variables necessary.
0 of 6 mutex groups necessary.
41167 of 41167 operators necessary.
1 of 1 axiom rules necessary.
Reordering and filtering variables: [0.120s CPU, 0.122s wall-clock]
Translator variables: 22
Translator derived variables: 1
Translator facts: 167
Translator goal facts: 1
Translator mutex groups: 0
Translator total mutex groups size: 0
Translator operators: 41167
Translator axioms: 1
Translator task size: 282510
Translator peak memory: 268280 KB
Writing output... [0.210s CPU, 0.233s wall-clock]
Done! [4.870s CPU, 4.898s wall-clock]
INFO     Run task transformation (/planner/planners/ipc2018-opt-scorpion/builds/h2-mutexes/bin/preprocess).
INFO     callstring: /planner/planners/ipc2018-opt-scorpion/builds/h2-mutexes/bin/preprocess < output.sas
Building causal graph...
The causal graph is not acyclic.
22 variables of 22 necessary
0 of 0 mutex groups necessary.
41167 of 41167 operators necessary.
1 of 1 axiom rules necessary.
Disabling h2 analysis because it does not currently support axioms
Building domain transition graphs...
solveable in poly time 0
Building successor generator...
Preprocessor variables: 22
Preprocessor facts: 167
Preprocessor derived variables: 1
Preprocessor operators: 41167
Preprocessor mutex groups: 0
Preprocessor task size: 282510
Writing output...
done
INFO     Running search (release64).
INFO     search input: output.sas
INFO     search arguments: []
INFO     search time limit: 854.88s
INFO     search memory limit: None
INFO     search executable: /planner/planners/ipc2018-opt-scorpion/builds/release64/bin/downward
INFO     search portfolio: /planner/planners/ipc2018-opt-scorpion/driver/portfolios/seq_opt_scorpion.py
Task has no conditional effects
Exit codes: <generator object run_opt at 0x7f7b453d3370>
remaining time: 854.88
config 0: relative time 1, remaining 1
args: ['/planner/planners/ipc2018-opt-scorpion/builds/release64/bin/downward', '--search', 'astar(saturated_cost_partitioning([projections(systematic(2), max_time=100, max_peak_memory=2048), projections(hillclimbing(max_time=100, random_seed=0)), cartesian()], max_time=200, max_optimization_time=2, diversify=true, random_seed=0, orders=greedy(random_seed=0)), pruning=stubborn_sets_simple(min_pruning_ratio=0.2))', '--internal-plan-file', '/home/vidusha/intelligent_systems/planners/hapori-miplan/solutions/recharging_robot/p10_sol.txt']
time limit 854.88 -> (855, 856)
reading input... [t=2.5334e-05s]
done reading input! [t=0.0879811s]
packing state variables...done! [t=0.0879811s]
Variables: 22
FactPairs: 167
Bytes per state: 8
Building successor generator...done! [t=0.0947456s]
peak memory difference for root successor generator creation: 4076 KB
time for root successor generation creation: 0.00676451s
done initializing global data [t=0.0967498s]
This configuration does not support axioms!
Terminating.
Tried to use unsupported feature.
Peak memory: 27176 KB
exitcode: 3

Error: Unexpected exit codes: [3]
Command '['run-portfolio', '/planner/planners/ipc2018-opt-scorpion/driver/portfolios/seq_opt_scorpion.py']' returned non-zero exit status 3
Image nick: ipc2018-opt-scorpion
Configs: ['default']
Plan file: /home/vidusha/intelligent_systems/planners/hapori-miplan/solutions/recharging_robot/p10_sol.txt
Run image config default
Calling planner: ['python2', '/planner/planners/ipc2018-opt-scorpion/fast-downward.py', '--build=release64', '--plan-file', '/home/vidusha/intelligent_systems/planners/hapori-miplan/solutions/recharging_robot/p10_sol.txt', '--transform-task', '/planner/planners/ipc2018-opt-scorpion/builds/h2-mutexes/bin/preprocess', '--alias', 'seq-opt-scorpion', '--overall-time-limit', '30m', '/home/vidusha/intelligent_systems/planners/hapori-miplan/domains/recharging_robot_domain.pddl', '/home/vidusha/intelligent_systems/planners/hapori-miplan/problems/recharging_robot/p10.pddl']
Found plan file(s): []
exitcode: 99

remaining time: 1792.6
config 1: relative time 615, remaining time 936, absolute time 1177
args: ['/usr/bin/python3', '/planner/plan.py', 'ipc2014-opt-symba1', 'domains/recharging_robot_domain.pddl', 'problems/recharging_robot/p10.pddl', 'solutions/recharging_robot/p10_sol.txt', '--config', 'default']
INFO     search stdin: None
INFO     search time limit: 1177s
INFO     search memory limit: None
INFO     search command line string: /usr/bin/python3 /planner/plan.py ipc2014-opt-symba1 domains/recharging_robot_domain.pddl problems/recharging_robot/p10.pddl solutions/recharging_robot/p10_sol.txt --config default
1. Running translator
Second argument is a file name: use two translator arguments.
Parsing...
Parsing: [0.000s CPU, 0.001s wall-clock]
Normalizing task... [0.000s CPU, 0.000s wall-clock]
Instantiating...
Generating Datalog program... [0.000s CPU, 0.000s wall-clock]
Normalizing Datalog program...
Normalizing Datalog program: [0.010s CPU, 0.002s wall-clock]
Preparing model... [0.000s CPU, 0.001s wall-clock]
Generated 48 rules.
Computing model... [0.460s CPU, 0.468s wall-clock]
59230 relevant atoms
10255 auxiliary atoms
69485 final queue length
191205 total queue pushes
Completing instantiation... [2.500s CPU, 2.508s wall-clock]
Instantiating: [2.990s CPU, 2.990s wall-clock]
Computing fact groups...
Finding invariants...
12 initial candidates
Finding invariants: [0.030s CPU, 0.032s wall-clock]
Checking invariant weight... [0.000s CPU, 0.000s wall-clock]
Instantiating groups... [0.000s CPU, 0.000s wall-clock]
Collecting mutex groups... [0.000s CPU, 0.000s wall-clock]
Choosing groups...
35 uncovered facts
Choosing groups: [0.000s CPU, 0.000s wall-clock]
Building translation key... [0.000s CPU, 0.000s wall-clock]
Computing fact groups: [0.030s CPU, 0.033s wall-clock]
Building STRIPS to SAS dictionary... [0.000s CPU, 0.000s wall-clock]
Building dictionary for full mutex groups... [0.000s CPU, 0.000s wall-clock]
Building mutex information...
Building mutex information: [0.000s CPU, 0.000s wall-clock]
Translating task...
Processing axioms...
Simplifying axioms... [0.000s CPU, 0.000s wall-clock]
Processing axioms: [0.090s CPU, 0.085s wall-clock]
Translating task: [1.120s CPU, 1.113s wall-clock]
0 implied effects removed
33 effect conditions simplified
0 implied preconditions added
Detecting unreachable propositions...
0 operators removed
6 propositions removed
Detecting unreachable propositions: [0.140s CPU, 0.137s wall-clock]
Translator variables: 41
Translator derived variables: 1
Translator facts: 205
Translator mutex groups: 6
Translator total mutex groups size: 135
Translator operators: 41167
Translator task size: 283030
Translator peak memory: 294732 KB
Writing output... [0.200s CPU, 0.210s wall-clock]
Done! [4.560s CPU, 4.568s wall-clock]

2. Running preprocessor
Building causal graph...
The causal graph is not acyclic.
22 variables of 41 necessary
0 of 6 mutex groups necessary.
41167 of 41167 operators necessary.
1 of 1 axiom rules necessary.
Initializing mutex computation...
Mutex computation initialized with 167 fluents.
iteration for mutex detection and operator pruning
Initialize m_index fw
Initialized mvalues forward: reached=484, notReached=24133, spurious=3272
Initialize m_ops fw
Error, axioms not supported by h2
Image nick: ipc2014-opt-symba1
Configs: ['default']
Plan file: /home/vidusha/intelligent_systems/planners/hapori-miplan/solutions/recharging_robot/p10_sol.txt
Run image config default
Calling planner: ['/planner/planners/ipc2014-opt-symba1/plan', 'seq-opt-symba-1', '/home/vidusha/intelligent_systems/planners/hapori-miplan/domains/recharging_robot_domain.pddl', '/home/vidusha/intelligent_systems/planners/hapori-miplan/problems/recharging_robot/p10.pddl', '/home/vidusha/intelligent_systems/planners/hapori-miplan/solutions/recharging_robot/p10_sol.txt']
Found plan file(s): []
exitcode: 99

remaining time: 1787.69
config 2: relative time 158, remaining time 321, absolute time 879
args: ['/usr/bin/python3', '/planner/plan.py', 'ipc2018-opt-metis', 'domains/recharging_robot_domain.pddl', 'problems/recharging_robot/p10.pddl', 'solutions/recharging_robot/p10_sol.txt', '--config', 'metis2']
INFO     search stdin: None
INFO     search time limit: 879s
INFO     search memory limit: None
INFO     search command line string: /usr/bin/python3 /planner/plan.py ipc2018-opt-metis domains/recharging_robot_domain.pddl problems/recharging_robot/p10.pddl solutions/recharging_robot/p10_sol.txt --config metis2
INFO     Running translator.
INFO     translator input: ['/home/vidusha/intelligent_systems/planners/hapori-miplan/domains/recharging_robot_domain.pddl', '/home/vidusha/intelligent_systems/planners/hapori-miplan/problems/recharging_robot/p10.pddl']
INFO     translator arguments: []
INFO     translator time limit: 878.99s
INFO     translator memory limit: None
INFO     callstring: /usr/bin/python2 /planner/planners/ipc2018-opt-metis/builds/release64/bin/translate/translate.py /home/vidusha/intelligent_systems/planners/hapori-miplan/domains/recharging_robot_domain.pddl /home/vidusha/intelligent_systems/planners/hapori-miplan/problems/recharging_robot/p10.pddl
time limit 878.99 -> (879, 880)
Parsing...
Parsing: [0.000s CPU, 0.002s wall-clock]
Normalizing task... [0.000s CPU, 0.000s wall-clock]
Instantiating...
Generating Datalog program... [0.000s CPU, 0.000s wall-clock]
Normalizing Datalog program...
Normalizing Datalog program: [0.000s CPU, 0.003s wall-clock]
Preparing model... [0.000s CPU, 0.001s wall-clock]
Generated 48 rules.
Computing model... [0.430s CPU, 0.432s wall-clock]
59230 relevant atoms
10255 auxiliary atoms
69485 final queue length
191205 total queue pushes
Completing instantiation... [2.170s CPU, 2.173s wall-clock]
Instantiating: [2.610s CPU, 2.618s wall-clock]
Computing fact groups...
Finding invariants...
12 initial candidates
Finding invariants: [0.040s CPU, 0.032s wall-clock]
Checking invariant weight... [0.000s CPU, 0.000s wall-clock]
Instantiating groups... [0.000s CPU, 0.000s wall-clock]
Collecting mutex groups... [0.000s CPU, 0.000s wall-clock]
Choosing groups...
35 uncovered facts
Choosing groups: [0.000s CPU, 0.000s wall-clock]
Building translation key... [0.000s CPU, 0.000s wall-clock]
Computing fact groups: [0.040s CPU, 0.033s wall-clock]
Building STRIPS to SAS dictionary... [0.000s CPU, 0.000s wall-clock]
Building dictionary for full mutex groups... [0.000s CPU, 0.000s wall-clock]
Building mutex information...
Building mutex information: [0.000s CPU, 0.000s wall-clock]
Translating task...
Processing axioms...
Simplifying axioms... [0.000s CPU, 0.000s wall-clock]
Processing axioms: [0.060s CPU, 0.064s wall-clock]
Translating task: [1.380s CPU, 1.388s wall-clock]
33 effect conditions simplified
0 implied preconditions added
Detecting unreachable propositions...
0 operators removed
0 axioms removed
6 propositions removed
Detecting unreachable propositions: [0.750s CPU, 0.748s wall-clock]
Reordering and filtering variables...
22 of 41 variables necessary.
0 of 6 mutex groups necessary.
41167 of 41167 operators necessary.
1 of 1 axiom rules necessary.
Reordering and filtering variables: [0.130s CPU, 0.131s wall-clock]
Translator variables: 22
Translator derived variables: 1
Translator facts: 167
Translator goal facts: 1
Translator mutex groups: 0
Translator total mutex groups size: 0
Translator operators: 41167
Translator axioms: 1
Translator task size: 282510
Translator peak memory: 268280 KB
Writing output... [0.220s CPU, 0.234s wall-clock]
Done! [5.190s CPU, 5.210s wall-clock]
INFO     Run task transformation (/planner/planners/ipc2018-opt-metis/builds/release64/bin/preprocess).
INFO     callstring: /planner/planners/ipc2018-opt-metis/builds/release64/bin/preprocess < output.sas
Building causal graph...
The causal graph is not acyclic.
22 variables of 22 necessary
0 of 0 mutex groups necessary.
41167 of 41167 operators necessary.
1 of 1 axiom rules necessary.
Disabling h2 analysis because it does not currently support axioms
Building domain transition graphs...
solveable in poly time 0
Building successor generator...
Preprocessor variables: 22
Preprocessor facts: 167
Preprocessor derived variables: 1
Preprocessor operators: 41167
Preprocessor mutex groups: 0
Preprocessor task size: 282510
Writing output...
done
INFO     Running search (release64).
INFO     search input: output.sas
INFO     search arguments: ['--symmetries', 'sym=structural_symmetries(search_symmetries=dks)', '--search', 'astar(max([celmcut,lmcount(lm_factory=lm_merged([lm_rhw,lm_hm(m=1)]),admissible=true,transform=multiply_out_conditional_effects)]),symmetries=sym,pruning=stubborn_sets_simple(minimum_pruning_ratio=0.01),num_por_probes=1000)']
INFO     search time limit: 872.56s
INFO     search memory limit: None
INFO     search executable: /planner/planners/ipc2018-opt-metis/builds/release64/bin/downward
INFO     callstring: /planner/planners/ipc2018-opt-metis/builds/release64/bin/downward --symmetries 'sym=structural_symmetries(search_symmetries=dks)' --search 'astar(max([celmcut,lmcount(lm_factory=lm_merged([lm_rhw,lm_hm(m=1)]),admissible=true,transform=multiply_out_conditional_effects)]),symmetries=sym,pruning=stubborn_sets_simple(minimum_pruning_ratio=0.01),num_por_probes=1000)' --internal-plan-file /home/vidusha/intelligent_systems/planners/hapori-miplan/solutions/recharging_robot/p10_sol.txt < output.sas
time limit 872.56 -> (873, 874)
reading input... [t=8.2372e-05s]
done reading input! [t=0.0868063s]
packing state variables...done! [t=0.0868063s]
Variables: 22
FactPairs: 167
Bytes per state: 8
Building successor generator...done! [t=0.0944486s]
peak memory difference for root successor generator creation: 4076 KB
time for root successor generation creation: 0.00764227s
done initializing global data [t=0.0944486s]
This configuration does not support axioms!
Terminating.
Tried to use unsupported feature.
Peak memory: 26972 KB
Command '['/planner/planners/ipc2018-opt-metis/builds/release64/bin/downward', '--symmetries', 'sym=structural_symmetries(search_symmetries=dks)', '--search', 'astar(max([celmcut,lmcount(lm_factory=lm_merged([lm_rhw,lm_hm(m=1)]),admissible=true,transform=multiply_out_conditional_effects)]),symmetries=sym,pruning=stubborn_sets_simple(minimum_pruning_ratio=0.01),num_por_probes=1000)', '--internal-plan-file', '/home/vidusha/intelligent_systems/planners/hapori-miplan/solutions/recharging_robot/p10_sol.txt']' returned non-zero exit status 3
Image nick: ipc2018-opt-metis
Configs: ['metis2']
Plan file: /home/vidusha/intelligent_systems/planners/hapori-miplan/solutions/recharging_robot/p10_sol.txt
Run image config metis2
Calling planner: ['python2', '/planner/planners/ipc2018-opt-metis/fast-downward.py', '--build=release64', '--plan-file', '/home/vidusha/intelligent_systems/planners/hapori-miplan/solutions/recharging_robot/p10_sol.txt', '--transform-task', '/planner/planners/ipc2018-opt-metis/builds/release64/bin/preprocess', '--overall-time-limit', '30m', '/home/vidusha/intelligent_systems/planners/hapori-miplan/domains/recharging_robot_domain.pddl', '/home/vidusha/intelligent_systems/planners/hapori-miplan/problems/recharging_robot/p10.pddl', '--symmetries', 'sym=structural_symmetries(search_symmetries=dks)', '--search', 'astar(max([celmcut,lmcount(lm_factory=lm_merged([lm_rhw,lm_hm(m=1)]),admissible=true,transform=multiply_out_conditional_effects)]),symmetries=sym,pruning=stubborn_sets_simple(minimum_pruning_ratio=0.01),num_por_probes=1000)']
Found plan file(s): []
exitcode: 99

remaining time: 1781.09
config 3: relative time 89, remaining time 163, absolute time 972
args: ['/usr/bin/python3', '/planner/plan.py', 'ipc2018-decstar', 'domains/recharging_robot_domain.pddl', 'problems/recharging_robot/p10.pddl', 'solutions/recharging_robot/p10_sol.txt', '--config', 'opt-config06']
INFO     search stdin: None
INFO     search time limit: 972s
INFO     search memory limit: None
INFO     search command line string: /usr/bin/python3 /planner/plan.py ipc2018-decstar domains/recharging_robot_domain.pddl problems/recharging_robot/p10.pddl solutions/recharging_robot/p10_sol.txt --config opt-config06
INFO     Running translator.
INFO     translator inputs: ['/home/vidusha/intelligent_systems/planners/hapori-miplan/domains/recharging_robot_domain.pddl', '/home/vidusha/intelligent_systems/planners/hapori-miplan/problems/recharging_robot/p10.pddl']
INFO     translator arguments: []
Parsing...
Parsing: [0.000s CPU, 0.001s wall-clock]
Normalizing task... [0.000s CPU, 0.000s wall-clock]
Instantiating...
Generating Datalog program... [0.000s CPU, 0.000s wall-clock]
Normalizing Datalog program...
Normalizing Datalog program: [0.000s CPU, 0.003s wall-clock]
Preparing model... [0.000s CPU, 0.001s wall-clock]
Generated 48 rules.
Computing model... [0.460s CPU, 0.467s wall-clock]
59230 relevant atoms
10255 auxiliary atoms
69485 final queue length
191205 total queue pushes
Completing instantiation... [2.520s CPU, 2.527s wall-clock]
Instantiating: [3.000s CPU, 3.009s wall-clock]
Computing fact groups...
Finding invariants...
12 initial candidates
Finding invariants: [0.030s CPU, 0.032s wall-clock]
Checking invariant weight... [0.000s CPU, 0.000s wall-clock]
Instantiating groups... [0.000s CPU, 0.000s wall-clock]
Collecting mutex groups... [0.000s CPU, 0.000s wall-clock]
Choosing groups...
35 uncovered facts
Choosing groups: [0.000s CPU, 0.000s wall-clock]
Building translation key... [0.000s CPU, 0.000s wall-clock]
Computing fact groups: [0.030s CPU, 0.033s wall-clock]
Building STRIPS to SAS dictionary... [0.000s CPU, 0.000s wall-clock]
Building dictionary for full mutex groups... [0.000s CPU, 0.000s wall-clock]
Building mutex information...
Building mutex information: [0.000s CPU, 0.000s wall-clock]
Translating task...
Processing axioms...
Simplifying axioms... [0.000s CPU, 0.000s wall-clock]
Processing axioms: [0.080s CPU, 0.077s wall-clock]
Translating task: [1.190s CPU, 1.182s wall-clock]
33 effect conditions simplified
0 implied preconditions added
Detecting unreachable propositions...
0 operators removed
6 propositions removed
Detecting unreachable propositions: [0.140s CPU, 0.146s wall-clock]
Translator variables: 41
Translator derived variables: 1
Translator facts: 205
Translator goal facts: 1
Translator mutex groups: 6
Translator total mutex groups size: 135
Translator operators: 41167
Translator axioms: 1
Translator task size: 283030
Translator peak memory: 294948 KB
Writing output... [0.210s CPU, 0.216s wall-clock]
Done! [4.660s CPU, 4.670s wall-clock]
INFO     Running preprocessor.
INFO     preprocessor input: output.sas
INFO     preprocessor arguments: ['--h2-time-limit', '120']
Building causal graph...
The causal graph is not acyclic.
22 variables of 41 necessary
0 of 6 mutex groups necessary.
41167 of 41167 operators necessary.
1 of 1 axiom rules necessary.
Disabling h2 analysis because it does not currently support axioms
Building domain transition graphs...
solveable in poly time 0
Building successor generator...
Preprocessor variables: 22
Preprocessor facts: 167
Preprocessor derived variables: 1
Preprocessor operators: 41167
Preprocessor mutex groups: 0
Preprocessor task size: 282510
Writing output...
done
INFO     Running search.
INFO     search input: output
INFO     search executable: /planner/planners/ipc2018-decstar/src/search/downward-release
INFO     search arguments: ['--search', 'astar(blind)', '--internal-plan-file', '/home/vidusha/intelligent_systems/planners/hapori-miplan/solutions/recharging_robot/p10_sol.txt']
reading input... [t=0s]
Simplifying transitions... done!
done reading input! [t=0.23s]
building causal graph...done! [t=0.23s]
Variables: 22
Bytes per state: 8
done! [t=0.23s]
done initalizing global data [t=0.23s]
Conducting best first search with reopening closed nodes, (real) bound = 2147483647
Initializing blind search heuristic...
f = 0 [1 evaluated, 0 expanded, t=0.23s, 48000 KB]
Best heuristic value: 0 [g=0, 1 evaluated, 0 expanded, t=0.23s, 48000 KB]
f = 1 [56 evaluated, 8 expanded, t=0.23s, 48000 KB]
f = 2 [502 evaluated, 104 expanded, t=0.24s, 48000 KB]
f = 3 [2682 evaluated, 720 expanded, t=0.24s, 48000 KB]
f = 4 [9742 evaluated, 3312 expanded, t=0.24s, 48000 KB]
f = 5 [27212 evaluated, 11400 expanded, t=0.25s, 48688 KB]
f = 6 [61642 evaluated, 30536 expanded, t=0.28s, 49592 KB]
Solution found!
Actual search time: 0.1s [t=0.33s]
move robot-00 location-0013 location-0004 battery-0002 battery-0001 (1)
move robot-00 location-0004 location-0026 battery-0001 battery-0000 (1)
stop-and-guard robot-00 location-0026 (0)
move robot-02 location-0028 location-0027 battery-0010 battery-0009 (1)
move robot-02 location-0027 location-0026 battery-0009 battery-0008 (1)
move robot-02 location-0026 location-0002 battery-0008 battery-0007 (1)
move robot-02 location-0002 location-0008 battery-0007 battery-0006 (1)
stop-and-guard robot-02 location-0008 (0)
verify-guard-config config-00 (0)
Plan length: 9 step(s).
Plan cost: 6
Initial state h value: 0.
Expanded 68073 state(s).
Reopened 0 state(s).
Evaluated 121090 state(s).
Evaluations: 121090
Generated 420502 state(s).
Dead ends: 0 state(s).
Expanded until last jump: 30536 state(s).
Reopened until last jump: 0 state(s).
Evaluated until last jump: 61642 state(s).
Generated until last jump: 193996 state(s).
Number of registered states: 121090
Search time: 0.1s
Total time: 0.33s
Solution found.
Peak memory: 54744 KB
Image nick: ipc2018-decstar
Configs: ['opt-config06']
Plan file: /home/vidusha/intelligent_systems/planners/hapori-miplan/solutions/recharging_robot/p10_sol.txt
Run image config opt-config06
Calling planner: ['python2', '/planner/planners/ipc2018-decstar/src/fast-downward.py', '--plan-file', '/home/vidusha/intelligent_systems/planners/hapori-miplan/solutions/recharging_robot/p10_sol.txt', '/home/vidusha/intelligent_systems/planners/hapori-miplan/domains/recharging_robot_domain.pddl', '/home/vidusha/intelligent_systems/planners/hapori-miplan/problems/recharging_robot/p10.pddl', '--preprocess-options', '--h2-time-limit', '120', '--search-options', '--search', 'astar(blind)']
Found plan file(s): ['/home/vidusha/intelligent_systems/planners/hapori-miplan/solutions/recharging_robot/p10_sol.txt']
exitcode: 0

Exit codes: [99, 99, 99, 0]
INFO     Planner time: 24.24s
