INFO     planner time limit: 1800s
INFO     planner memory limit: None

INFO     Running alias (hapori-miplan-all-data-opt).
INFO     search portfolio: /planner/portfolio_driver/portfolios/hapori-miplan-all-data-opt.py
remaining time: 1799.0
config 0: relative time 861, remaining time 1797, absolute time 861
args: ['/usr/bin/python3', '/planner/plan.py', 'ipc2018-opt-scorpion', 'domains/recharging_robot_domain.pddl', 'problems/recharging_robot/p13.pddl', 'solutions/recharging_robot/p13_sol.txt', '--config', 'default']
INFO     search stdin: None
INFO     search time limit: 861s
INFO     search memory limit: None
INFO     search command line string: /usr/bin/python3 /planner/plan.py ipc2018-opt-scorpion domains/recharging_robot_domain.pddl problems/recharging_robot/p13.pddl solutions/recharging_robot/p13_sol.txt --config default
INFO     Running translator.
INFO     translator input: ['/home/vidusha/intelligent_systems/planners/hapori-miplan/domains/recharging_robot_domain.pddl', '/home/vidusha/intelligent_systems/planners/hapori-miplan/problems/recharging_robot/p13.pddl']
INFO     translator arguments: []
INFO     translator time limit: 860.97s
INFO     translator memory limit: None
INFO     callstring: /usr/bin/python2 /planner/planners/ipc2018-opt-scorpion/builds/release64/bin/translate/translate.py /home/vidusha/intelligent_systems/planners/hapori-miplan/domains/recharging_robot_domain.pddl /home/vidusha/intelligent_systems/planners/hapori-miplan/problems/recharging_robot/p13.pddl
time limit 860.97 -> (861, 862)
Parsing...
Parsing: [0.010s CPU, 0.004s wall-clock]
Normalizing task... [0.000s CPU, 0.000s wall-clock]
Instantiating...
Generating Datalog program... [0.000s CPU, 0.001s wall-clock]
Normalizing Datalog program...
Normalizing Datalog program: [0.000s CPU, 0.003s wall-clock]
Preparing model... [0.000s CPU, 0.002s wall-clock]
Generated 48 rules.
Computing model... [5.210s CPU, 5.200s wall-clock]
566716 relevant atoms
43425 auxiliary atoms
610141 final queue length
1761294 total queue pushes
Completing instantiation... [24.270s CPU, 24.285s wall-clock]
Instantiating: [29.590s CPU, 29.597s wall-clock]
Computing fact groups...
Finding invariants...
12 initial candidates
Finding invariants: [0.350s CPU, 0.620s wall-clock]
Checking invariant weight... [0.000s CPU, 0.000s wall-clock]
Instantiating groups... [0.000s CPU, 0.001s wall-clock]
Collecting mutex groups... [0.000s CPU, 0.000s wall-clock]
Choosing groups...
69 uncovered facts
Choosing groups: [0.000s CPU, 0.001s wall-clock]
Building translation key... [0.000s CPU, 0.000s wall-clock]
Computing fact groups: [0.350s CPU, 0.623s wall-clock]
Building STRIPS to SAS dictionary... [0.000s CPU, 0.000s wall-clock]
Building dictionary for full mutex groups... [0.000s CPU, 0.000s wall-clock]
Building mutex information...
Building mutex information: [0.000s CPU, 0.000s wall-clock]
Translating task...
Processing axioms...
Simplifying axioms... [0.000s CPU, 0.000s wall-clock]
Processing axioms: [0.650s CPU, 0.645s wall-clock]
Translating task: [15.640s CPU, 15.645s wall-clock]
130 effect conditions simplified
0 implied preconditions added
Detecting unreachable propositions...
0 operators removed
0 axioms removed
6 propositions removed
Detecting unreachable propositions: [11.190s CPU, 11.190s wall-clock]
Reordering and filtering variables...
45 of 75 variables necessary.
0 of 6 mutex groups necessary.
387068 of 387068 operators necessary.
2 of 2 axiom rules necessary.
Reordering and filtering variables: [1.990s CPU, 1.998s wall-clock]
Translator variables: 45
Translator derived variables: 2
Translator facts: 360
Translator goal facts: 2
Translator mutex groups: 0
Translator total mutex groups size: 0
Translator operators: 387068
Translator axioms: 2
Translator task size: 2680624
Translator peak memory: 2312116 KB
Writing output... [4.030s CPU, 14.852s wall-clock]
Done! [63.710s CPU, 74.818s wall-clock]
INFO     Run task transformation (/planner/planners/ipc2018-opt-scorpion/builds/h2-mutexes/bin/preprocess).
INFO     callstring: /planner/planners/ipc2018-opt-scorpion/builds/h2-mutexes/bin/preprocess < output.sas
Building causal graph...
The causal graph is not acyclic.
45 variables of 45 necessary
0 of 0 mutex groups necessary.
387068 of 387068 operators necessary.
2 of 2 axiom rules necessary.
Disabling h2 analysis because it does not currently support axioms
Building domain transition graphs...
solveable in poly time 0
Building successor generator...
Preprocessor variables: 45
Preprocessor facts: 360
Preprocessor derived variables: 2
Preprocessor operators: 387068
Preprocessor mutex groups: 0
Preprocessor task size: 2680624
Writing output...
done
INFO     Running search (release64).
INFO     search input: output.sas
INFO     search arguments: []
INFO     search time limit: 775.34s
INFO     search memory limit: None
INFO     search executable: /planner/planners/ipc2018-opt-scorpion/builds/release64/bin/downward
INFO     search portfolio: /planner/planners/ipc2018-opt-scorpion/driver/portfolios/seq_opt_scorpion.py
Task has no conditional effects
Exit codes: <generator object run_opt at 0x7f736d483370>
remaining time: 775.34
config 0: relative time 1, remaining 1
args: ['/planner/planners/ipc2018-opt-scorpion/builds/release64/bin/downward', '--search', 'astar(saturated_cost_partitioning([projections(systematic(2), max_time=100, max_peak_memory=2048), projections(hillclimbing(max_time=100, random_seed=0)), cartesian()], max_time=200, max_optimization_time=2, diversify=true, random_seed=0, orders=greedy(random_seed=0)), pruning=stubborn_sets_simple(min_pruning_ratio=0.2))', '--internal-plan-file', '/home/vidusha/intelligent_systems/planners/hapori-miplan/solutions/recharging_robot/p13_sol.txt']
time limit 775.34 -> (776, 777)
reading input... [t=2.5561e-05s]
done reading input! [t=0.910138s]
packing state variables...done! [t=0.910138s]
Variables: 45
FactPairs: 360
Bytes per state: 12
Building successor generator...done! [t=1.02607s]
peak memory difference for root successor generator creation: 45956 KB
time for root successor generation creation: 0.11593s
done initializing global data [t=1.02607s]
This configuration does not support axioms!
Terminating.
Tried to use unsupported feature.
Peak memory: 203264 KB
exitcode: 3

Error: Unexpected exit codes: [3]
Command '['run-portfolio', '/planner/planners/ipc2018-opt-scorpion/driver/portfolios/seq_opt_scorpion.py']' returned non-zero exit status 3
Image nick: ipc2018-opt-scorpion
Configs: ['default']
Plan file: /home/vidusha/intelligent_systems/planners/hapori-miplan/solutions/recharging_robot/p13_sol.txt
Run image config default
Calling planner: ['python2', '/planner/planners/ipc2018-opt-scorpion/fast-downward.py', '--build=release64', '--plan-file', '/home/vidusha/intelligent_systems/planners/hapori-miplan/solutions/recharging_robot/p13_sol.txt', '--transform-task', '/planner/planners/ipc2018-opt-scorpion/builds/h2-mutexes/bin/preprocess', '--alias', 'seq-opt-scorpion', '--overall-time-limit', '30m', '/home/vidusha/intelligent_systems/planners/hapori-miplan/domains/recharging_robot_domain.pddl', '/home/vidusha/intelligent_systems/planners/hapori-miplan/problems/recharging_robot/p13.pddl']
Found plan file(s): []
exitcode: 99

remaining time: 1710.76
config 1: relative time 615, remaining time 936, absolute time 1124
args: ['/usr/bin/python3', '/planner/plan.py', 'ipc2014-opt-symba1', 'domains/recharging_robot_domain.pddl', 'problems/recharging_robot/p13.pddl', 'solutions/recharging_robot/p13_sol.txt', '--config', 'default']
INFO     search stdin: None
INFO     search time limit: 1124s
INFO     search memory limit: None
INFO     search command line string: /usr/bin/python3 /planner/plan.py ipc2014-opt-symba1 domains/recharging_robot_domain.pddl problems/recharging_robot/p13.pddl solutions/recharging_robot/p13_sol.txt --config default
1. Running translator
Second argument is a file name: use two translator arguments.
Parsing...
Parsing: [0.000s CPU, 0.003s wall-clock]
Normalizing task... [0.000s CPU, 0.000s wall-clock]
Instantiating...
Generating Datalog program... [0.000s CPU, 0.001s wall-clock]
Normalizing Datalog program...
Normalizing Datalog program: [0.000s CPU, 0.004s wall-clock]
Preparing model... [0.010s CPU, 0.002s wall-clock]
Generated 48 rules.
Computing model... [5.560s CPU, 5.564s wall-clock]
566716 relevant atoms
43425 auxiliary atoms
610141 final queue length
1761294 total queue pushes
Completing instantiation... [24.390s CPU, 24.387s wall-clock]
Instantiating: [30.090s CPU, 30.091s wall-clock]
Computing fact groups...
Finding invariants...
12 initial candidates
Finding invariants: [0.340s CPU, 0.337s wall-clock]
Checking invariant weight... [0.000s CPU, 0.000s wall-clock]
Instantiating groups... [0.000s CPU, 0.001s wall-clock]
Collecting mutex groups... [0.000s CPU, 0.000s wall-clock]
Choosing groups...
69 uncovered facts
Choosing groups: [0.000s CPU, 0.000s wall-clock]
Building translation key... [0.000s CPU, 0.000s wall-clock]
Computing fact groups: [0.340s CPU, 0.340s wall-clock]
Building STRIPS to SAS dictionary... [0.000s CPU, 0.000s wall-clock]
Building dictionary for full mutex groups... [0.000s CPU, 0.000s wall-clock]
Building mutex information...
Building mutex information: [0.000s CPU, 0.000s wall-clock]
Translating task...
Processing axioms...
Simplifying axioms... [0.000s CPU, 0.000s wall-clock]
Processing axioms: [0.750s CPU, 0.748s wall-clock]
Translating task: [12.770s CPU, 12.774s wall-clock]
0 implied effects removed
130 effect conditions simplified
0 implied preconditions added
Detecting unreachable propositions...
0 operators removed
6 propositions removed
Detecting unreachable propositions: [1.590s CPU, 1.584s wall-clock]
Translator variables: 75
Translator derived variables: 2
Translator facts: 420
Translator mutex groups: 6
Translator total mutex groups size: 282
Translator operators: 387068
Translator task size: 2681599
Translator peak memory: 2566908 KB
Writing output... [2.610s CPU, 6.790s wall-clock]
Done! [48.280s CPU, 52.463s wall-clock]

2. Running preprocessor
Building causal graph...
The causal graph is not acyclic.
45 variables of 75 necessary
0 of 6 mutex groups necessary.
387068 of 387068 operators necessary.
2 of 2 axiom rules necessary.
Initializing mutex computation...
Mutex computation initialized with 360 fluents.
iteration for mutex detection and operator pruning
Initialize m_index fw
Initialized mvalues forward: reached=2025, notReached=113175, spurious=14400
Initialize m_ops fw
Error, axioms not supported by h2
Image nick: ipc2014-opt-symba1
Configs: ['default']
Plan file: /home/vidusha/intelligent_systems/planners/hapori-miplan/solutions/recharging_robot/p13_sol.txt
Run image config default
Calling planner: ['/planner/planners/ipc2014-opt-symba1/plan', 'seq-opt-symba-1', '/home/vidusha/intelligent_systems/planners/hapori-miplan/domains/recharging_robot_domain.pddl', '/home/vidusha/intelligent_systems/planners/hapori-miplan/problems/recharging_robot/p13.pddl', '/home/vidusha/intelligent_systems/planners/hapori-miplan/solutions/recharging_robot/p13_sol.txt']
Found plan file(s): []
exitcode: 99

remaining time: 1658.6499999999999
config 2: relative time 158, remaining time 321, absolute time 816
args: ['/usr/bin/python3', '/planner/plan.py', 'ipc2018-opt-metis', 'domains/recharging_robot_domain.pddl', 'problems/recharging_robot/p13.pddl', 'solutions/recharging_robot/p13_sol.txt', '--config', 'metis2']
INFO     search stdin: None
INFO     search time limit: 816s
INFO     search memory limit: None
INFO     search command line string: /usr/bin/python3 /planner/plan.py ipc2018-opt-metis domains/recharging_robot_domain.pddl problems/recharging_robot/p13.pddl solutions/recharging_robot/p13_sol.txt --config metis2
INFO     Running translator.
INFO     translator input: ['/home/vidusha/intelligent_systems/planners/hapori-miplan/domains/recharging_robot_domain.pddl', '/home/vidusha/intelligent_systems/planners/hapori-miplan/problems/recharging_robot/p13.pddl']
INFO     translator arguments: []
INFO     translator time limit: 815.98s
INFO     translator memory limit: None
INFO     callstring: /usr/bin/python2 /planner/planners/ipc2018-opt-metis/builds/release64/bin/translate/translate.py /home/vidusha/intelligent_systems/planners/hapori-miplan/domains/recharging_robot_domain.pddl /home/vidusha/intelligent_systems/planners/hapori-miplan/problems/recharging_robot/p13.pddl
time limit 815.98 -> (816, 817)
Parsing...
Parsing: [0.000s CPU, 0.003s wall-clock]
Normalizing task... [0.000s CPU, 0.000s wall-clock]
Instantiating...
Generating Datalog program... [0.000s CPU, 0.001s wall-clock]
Normalizing Datalog program...
Normalizing Datalog program: [0.000s CPU, 0.003s wall-clock]
Preparing model... [0.000s CPU, 0.002s wall-clock]
Generated 48 rules.
Computing model... [5.000s CPU, 4.992s wall-clock]
566716 relevant atoms
43425 auxiliary atoms
610141 final queue length
1761294 total queue pushes
Completing instantiation... [31.310s CPU, 31.321s wall-clock]
Instantiating: [36.460s CPU, 36.470s wall-clock]
Computing fact groups...
Finding invariants...
12 initial candidates
Finding invariants: [0.490s CPU, 0.493s wall-clock]
Checking invariant weight... [0.000s CPU, 0.000s wall-clock]
Instantiating groups... [0.000s CPU, 0.001s wall-clock]
Collecting mutex groups... [0.000s CPU, 0.000s wall-clock]
Choosing groups...
69 uncovered facts
Choosing groups: [0.000s CPU, 0.001s wall-clock]
Building translation key... [0.000s CPU, 0.001s wall-clock]
Computing fact groups: [0.490s CPU, 0.498s wall-clock]
Building STRIPS to SAS dictionary... [0.000s CPU, 0.000s wall-clock]
Building dictionary for full mutex groups... [0.000s CPU, 0.000s wall-clock]
Building mutex information...
Building mutex information: [0.000s CPU, 0.000s wall-clock]
Translating task...
Processing axioms...
Simplifying axioms... [0.000s CPU, 0.000s wall-clock]
Processing axioms: [0.860s CPU, 0.855s wall-clock]
Translating task: [20.820s CPU, 20.821s wall-clock]
130 effect conditions simplified
0 implied preconditions added
Detecting unreachable propositions...
0 operators removed
0 axioms removed
6 propositions removed
Detecting unreachable propositions: [9.440s CPU, 9.439s wall-clock]
Reordering and filtering variables...
45 of 75 variables necessary.
0 of 6 mutex groups necessary.
387068 of 387068 operators necessary.
2 of 2 axiom rules necessary.
Reordering and filtering variables: [2.350s CPU, 2.359s wall-clock]
Translator variables: 45
Translator derived variables: 2
Translator facts: 360
Translator goal facts: 2
Translator mutex groups: 0
Translator total mutex groups size: 0
Translator operators: 387068
Translator axioms: 2
Translator task size: 2680624
Translator peak memory: 2312120 KB
Writing output... [3.480s CPU, 7.605s wall-clock]
Done! [73.800s CPU, 77.953s wall-clock]
INFO     Run task transformation (/planner/planners/ipc2018-opt-metis/builds/release64/bin/preprocess).
INFO     callstring: /planner/planners/ipc2018-opt-metis/builds/release64/bin/preprocess < output.sas
Building causal graph...
The causal graph is not acyclic.
45 variables of 45 necessary
0 of 0 mutex groups necessary.
387068 of 387068 operators necessary.
2 of 2 axiom rules necessary.
Disabling h2 analysis because it does not currently support axioms
Building domain transition graphs...
solveable in poly time 0
Building successor generator...
Preprocessor variables: 45
Preprocessor facts: 360
Preprocessor derived variables: 2
Preprocessor operators: 387068
Preprocessor mutex groups: 0
Preprocessor task size: 2680624
Writing output...
done
INFO     Running search (release64).
INFO     search input: output.sas
INFO     search arguments: ['--symmetries', 'sym=structural_symmetries(search_symmetries=dks)', '--search', 'astar(max([celmcut,lmcount(lm_factory=lm_merged([lm_rhw,lm_hm(m=1)]),admissible=true,transform=multiply_out_conditional_effects)]),symmetries=sym,pruning=stubborn_sets_simple(minimum_pruning_ratio=0.01),num_por_probes=1000)']
INFO     search time limit: 717.65s
INFO     search memory limit: None
INFO     search executable: /planner/planners/ipc2018-opt-metis/builds/release64/bin/downward
INFO     callstring: /planner/planners/ipc2018-opt-metis/builds/release64/bin/downward --symmetries 'sym=structural_symmetries(search_symmetries=dks)' --search 'astar(max([celmcut,lmcount(lm_factory=lm_merged([lm_rhw,lm_hm(m=1)]),admissible=true,transform=multiply_out_conditional_effects)]),symmetries=sym,pruning=stubborn_sets_simple(minimum_pruning_ratio=0.01),num_por_probes=1000)' --internal-plan-file /home/vidusha/intelligent_systems/planners/hapori-miplan/solutions/recharging_robot/p13_sol.txt < output.sas
time limit 717.65 -> (718, 719)
reading input... [t=0.00012739s]
done reading input! [t=1.3521s]
packing state variables...done! [t=1.3521s]
Variables: 45
FactPairs: 360
Bytes per state: 12
Building successor generator...done! [t=1.50378s]
peak memory difference for root successor generator creation: 45960 KB
time for root successor generation creation: 0.151677s
done initializing global data [t=1.50778s]
This configuration does not support axioms!
Terminating.
Tried to use unsupported feature.
Peak memory: 203064 KB
Command '['/planner/planners/ipc2018-opt-metis/builds/release64/bin/downward', '--symmetries', 'sym=structural_symmetries(search_symmetries=dks)', '--search', 'astar(max([celmcut,lmcount(lm_factory=lm_merged([lm_rhw,lm_hm(m=1)]),admissible=true,transform=multiply_out_conditional_effects)]),symmetries=sym,pruning=stubborn_sets_simple(minimum_pruning_ratio=0.01),num_por_probes=1000)', '--internal-plan-file', '/home/vidusha/intelligent_systems/planners/hapori-miplan/solutions/recharging_robot/p13_sol.txt']' returned non-zero exit status 3
Image nick: ipc2018-opt-metis
Configs: ['metis2']
Plan file: /home/vidusha/intelligent_systems/planners/hapori-miplan/solutions/recharging_robot/p13_sol.txt
Run image config metis2
Calling planner: ['python2', '/planner/planners/ipc2018-opt-metis/fast-downward.py', '--build=release64', '--plan-file', '/home/vidusha/intelligent_systems/planners/hapori-miplan/solutions/recharging_robot/p13_sol.txt', '--transform-task', '/planner/planners/ipc2018-opt-metis/builds/release64/bin/preprocess', '--overall-time-limit', '30m', '/home/vidusha/intelligent_systems/planners/hapori-miplan/domains/recharging_robot_domain.pddl', '/home/vidusha/intelligent_systems/planners/hapori-miplan/problems/recharging_robot/p13.pddl', '--symmetries', 'sym=structural_symmetries(search_symmetries=dks)', '--search', 'astar(max([celmcut,lmcount(lm_factory=lm_merged([lm_rhw,lm_hm(m=1)]),admissible=true,transform=multiply_out_conditional_effects)]),symmetries=sym,pruning=stubborn_sets_simple(minimum_pruning_ratio=0.01),num_por_probes=1000)']
Found plan file(s): []
exitcode: 99

remaining time: 1558.71
config 3: relative time 89, remaining time 163, absolute time 851
args: ['/usr/bin/python3', '/planner/plan.py', 'ipc2018-decstar', 'domains/recharging_robot_domain.pddl', 'problems/recharging_robot/p13.pddl', 'solutions/recharging_robot/p13_sol.txt', '--config', 'opt-config06']
INFO     search stdin: None
INFO     search time limit: 851s
INFO     search memory limit: None
INFO     search command line string: /usr/bin/python3 /planner/plan.py ipc2018-decstar domains/recharging_robot_domain.pddl problems/recharging_robot/p13.pddl solutions/recharging_robot/p13_sol.txt --config opt-config06
INFO     Running translator.
INFO     translator inputs: ['/home/vidusha/intelligent_systems/planners/hapori-miplan/domains/recharging_robot_domain.pddl', '/home/vidusha/intelligent_systems/planners/hapori-miplan/problems/recharging_robot/p13.pddl']
INFO     translator arguments: []
Parsing...
Parsing: [0.000s CPU, 0.003s wall-clock]
Normalizing task... [0.000s CPU, 0.000s wall-clock]
Instantiating...
Generating Datalog program... [0.000s CPU, 0.001s wall-clock]
Normalizing Datalog program...
Normalizing Datalog program: [0.010s CPU, 0.004s wall-clock]
Preparing model... [0.000s CPU, 0.003s wall-clock]
Generated 48 rules.
Computing model... [7.480s CPU, 7.484s wall-clock]
566716 relevant atoms
43425 auxiliary atoms
610141 final queue length
1761294 total queue pushes
Completing instantiation... [29.030s CPU, 29.045s wall-clock]
Instantiating: [36.700s CPU, 36.705s wall-clock]
Computing fact groups...
Finding invariants...
12 initial candidates
Finding invariants: [0.520s CPU, 0.521s wall-clock]
Checking invariant weight... [0.000s CPU, 0.000s wall-clock]
Instantiating groups... [0.000s CPU, 0.001s wall-clock]
Collecting mutex groups... [0.000s CPU, 0.000s wall-clock]
Choosing groups...
69 uncovered facts
Choosing groups: [0.000s CPU, 0.001s wall-clock]
Building translation key... [0.000s CPU, 0.000s wall-clock]
Computing fact groups: [0.520s CPU, 0.525s wall-clock]
Building STRIPS to SAS dictionary... [0.000s CPU, 0.000s wall-clock]
Building dictionary for full mutex groups... [0.000s CPU, 0.000s wall-clock]
Building mutex information...
Building mutex information: [0.000s CPU, 0.000s wall-clock]
Translating task...
Processing axioms...
Simplifying axioms... [0.000s CPU, 0.000s wall-clock]
Processing axioms: [1.100s CPU, 1.104s wall-clock]
Translating task: [16.980s CPU, 16.987s wall-clock]
130 effect conditions simplified
0 implied preconditions added
Detecting unreachable propositions...
0 operators removed
6 propositions removed
Detecting unreachable propositions: [2.120s CPU, 2.120s wall-clock]
Translator variables: 75
Translator derived variables: 2
Translator facts: 420
Translator goal facts: 2
Translator mutex groups: 6
Translator total mutex groups size: 282
Translator operators: 387068
Translator axioms: 2
Translator task size: 2681599
Translator peak memory: 2567208 KB
Writing output... [3.200s CPU, 3.293s wall-clock]
Done! [60.580s CPU, 60.698s wall-clock]
INFO     Running preprocessor.
INFO     preprocessor input: output.sas
INFO     preprocessor arguments: ['--h2-time-limit', '120']
Building causal graph...
The causal graph is not acyclic.
45 variables of 75 necessary
0 of 6 mutex groups necessary.
387068 of 387068 operators necessary.
2 of 2 axiom rules necessary.
Disabling h2 analysis because it does not currently support axioms
Building domain transition graphs...
solveable in poly time 0
Building successor generator...
Preprocessor variables: 45
Preprocessor facts: 360
Preprocessor derived variables: 2
Preprocessor operators: 387068
Preprocessor mutex groups: 0
Preprocessor task size: 2680624
Writing output...
done
INFO     Running search.
INFO     search input: output
INFO     search executable: /planner/planners/ipc2018-decstar/src/search/downward-release
INFO     search arguments: ['--search', 'astar(blind)', '--internal-plan-file', '/home/vidusha/intelligent_systems/planners/hapori-miplan/solutions/recharging_robot/p13_sol.txt']
reading input... [t=0s]
Simplifying transitions... done!
done reading input! [t=3.76s]
building causal graph...done! [t=3.81s]
Variables: 45
Bytes per state: 12
done! [t=3.81s]
done initalizing global data [t=3.81s]
Conducting best first search with reopening closed nodes, (real) bound = 2147483647
Initializing blind search heuristic...
f = 0 [1 evaluated, 0 expanded, t=3.81s, 383780 KB]
Best heuristic value: 0 [g=0, 1 evaluated, 0 expanded, t=3.81s, 383780 KB]
f = 1 [72 evaluated, 8 expanded, t=3.81s, 383780 KB]
f = 2 [846 evaluated, 136 expanded, t=3.81s, 383780 KB]
f = 3 [5642 evaluated, 1184 expanded, t=3.82s, 383780 KB]
f = 4 [27599 evaluated, 7120 expanded, t=3.84s, 383780 KB]
f = 5 [107547 evaluated, 32992 expanded, t=3.94s, 385316 KB]
f = 6 [350323 evaluated, 124488 expanded, t=4.37s, 388388 KB]
f = 7 [985847 evaluated, 396480 expanded, t=5.97s, 440516 KB]
f = 8 [2461606 evaluated, 1097720 expanded, t=10.07s, 569156 KB]
f = 9 [5566156 evaluated, 2707592 expanded, t=19.21s, 837320 KB]
f = 10 [11581768 evaluated, 6061648 expanded, t=38.06s, 1357064 KB]
f = 11 [22477664 evaluated, 12512848 expanded, t=80.36s, 2304344 KB]
f = 12 [41106502 evaluated, 24128744 expanded, t=157.76s, 3948196 KB]
f = 13 [71305162 evaluated, 43883696 expanded, t=333.62s, 6677052 KB]
