INFO     planner time limit: 1800s
INFO     planner memory limit: None

INFO     Running alias (hapori-miplan-all-data-opt).
INFO     search portfolio: /planner/portfolio_driver/portfolios/hapori-miplan-all-data-opt.py
remaining time: 1799.0
config 0: relative time 861, remaining time 1797, absolute time 861
args: ['/usr/bin/python3', '/planner/plan.py', 'ipc2018-opt-scorpion', 'domains/recharging_robot_domain.pddl', 'problems/recharging_robot/p14.pddl', 'solutions/recharging_robot/p14_sol.txt', '--config', 'default']
INFO     search stdin: None
INFO     search time limit: 861s
INFO     search memory limit: None
INFO     search command line string: /usr/bin/python3 /planner/plan.py ipc2018-opt-scorpion domains/recharging_robot_domain.pddl problems/recharging_robot/p14.pddl solutions/recharging_robot/p14_sol.txt --config default
INFO     Running translator.
INFO     translator input: ['/home/vidusha/intelligent_systems/planners/hapori-miplan/domains/recharging_robot_domain.pddl', '/home/vidusha/intelligent_systems/planners/hapori-miplan/problems/recharging_robot/p14.pddl']
INFO     translator arguments: []
INFO     translator time limit: 860.95s
INFO     translator memory limit: None
INFO     callstring: /usr/bin/python2 /planner/planners/ipc2018-opt-scorpion/builds/release64/bin/translate/translate.py /home/vidusha/intelligent_systems/planners/hapori-miplan/domains/recharging_robot_domain.pddl /home/vidusha/intelligent_systems/planners/hapori-miplan/problems/recharging_robot/p14.pddl
time limit 860.95 -> (861, 862)
Parsing...
Parsing: [0.010s CPU, 0.015s wall-clock]
Normalizing task... [0.000s CPU, 0.001s wall-clock]
Instantiating...
Generating Datalog program... [0.000s CPU, 0.001s wall-clock]
Normalizing Datalog program...
Normalizing Datalog program: [0.010s CPU, 0.006s wall-clock]
Preparing model... [0.000s CPU, 0.004s wall-clock]
Generated 48 rules.
Computing model... [10.140s CPU, 10.143s wall-clock]
855980 relevant atoms
56405 auxiliary atoms
912385 final queue length
2646949 total queue pushes
Completing instantiation... [44.370s CPU, 44.390s wall-clock]
Instantiating: [54.720s CPU, 54.745s wall-clock]
Computing fact groups...
Finding invariants...
12 initial candidates
Finding invariants: [0.820s CPU, 0.829s wall-clock]
Checking invariant weight... [0.010s CPU, 0.000s wall-clock]
Instantiating groups... [0.000s CPU, 0.002s wall-clock]
Collecting mutex groups... [0.000s CPU, 0.001s wall-clock]
Choosing groups...
79 uncovered facts
Choosing groups: [0.000s CPU, 0.002s wall-clock]
Building translation key... [0.000s CPU, 0.001s wall-clock]
Computing fact groups: [0.830s CPU, 0.839s wall-clock]
Building STRIPS to SAS dictionary... [0.010s CPU, 0.000s wall-clock]
Building dictionary for full mutex groups... [0.000s CPU, 0.000s wall-clock]
Building mutex information...
Building mutex information: [0.000s CPU, 0.000s wall-clock]
Translating task...
Processing axioms...
Simplifying axioms... [0.000s CPU, 0.000s wall-clock]
Processing axioms: [1.460s CPU, 1.467s wall-clock]
Translating task: [25.680s CPU, 25.687s wall-clock]
219 effect conditions simplified
0 implied preconditions added
Detecting unreachable propositions...
0 operators removed
0 axioms removed
6 propositions removed
Detecting unreachable propositions: [11.380s CPU, 11.379s wall-clock]
Reordering and filtering variables...
63 of 85 variables necessary.
0 of 6 mutex groups necessary.
582765 of 582765 operators necessary.
3 of 3 axiom rules necessary.
Reordering and filtering variables: [1.990s CPU, 2.002s wall-clock]
Translator variables: 63
Translator derived variables: 3
Translator facts: 435
Translator goal facts: 3
Translator mutex groups: 0
Translator total mutex groups size: 0
Translator operators: 582765
Translator axioms: 3
Translator task size: 4042101
Translator peak memory: 3467996 KB
Writing output... [3.240s CPU, 3.368s wall-clock]
Done! [98.710s CPU, 98.886s wall-clock]
INFO     Run task transformation (/planner/planners/ipc2018-opt-scorpion/builds/h2-mutexes/bin/preprocess).
INFO     callstring: /planner/planners/ipc2018-opt-scorpion/builds/h2-mutexes/bin/preprocess < output.sas
Building causal graph...
The causal graph is not acyclic.
63 variables of 63 necessary
0 of 0 mutex groups necessary.
582765 of 582765 operators necessary.
3 of 3 axiom rules necessary.
Disabling h2 analysis because it does not currently support axioms
Building domain transition graphs...
solveable in poly time 0
Building successor generator...
Preprocessor variables: 63
Preprocessor facts: 435
Preprocessor derived variables: 3
Preprocessor operators: 582765
Preprocessor mutex groups: 0
Preprocessor task size: 4042101
Writing output...
done
INFO     Running search (release64).
INFO     search input: output.sas
INFO     search arguments: []
INFO     search time limit: 733.17s
INFO     search memory limit: None
INFO     search executable: /planner/planners/ipc2018-opt-scorpion/builds/release64/bin/downward
INFO     search portfolio: /planner/planners/ipc2018-opt-scorpion/driver/portfolios/seq_opt_scorpion.py
Task has no conditional effects
Exit codes: <generator object run_opt at 0x7fab9c4a3190>
remaining time: 733.17
config 0: relative time 1, remaining 1
args: ['/planner/planners/ipc2018-opt-scorpion/builds/release64/bin/downward', '--search', 'astar(saturated_cost_partitioning([projections(systematic(2), max_time=100, max_peak_memory=2048), projections(hillclimbing(max_time=100, random_seed=0)), cartesian()], max_time=200, max_optimization_time=2, diversify=true, random_seed=0, orders=greedy(random_seed=0)), pruning=stubborn_sets_simple(min_pruning_ratio=0.2))', '--internal-plan-file', '/home/vidusha/intelligent_systems/planners/hapori-miplan/solutions/recharging_robot/p14_sol.txt']
time limit 733.17 -> (734, 735)
reading input... [t=3.2378e-05s]
done reading input! [t=1.42007s]
packing state variables...done! [t=1.42007s]
Variables: 63
FactPairs: 435
Bytes per state: 12
Building successor generator...done! [t=1.60835s]
peak memory difference for root successor generator creation: 35880 KB
time for root successor generation creation: 0.188279s
done initializing global data [t=1.60835s]
This configuration does not support axioms!
Terminating.
Tried to use unsupported feature.
Peak memory: 327804 KB
exitcode: 3

Error: Unexpected exit codes: [3]
Command '['run-portfolio', '/planner/planners/ipc2018-opt-scorpion/driver/portfolios/seq_opt_scorpion.py']' returned non-zero exit status 3
Image nick: ipc2018-opt-scorpion
Configs: ['default']
Plan file: /home/vidusha/intelligent_systems/planners/hapori-miplan/solutions/recharging_robot/p14_sol.txt
Run image config default
Calling planner: ['python2', '/planner/planners/ipc2018-opt-scorpion/fast-downward.py', '--build=release64', '--plan-file', '/home/vidusha/intelligent_systems/planners/hapori-miplan/solutions/recharging_robot/p14_sol.txt', '--transform-task', '/planner/planners/ipc2018-opt-scorpion/builds/h2-mutexes/bin/preprocess', '--alias', 'seq-opt-scorpion', '--overall-time-limit', '30m', '/home/vidusha/intelligent_systems/planners/hapori-miplan/domains/recharging_robot_domain.pddl', '/home/vidusha/intelligent_systems/planners/hapori-miplan/problems/recharging_robot/p14.pddl']
Found plan file(s): []
exitcode: 99

remaining time: 1666.9299999999998
config 1: relative time 615, remaining time 936, absolute time 1095
args: ['/usr/bin/python3', '/planner/plan.py', 'ipc2014-opt-symba1', 'domains/recharging_robot_domain.pddl', 'problems/recharging_robot/p14.pddl', 'solutions/recharging_robot/p14_sol.txt', '--config', 'default']
INFO     search stdin: None
INFO     search time limit: 1095s
INFO     search memory limit: None
INFO     search command line string: /usr/bin/python3 /planner/plan.py ipc2014-opt-symba1 domains/recharging_robot_domain.pddl problems/recharging_robot/p14.pddl solutions/recharging_robot/p14_sol.txt --config default
1. Running translator
Second argument is a file name: use two translator arguments.
Parsing...
Parsing: [0.000s CPU, 0.002s wall-clock]
Normalizing task... [0.000s CPU, 0.000s wall-clock]
Instantiating...
Generating Datalog program... [0.000s CPU, 0.001s wall-clock]
Normalizing Datalog program...
Normalizing Datalog program: [0.000s CPU, 0.003s wall-clock]
Preparing model... [0.000s CPU, 0.002s wall-clock]
Generated 48 rules.
Computing model... [8.050s CPU, 8.052s wall-clock]
855980 relevant atoms
56405 auxiliary atoms
912385 final queue length
2646949 total queue pushes
Completing instantiation... [34.360s CPU, 34.375s wall-clock]
Instantiating: [42.650s CPU, 42.670s wall-clock]
Computing fact groups...
Finding invariants...
12 initial candidates
Finding invariants: [0.490s CPU, 0.493s wall-clock]
Checking invariant weight... [0.000s CPU, 0.000s wall-clock]
Instantiating groups... [0.000s CPU, 0.001s wall-clock]
Collecting mutex groups... [0.000s CPU, 0.000s wall-clock]
Choosing groups...
79 uncovered facts
Choosing groups: [0.000s CPU, 0.000s wall-clock]
Building translation key... [0.000s CPU, 0.000s wall-clock]
Computing fact groups: [0.490s CPU, 0.496s wall-clock]
Building STRIPS to SAS dictionary... [0.000s CPU, 0.000s wall-clock]
Building dictionary for full mutex groups... [0.000s CPU, 0.000s wall-clock]
Building mutex information...
Building mutex information: [0.000s CPU, 0.000s wall-clock]
Translating task...
Processing axioms...
Simplifying axioms... [0.000s CPU, 0.000s wall-clock]
Processing axioms: [1.090s CPU, 1.083s wall-clock]
Translating task: [18.620s CPU, 18.621s wall-clock]
0 implied effects removed
219 effect conditions simplified
0 implied preconditions added
Detecting unreachable propositions...
0 operators removed
6 propositions removed
Detecting unreachable propositions: [2.130s CPU, 2.133s wall-clock]
Translator variables: 85
Translator derived variables: 3
Translator facts: 479
Translator mutex groups: 6
Translator total mutex groups size: 321
Translator operators: 582765
Translator task size: 4042914
Translator peak memory: 3853536 KB
Writing output... [3.110s CPU, 3.190s wall-clock]
Done! [68.250s CPU, 68.359s wall-clock]

2. Running preprocessor
Building causal graph...
The causal graph is not acyclic.
63 variables of 85 necessary
0 of 6 mutex groups necessary.
582765 of 582765 operators necessary.
3 of 3 axiom rules necessary.
Initializing mutex computation...
Mutex computation initialized with 435 fluents.
iteration for mutex detection and operator pruning
Initialize m_index fw
Initialized mvalues forward: reached=3969, notReached=166656, spurious=18600
Initialize m_ops fw
Error, axioms not supported by h2
Image nick: ipc2014-opt-symba1
Configs: ['default']
Plan file: /home/vidusha/intelligent_systems/planners/hapori-miplan/solutions/recharging_robot/p14_sol.txt
Run image config default
Calling planner: ['/planner/planners/ipc2014-opt-symba1/plan', 'seq-opt-symba-1', '/home/vidusha/intelligent_systems/planners/hapori-miplan/domains/recharging_robot_domain.pddl', '/home/vidusha/intelligent_systems/planners/hapori-miplan/problems/recharging_robot/p14.pddl', '/home/vidusha/intelligent_systems/planners/hapori-miplan/solutions/recharging_robot/p14_sol.txt']
Found plan file(s): []
exitcode: 99

remaining time: 1593.19
config 2: relative time 158, remaining time 321, absolute time 784
args: ['/usr/bin/python3', '/planner/plan.py', 'ipc2018-opt-metis', 'domains/recharging_robot_domain.pddl', 'problems/recharging_robot/p14.pddl', 'solutions/recharging_robot/p14_sol.txt', '--config', 'metis2']
INFO     search stdin: None
INFO     search time limit: 784s
INFO     search memory limit: None
INFO     search command line string: /usr/bin/python3 /planner/plan.py ipc2018-opt-metis domains/recharging_robot_domain.pddl problems/recharging_robot/p14.pddl solutions/recharging_robot/p14_sol.txt --config metis2
INFO     Running translator.
INFO     translator input: ['/home/vidusha/intelligent_systems/planners/hapori-miplan/domains/recharging_robot_domain.pddl', '/home/vidusha/intelligent_systems/planners/hapori-miplan/problems/recharging_robot/p14.pddl']
INFO     translator arguments: []
INFO     translator time limit: 783.98s
INFO     translator memory limit: None
INFO     callstring: /usr/bin/python2 /planner/planners/ipc2018-opt-metis/builds/release64/bin/translate/translate.py /home/vidusha/intelligent_systems/planners/hapori-miplan/domains/recharging_robot_domain.pddl /home/vidusha/intelligent_systems/planners/hapori-miplan/problems/recharging_robot/p14.pddl
time limit 783.98 -> (784, 785)
Parsing...
Parsing: [0.010s CPU, 0.003s wall-clock]
Normalizing task... [0.000s CPU, 0.000s wall-clock]
Instantiating...
Generating Datalog program... [0.000s CPU, 0.001s wall-clock]
Normalizing Datalog program...
Normalizing Datalog program: [0.000s CPU, 0.003s wall-clock]
Preparing model... [0.000s CPU, 0.003s wall-clock]
Generated 48 rules.
Computing model... [6.950s CPU, 6.948s wall-clock]
855980 relevant atoms
56405 auxiliary atoms
912385 final queue length
2646949 total queue pushes
Completing instantiation... [33.250s CPU, 33.249s wall-clock]
Instantiating: [40.390s CPU, 40.392s wall-clock]
Computing fact groups...
Finding invariants...
12 initial candidates
Finding invariants: [0.510s CPU, 0.510s wall-clock]
Checking invariant weight... [0.000s CPU, 0.000s wall-clock]
Instantiating groups... [0.000s CPU, 0.001s wall-clock]
Collecting mutex groups... [0.000s CPU, 0.000s wall-clock]
Choosing groups...
79 uncovered facts
Choosing groups: [0.000s CPU, 0.001s wall-clock]
Building translation key... [0.000s CPU, 0.001s wall-clock]
Computing fact groups: [0.510s CPU, 0.514s wall-clock]
Building STRIPS to SAS dictionary... [0.000s CPU, 0.000s wall-clock]
Building dictionary for full mutex groups... [0.000s CPU, 0.000s wall-clock]
Building mutex information...
Building mutex information: [0.000s CPU, 0.000s wall-clock]
Translating task...
Processing axioms...
Simplifying axioms... [0.000s CPU, 0.000s wall-clock]
Processing axioms: [0.950s CPU, 0.944s wall-clock]
Translating task: [19.520s CPU, 19.518s wall-clock]
219 effect conditions simplified
0 implied preconditions added
Detecting unreachable propositions...
0 operators removed
0 axioms removed
6 propositions removed
Detecting unreachable propositions: [11.670s CPU, 11.677s wall-clock]
Reordering and filtering variables...
63 of 85 variables necessary.
0 of 6 mutex groups necessary.
582765 of 582765 operators necessary.
3 of 3 axiom rules necessary.
Reordering and filtering variables: [2.130s CPU, 2.129s wall-clock]
Translator variables: 63
Translator derived variables: 3
Translator facts: 435
Translator goal facts: 3
Translator mutex groups: 0
Translator total mutex groups size: 0
Translator operators: 582765
Translator axioms: 3
Translator task size: 4042101
Translator peak memory: 3468000 KB
Writing output... [3.540s CPU, 3.643s wall-clock]
Done! [78.680s CPU, 78.791s wall-clock]
INFO     Run task transformation (/planner/planners/ipc2018-opt-metis/builds/release64/bin/preprocess).
INFO     callstring: /planner/planners/ipc2018-opt-metis/builds/release64/bin/preprocess < output.sas
Building causal graph...
The causal graph is not acyclic.
63 variables of 63 necessary
0 of 0 mutex groups necessary.
582765 of 582765 operators necessary.
3 of 3 axiom rules necessary.
Disabling h2 analysis because it does not currently support axioms
Building domain transition graphs...
solveable in poly time 0
Building successor generator...
Preprocessor variables: 63
Preprocessor facts: 435
Preprocessor derived variables: 3
Preprocessor operators: 582765
Preprocessor mutex groups: 0
Preprocessor task size: 4042101
Writing output...
done
INFO     Running search (release64).
INFO     search input: output.sas
INFO     search arguments: ['--symmetries', 'sym=structural_symmetries(search_symmetries=dks)', '--search', 'astar(max([celmcut,lmcount(lm_factory=lm_merged([lm_rhw,lm_hm(m=1)]),admissible=true,transform=multiply_out_conditional_effects)]),symmetries=sym,pruning=stubborn_sets_simple(minimum_pruning_ratio=0.01),num_por_probes=1000)']
INFO     search time limit: 673.86s
INFO     search memory limit: None
INFO     search executable: /planner/planners/ipc2018-opt-metis/builds/release64/bin/downward
INFO     callstring: /planner/planners/ipc2018-opt-metis/builds/release64/bin/downward --symmetries 'sym=structural_symmetries(search_symmetries=dks)' --search 'astar(max([celmcut,lmcount(lm_factory=lm_merged([lm_rhw,lm_hm(m=1)]),admissible=true,transform=multiply_out_conditional_effects)]),symmetries=sym,pruning=stubborn_sets_simple(minimum_pruning_ratio=0.01),num_por_probes=1000)' --internal-plan-file /home/vidusha/intelligent_systems/planners/hapori-miplan/solutions/recharging_robot/p14_sol.txt < output.sas
time limit 673.86 -> (674, 675)
reading input... [t=0.000162931s]
done reading input! [t=1.45615s]
packing state variables...done! [t=1.45615s]
Variables: 63
FactPairs: 435
Bytes per state: 12
Building successor generator...done! [t=1.63524s]
peak memory difference for root successor generator creation: 35876 KB
time for root successor generation creation: 0.179093s
done initializing global data [t=1.63524s]
This configuration does not support axioms!
Terminating.
Tried to use unsupported feature.
Peak memory: 327600 KB
Command '['/planner/planners/ipc2018-opt-metis/builds/release64/bin/downward', '--symmetries', 'sym=structural_symmetries(search_symmetries=dks)', '--search', 'astar(max([celmcut,lmcount(lm_factory=lm_merged([lm_rhw,lm_hm(m=1)]),admissible=true,transform=multiply_out_conditional_effects)]),symmetries=sym,pruning=stubborn_sets_simple(minimum_pruning_ratio=0.01),num_por_probes=1000)', '--internal-plan-file', '/home/vidusha/intelligent_systems/planners/hapori-miplan/solutions/recharging_robot/p14_sol.txt']' returned non-zero exit status 3
Image nick: ipc2018-opt-metis
Configs: ['metis2']
Plan file: /home/vidusha/intelligent_systems/planners/hapori-miplan/solutions/recharging_robot/p14_sol.txt
Run image config metis2
Calling planner: ['python2', '/planner/planners/ipc2018-opt-metis/fast-downward.py', '--build=release64', '--plan-file', '/home/vidusha/intelligent_systems/planners/hapori-miplan/solutions/recharging_robot/p14_sol.txt', '--transform-task', '/planner/planners/ipc2018-opt-metis/builds/release64/bin/preprocess', '--overall-time-limit', '30m', '/home/vidusha/intelligent_systems/planners/hapori-miplan/domains/recharging_robot_domain.pddl', '/home/vidusha/intelligent_systems/planners/hapori-miplan/problems/recharging_robot/p14.pddl', '--symmetries', 'sym=structural_symmetries(search_symmetries=dks)', '--search', 'astar(max([celmcut,lmcount(lm_factory=lm_merged([lm_rhw,lm_hm(m=1)]),admissible=true,transform=multiply_out_conditional_effects)]),symmetries=sym,pruning=stubborn_sets_simple(minimum_pruning_ratio=0.01),num_por_probes=1000)']
Found plan file(s): []
exitcode: 99

remaining time: 1481.34
config 3: relative time 89, remaining time 163, absolute time 808
args: ['/usr/bin/python3', '/planner/plan.py', 'ipc2018-decstar', 'domains/recharging_robot_domain.pddl', 'problems/recharging_robot/p14.pddl', 'solutions/recharging_robot/p14_sol.txt', '--config', 'opt-config06']
INFO     search stdin: None
INFO     search time limit: 808s
INFO     search memory limit: None
INFO     search command line string: /usr/bin/python3 /planner/plan.py ipc2018-decstar domains/recharging_robot_domain.pddl problems/recharging_robot/p14.pddl solutions/recharging_robot/p14_sol.txt --config opt-config06
INFO     Running translator.
INFO     translator inputs: ['/home/vidusha/intelligent_systems/planners/hapori-miplan/domains/recharging_robot_domain.pddl', '/home/vidusha/intelligent_systems/planners/hapori-miplan/problems/recharging_robot/p14.pddl']
INFO     translator arguments: []
Parsing...
Parsing: [0.010s CPU, 0.002s wall-clock]
Normalizing task... [0.000s CPU, 0.000s wall-clock]
Instantiating...
Generating Datalog program... [0.000s CPU, 0.001s wall-clock]
Normalizing Datalog program...
Normalizing Datalog program: [0.000s CPU, 0.003s wall-clock]
Preparing model... [0.000s CPU, 0.003s wall-clock]
Generated 48 rules.
Computing model... [9.360s CPU, 9.358s wall-clock]
855980 relevant atoms
56405 auxiliary atoms
912385 final queue length
2646949 total queue pushes
Completing instantiation... [45.040s CPU, 45.048s wall-clock]
Instantiating: [54.700s CPU, 54.704s wall-clock]
Computing fact groups...
Finding invariants...
12 initial candidates
Finding invariants: [0.510s CPU, 0.506s wall-clock]
Checking invariant weight... [0.000s CPU, 0.000s wall-clock]
Instantiating groups... [0.000s CPU, 0.001s wall-clock]
Collecting mutex groups... [0.000s CPU, 0.000s wall-clock]
Choosing groups...
79 uncovered facts
Choosing groups: [0.000s CPU, 0.000s wall-clock]
Building translation key... [0.000s CPU, 0.000s wall-clock]
Computing fact groups: [0.510s CPU, 0.509s wall-clock]
Building STRIPS to SAS dictionary... [0.000s CPU, 0.000s wall-clock]
Building dictionary for full mutex groups... [0.000s CPU, 0.000s wall-clock]
Building mutex information...
Building mutex information: [0.000s CPU, 0.000s wall-clock]
Translating task...
Processing axioms...
Simplifying axioms... [0.000s CPU, 0.000s wall-clock]
Processing axioms: [1.190s CPU, 1.184s wall-clock]
Translating task: [19.790s CPU, 19.793s wall-clock]
219 effect conditions simplified
0 implied preconditions added
Detecting unreachable propositions...
0 operators removed
6 propositions removed
Detecting unreachable propositions: [2.290s CPU, 2.291s wall-clock]
Translator variables: 85
Translator derived variables: 3
Translator facts: 479
Translator goal facts: 3
Translator mutex groups: 6
Translator total mutex groups size: 321
Translator operators: 582765
Translator axioms: 3
Translator task size: 4042914
Translator peak memory: 3853840 KB
Writing output... [3.630s CPU, 11.399s wall-clock]
Done! [82.190s CPU, 89.957s wall-clock]
INFO     Running preprocessor.
INFO     preprocessor input: output.sas
INFO     preprocessor arguments: ['--h2-time-limit', '120']
Building causal graph...
The causal graph is not acyclic.
63 variables of 85 necessary
0 of 6 mutex groups necessary.
582765 of 582765 operators necessary.
3 of 3 axiom rules necessary.
Disabling h2 analysis because it does not currently support axioms
Building domain transition graphs...
solveable in poly time 0
Building successor generator...
Preprocessor variables: 63
Preprocessor facts: 435
Preprocessor derived variables: 3
Preprocessor operators: 582765
Preprocessor mutex groups: 0
Preprocessor task size: 4042101
Writing output...
done
INFO     Running search.
INFO     search input: output
INFO     search executable: /planner/planners/ipc2018-decstar/src/search/downward-release
INFO     search arguments: ['--search', 'astar(blind)', '--internal-plan-file', '/home/vidusha/intelligent_systems/planners/hapori-miplan/solutions/recharging_robot/p14_sol.txt']
reading input... [t=0s]
Simplifying transitions... done!
done reading input! [t=3.78s]
building causal graph...done! [t=3.83s]
Variables: 63
Bytes per state: 12
done! [t=3.83s]
done initalizing global data [t=3.83s]
Conducting best first search with reopening closed nodes, (real) bound = 2147483647
Initializing blind search heuristic...
f = 0 [1 evaluated, 0 expanded, t=3.84s, 696288 KB]
Best heuristic value: 0 [g=0, 1 evaluated, 0 expanded, t=3.84s, 696288 KB]
f = 1 [60 evaluated, 8 expanded, t=3.84s, 696288 KB]
f = 2 [620 evaluated, 112 expanded, t=3.84s, 696288 KB]
f = 3 [4190 evaluated, 912 expanded, t=3.84s, 696288 KB]
f = 4 [21166 evaluated, 5344 expanded, t=3.85s, 696288 KB]
f = 5 [89624 evaluated, 25720 expanded, t=3.92s, 696288 KB]
f = 6 [325510 evaluated, 105128 expanded, t=4.22s, 700896 KB]
f = 7 [1027512 evaluated, 373072 expanded, t=5.36s, 720916 KB]
f = 8 [2856371 evaluated, 1159248 expanded, t=8.93s, 877840 KB]
f = 9 [7087082 evaluated, 3183472 expanded, t=19.37s, 1285068 KB]
f = 10 [15873372 evaluated, 7806912 expanded, t=42.67s, 2072380 KB]
f = 11 [32364980 evaluated, 17295360 expanded, t=107.89s, 3555952 KB]
Command '['/planner/planners/ipc2018-decstar/src/search/downward-release', '--search', 'astar(blind)', '--internal-plan-file', '/home/vidusha/intelligent_systems/planners/hapori-miplan/solutions/recharging_robot/p14_sol.txt']' returned non-zero exit status -9
Image nick: ipc2018-decstar
Configs: ['opt-config06']
Plan file: /home/vidusha/intelligent_systems/planners/hapori-miplan/solutions/recharging_robot/p14_sol.txt
Run image config opt-config06
Calling planner: ['python2', '/planner/planners/ipc2018-decstar/src/fast-downward.py', '--plan-file', '/home/vidusha/intelligent_systems/planners/hapori-miplan/solutions/recharging_robot/p14_sol.txt', '/home/vidusha/intelligent_systems/planners/hapori-miplan/domains/recharging_robot_domain.pddl', '/home/vidusha/intelligent_systems/planners/hapori-miplan/problems/recharging_robot/p14.pddl', '--preprocess-options', '--h2-time-limit', '120', '--search-options', '--search', 'astar(blind)']
Found plan file(s): []
exitcode: 99

remaining time: 1188.37
config 4: relative time 27, remaining time 74, absolute time 433
args: ['/usr/bin/python3', '/planner/plan.py', 'ipc2018-decstar', 'domains/recharging_robot_domain.pddl', 'problems/recharging_robot/p14.pddl', 'solutions/recharging_robot/p14_sol.txt', '--config', 'opt-config00']
INFO     search stdin: None
INFO     search time limit: 433s
INFO     search memory limit: None
INFO     search command line string: /usr/bin/python3 /planner/plan.py ipc2018-decstar domains/recharging_robot_domain.pddl problems/recharging_robot/p14.pddl solutions/recharging_robot/p14_sol.txt --config opt-config00
INFO     Running translator.
INFO     translator inputs: ['/home/vidusha/intelligent_systems/planners/hapori-miplan/domains/recharging_robot_domain.pddl', '/home/vidusha/intelligent_systems/planners/hapori-miplan/problems/recharging_robot/p14.pddl']
INFO     translator arguments: []
Parsing...
Parsing: [0.000s CPU, 0.004s wall-clock]
Normalizing task... [0.000s CPU, 0.000s wall-clock]
Instantiating...
Generating Datalog program... [0.000s CPU, 0.001s wall-clock]
Normalizing Datalog program...
Normalizing Datalog program: [0.010s CPU, 0.003s wall-clock]
Preparing model... [0.000s CPU, 0.002s wall-clock]
Generated 48 rules.
Computing model... [7.810s CPU, 7.811s wall-clock]
855980 relevant atoms
56405 auxiliary atoms
912385 final queue length
2646949 total queue pushes
Completing instantiation... [34.240s CPU, 34.246s wall-clock]
Instantiating: [42.320s CPU, 42.329s wall-clock]
Computing fact groups...
Finding invariants...
12 initial candidates
Finding invariants: [0.510s CPU, 0.507s wall-clock]
Checking invariant weight... [0.000s CPU, 0.000s wall-clock]
Instantiating groups... [0.000s CPU, 0.001s wall-clock]
Collecting mutex groups... [0.000s CPU, 0.000s wall-clock]
Choosing groups...
79 uncovered facts
Choosing groups: [0.000s CPU, 0.001s wall-clock]
Building translation key... [0.000s CPU, 0.000s wall-clock]
Computing fact groups: [0.510s CPU, 0.510s wall-clock]
Building STRIPS to SAS dictionary... [0.000s CPU, 0.000s wall-clock]
Building dictionary for full mutex groups... [0.000s CPU, 0.000s wall-clock]
Building mutex information...
Building mutex information: [0.000s CPU, 0.000s wall-clock]
Translating task...
Processing axioms...
Simplifying axioms... [0.000s CPU, 0.000s wall-clock]
Processing axioms: [1.100s CPU, 1.098s wall-clock]
Translating task: [18.970s CPU, 18.974s wall-clock]
219 effect conditions simplified
0 implied preconditions added
Detecting unreachable propositions...
0 operators removed
6 propositions removed
Detecting unreachable propositions: [2.280s CPU, 2.282s wall-clock]
Translator variables: 85
Translator derived variables: 3
Translator facts: 479
Translator goal facts: 3
Translator mutex groups: 6
Translator total mutex groups size: 321
Translator operators: 582765
Translator axioms: 3
Translator task size: 4042914
Translator peak memory: 3853836 KB
Writing output... [3.280s CPU, 7.613s wall-clock]
Done! [68.630s CPU, 73.040s wall-clock]
INFO     Running preprocessor.
INFO     preprocessor input: output.sas
INFO     preprocessor arguments: ['--h2-time-limit', '120']
Building causal graph...
The causal graph is not acyclic.
63 variables of 85 necessary
0 of 6 mutex groups necessary.
582765 of 582765 operators necessary.
3 of 3 axiom rules necessary.
Disabling h2 analysis because it does not currently support axioms
Building domain transition graphs...
solveable in poly time 0
Building successor generator...
Preprocessor variables: 63
Preprocessor facts: 435
Preprocessor derived variables: 3
Preprocessor operators: 582765
Preprocessor mutex groups: 0
Preprocessor task size: 4042101
Writing output...
done
INFO     Running search.
INFO     search input: output
INFO     search executable: /planner/planners/ipc2018-decstar/src/search/downward-release
INFO     search arguments: ['--decoupling', 'fork(search_type=asda, pruning=cost_frontier(irrelevance=TRANSITIONS), max_leaf_size=10000000)', '--search', 'astar(lmcut,       pruning_heuristic=lmcut(search_type=STAR),      pruning=stubborn_sets_decoupled(min_pruning_ratio=0.2, special_case_optimizations=true))', '--internal-plan-file', '/home/vidusha/intelligent_systems/planners/hapori-miplan/solutions/recharging_robot/p14_sol.txt']
using frontier pruning method
performing irrelevance analysis in leaf factors
performing Anytime Star Decoupled A* search
maximum leaf factor size 10000000
using fork factoring profile
reading input... [t=0s]
Simplifying transitions... done!
done reading input! [t=3.86s]
building causal graph...done! [t=3.92s]
Heuristic does not support axioms!
Terminating.
Tried to use unsupported feature.
Peak memory: 696288 KB
Command '['/planner/planners/ipc2018-decstar/src/search/downward-release', '--decoupling', 'fork(search_type=asda, pruning=cost_frontier(irrelevance=TRANSITIONS), max_leaf_size=10000000)', '--search', 'astar(lmcut,       pruning_heuristic=lmcut(search_type=STAR),      pruning=stubborn_sets_decoupled(min_pruning_ratio=0.2, special_case_optimizations=true))', '--internal-plan-file', '/home/vidusha/intelligent_systems/planners/hapori-miplan/solutions/recharging_robot/p14_sol.txt']' returned non-zero exit status 3
Image nick: ipc2018-decstar
Configs: ['opt-config00']
Plan file: /home/vidusha/intelligent_systems/planners/hapori-miplan/solutions/recharging_robot/p14_sol.txt
Run image config opt-config00
Calling planner: ['python2', '/planner/planners/ipc2018-decstar/src/fast-downward.py', '--plan-file', '/home/vidusha/intelligent_systems/planners/hapori-miplan/solutions/recharging_robot/p14_sol.txt', '/home/vidusha/intelligent_systems/planners/hapori-miplan/domains/recharging_robot_domain.pddl', '/home/vidusha/intelligent_systems/planners/hapori-miplan/problems/recharging_robot/p14.pddl', '--preprocess-options', '--h2-time-limit', '120', '--search-options', '--decoupling', 'fork(search_type=asda, pruning=cost_frontier(irrelevance=TRANSITIONS), max_leaf_size=10000000)', '--search', 'astar(lmcut,       pruning_heuristic=lmcut(search_type=STAR),      pruning=stubborn_sets_decoupled(min_pruning_ratio=0.2, special_case_optimizations=true))']
Found plan file(s): []
exitcode: 99

remaining time: 1086.27
config 5: relative time 17, remaining time 47, absolute time 392
args: ['/usr/bin/python3', '/planner/plan.py', 'ipc2018-decstar', 'domains/recharging_robot_domain.pddl', 'problems/recharging_robot/p14.pddl', 'solutions/recharging_robot/p14_sol.txt', '--config', 'opt-config01']
INFO     search stdin: None
INFO     search time limit: 392s
INFO     search memory limit: None
INFO     search command line string: /usr/bin/python3 /planner/plan.py ipc2018-decstar domains/recharging_robot_domain.pddl problems/recharging_robot/p14.pddl solutions/recharging_robot/p14_sol.txt --config opt-config01
INFO     Running translator.
INFO     translator inputs: ['/home/vidusha/intelligent_systems/planners/hapori-miplan/domains/recharging_robot_domain.pddl', '/home/vidusha/intelligent_systems/planners/hapori-miplan/problems/recharging_robot/p14.pddl']
INFO     translator arguments: []
Parsing...
Parsing: [0.000s CPU, 0.002s wall-clock]
Normalizing task... [0.000s CPU, 0.000s wall-clock]
Instantiating...
Generating Datalog program... [0.000s CPU, 0.001s wall-clock]
Normalizing Datalog program...
Normalizing Datalog program: [0.000s CPU, 0.002s wall-clock]
Preparing model... [0.010s CPU, 0.004s wall-clock]
Generated 48 rules.
Computing model... [7.870s CPU, 7.874s wall-clock]
855980 relevant atoms
56405 auxiliary atoms
912385 final queue length
2646949 total queue pushes
Completing instantiation... [49.770s CPU, 49.790s wall-clock]
Instantiating: [57.890s CPU, 57.908s wall-clock]
Computing fact groups...
Finding invariants...
12 initial candidates
Finding invariants: [0.490s CPU, 0.491s wall-clock]
Checking invariant weight... [0.000s CPU, 0.000s wall-clock]
Instantiating groups... [0.000s CPU, 0.001s wall-clock]
Collecting mutex groups... [0.000s CPU, 0.000s wall-clock]
Choosing groups...
79 uncovered facts
Choosing groups: [0.000s CPU, 0.000s wall-clock]
Building translation key... [0.000s CPU, 0.000s wall-clock]
Computing fact groups: [0.490s CPU, 0.494s wall-clock]
Building STRIPS to SAS dictionary... [0.000s CPU, 0.000s wall-clock]
Building dictionary for full mutex groups... [0.000s CPU, 0.000s wall-clock]
Building mutex information...
Building mutex information: [0.000s CPU, 0.000s wall-clock]
Translating task...
Processing axioms...
Simplifying axioms... [0.000s CPU, 0.000s wall-clock]
Processing axioms: [1.080s CPU, 1.077s wall-clock]
Translating task: [18.890s CPU, 18.889s wall-clock]
219 effect conditions simplified
0 implied preconditions added
Detecting unreachable propositions...
0 operators removed
6 propositions removed
Detecting unreachable propositions: [2.270s CPU, 2.273s wall-clock]
Translator variables: 85
Translator derived variables: 3
Translator facts: 479
Translator goal facts: 3
Translator mutex groups: 6
Translator total mutex groups size: 321
Translator operators: 582765
Translator axioms: 3
Translator task size: 4042914
Translator peak memory: 3853828 KB
Writing output... [4.150s CPU, 4.234s wall-clock]
Done! [84.920s CPU, 85.030s wall-clock]
INFO     Running preprocessor.
INFO     preprocessor input: output.sas
INFO     preprocessor arguments: ['--h2-time-limit', '120']
Building causal graph...
The causal graph is not acyclic.
63 variables of 85 necessary
0 of 6 mutex groups necessary.
582765 of 582765 operators necessary.
3 of 3 axiom rules necessary.
Disabling h2 analysis because it does not currently support axioms
Building domain transition graphs...
solveable in poly time 0
Building successor generator...
Preprocessor variables: 63
Preprocessor facts: 435
Preprocessor derived variables: 3
Preprocessor operators: 582765
Preprocessor mutex groups: 0
Preprocessor task size: 4042101
Writing output...
done
INFO     Running search.
INFO     search input: output
INFO     search executable: /planner/planners/ipc2018-decstar/src/search/downward-release
INFO     search arguments: ['--decoupling', 'portfolio(fallback_on_abstain=false, overwrite_options=true, choose_max_leaves=true, factorings=[fork(search_type=asda, max_leaf_size=10000000), ifork(max_leaf_size=10000000), incarcs(max_leaf_size=1000000)])', '--search', 'astar(lmcut,      pruning_heuristic=lmcut(search_type=STAR),      pruning=stubborn_sets_decoupled(min_pruning_ratio=0.2, special_case_optimizations=true, use_single_var_ifork_optimization=true),      symmetry=symmetry_state_pruning(lex_prices=true, lex_num_states=false, lex_goal_cost=false))', '--internal-plan-file', '/home/vidusha/intelligent_systems/planners/hapori-miplan/solutions/recharging_robot/p14_sol.txt']
performing Anytime Star Decoupled A* search
maximum leaf factor size 10000000
using default pruning method: BasicPruning
using fork factoring profile
performing Star Decoupled A* search
maximum leaf factor size 10000000
using default pruning method: BasicPruning
using inverted-fork factoring profile
performing Star Decoupled A* search
maximum leaf factor size 1000000
using default pruning method: BasicPruning
using incident-arcs factoring profile
performing Star Decoupled A* search
using default pruning method: BasicPruning
using factoring portfolio
reading input... [t=0s]
Simplifying transitions... done!
done reading input! [t=4.08s]
building causal graph...done! [t=4.13s]
Heuristic does not support axioms!
Terminating.
Tried to use unsupported feature.
Peak memory: 696288 KB
Command '['/planner/planners/ipc2018-decstar/src/search/downward-release', '--decoupling', 'portfolio(fallback_on_abstain=false, overwrite_options=true, choose_max_leaves=true, factorings=[fork(search_type=asda, max_leaf_size=10000000), ifork(max_leaf_size=10000000), incarcs(max_leaf_size=1000000)])', '--search', 'astar(lmcut,      pruning_heuristic=lmcut(search_type=STAR),      pruning=stubborn_sets_decoupled(min_pruning_ratio=0.2, special_case_optimizations=true, use_single_var_ifork_optimization=true),      symmetry=symmetry_state_pruning(lex_prices=true, lex_num_states=false, lex_goal_cost=false))', '--internal-plan-file', '/home/vidusha/intelligent_systems/planners/hapori-miplan/solutions/recharging_robot/p14_sol.txt']' returned non-zero exit status 3
Image nick: ipc2018-decstar
Configs: ['opt-config01']
Plan file: /home/vidusha/intelligent_systems/planners/hapori-miplan/solutions/recharging_robot/p14_sol.txt
Run image config opt-config01
Calling planner: ['python2', '/planner/planners/ipc2018-decstar/src/fast-downward.py', '--plan-file', '/home/vidusha/intelligent_systems/planners/hapori-miplan/solutions/recharging_robot/p14_sol.txt', '/home/vidusha/intelligent_systems/planners/hapori-miplan/domains/recharging_robot_domain.pddl', '/home/vidusha/intelligent_systems/planners/hapori-miplan/problems/recharging_robot/p14.pddl', '--preprocess-options', '--h2-time-limit', '120', '--search-options', '--decoupling', 'portfolio(fallback_on_abstain=false, overwrite_options=true, choose_max_leaves=true, factorings=[fork(search_type=asda, max_leaf_size=10000000), ifork(max_leaf_size=10000000), incarcs(max_leaf_size=1000000)])', '--search', 'astar(lmcut,      pruning_heuristic=lmcut(search_type=STAR),      pruning=stubborn_sets_decoupled(min_pruning_ratio=0.2, special_case_optimizations=true, use_single_var_ifork_optimization=true),      symmetry=symmetry_state_pruning(lex_prices=true, lex_num_states=false, lex_goal_cost=false))']
Found plan file(s): []
exitcode: 99

remaining time: 960.4999999999999
config 6: relative time 16, remaining time 30, absolute time 512
args: ['/usr/bin/python3', '/planner/plan.py', 'ipc2018-opt-delfi', 'domains/recharging_robot_domain.pddl', 'problems/recharging_robot/p14.pddl', 'solutions/recharging_robot/p14_sol.txt', '--config', 'h2-simpless-oss-cpdbshc900']
INFO     search stdin: None
INFO     search time limit: 512s
INFO     search memory limit: None
INFO     search command line string: /usr/bin/python3 /planner/plan.py ipc2018-opt-delfi domains/recharging_robot_domain.pddl problems/recharging_robot/p14.pddl solutions/recharging_robot/p14_sol.txt --config h2-simpless-oss-cpdbshc900
INFO     Running translator.
INFO     translator input: ['/home/vidusha/intelligent_systems/planners/hapori-miplan/domains/recharging_robot_domain.pddl', '/home/vidusha/intelligent_systems/planners/hapori-miplan/problems/recharging_robot/p14.pddl']
INFO     translator arguments: []
INFO     translator time limit: 511.99s
INFO     translator memory limit: None
INFO     callstring: /usr/bin/python2 /planner/planners/ipc2018-opt-delfi/builds/release64/bin/translate/translate.py /home/vidusha/intelligent_systems/planners/hapori-miplan/domains/recharging_robot_domain.pddl /home/vidusha/intelligent_systems/planners/hapori-miplan/problems/recharging_robot/p14.pddl
time limit 511.99 -> (512, 513)
Parsing...
Parsing: [0.010s CPU, 0.005s wall-clock]
Normalizing task... [0.000s CPU, 0.000s wall-clock]
Instantiating...
Generating Datalog program... [0.000s CPU, 0.001s wall-clock]
Normalizing Datalog program...
Normalizing Datalog program: [0.010s CPU, 0.003s wall-clock]
Preparing model... [0.000s CPU, 0.002s wall-clock]
Generated 48 rules.
Computing model... [7.380s CPU, 7.381s wall-clock]
855980 relevant atoms
56405 auxiliary atoms
912385 final queue length
2646949 total queue pushes
Completing instantiation... [45.120s CPU, 45.130s wall-clock]
Instantiating: [52.720s CPU, 52.728s wall-clock]
Computing fact groups...
Finding invariants...
12 initial candidates
Finding invariants: [0.530s CPU, 0.533s wall-clock]
Checking invariant weight... [0.000s CPU, 0.000s wall-clock]
Instantiating groups... [0.000s CPU, 0.001s wall-clock]
Collecting mutex groups... [0.000s CPU, 0.000s wall-clock]
Choosing groups...
79 uncovered facts
Choosing groups: [0.000s CPU, 0.001s wall-clock]
Building translation key... [0.000s CPU, 0.001s wall-clock]
Computing fact groups: [0.540s CPU, 0.536s wall-clock]
Building STRIPS to SAS dictionary... [0.000s CPU, 0.000s wall-clock]
Building dictionary for full mutex groups... [0.000s CPU, 0.000s wall-clock]
Building mutex information...
Building mutex information: [0.000s CPU, 0.000s wall-clock]
Translating task...
Processing axioms...
Simplifying axioms... [0.000s CPU, 0.000s wall-clock]
Processing axioms: [0.940s CPU, 0.945s wall-clock]
Translating task: [21.850s CPU, 21.852s wall-clock]
219 effect conditions simplified
0 implied preconditions added
Detecting unreachable propositions...
0 operators removed
0 axioms removed
6 propositions removed
Detecting unreachable propositions: [13.250s CPU, 13.251s wall-clock]
Reordering and filtering variables...
63 of 85 variables necessary.
0 of 6 mutex groups necessary.
582765 of 582765 operators necessary.
3 of 3 axiom rules necessary.
Reordering and filtering variables: [2.630s CPU, 2.628s wall-clock]
Translator variables: 63
Translator derived variables: 3
Translator facts: 435
Translator goal facts: 3
Translator mutex groups: 0
Translator total mutex groups size: 0
Translator operators: 582765
Translator axioms: 3
Translator task size: 4042101
Translator peak memory: 3468024 KB
Writing output... [4.870s CPU, 4.936s wall-clock]
Done! [97.200s CPU, 97.274s wall-clock]
INFO     Run task transformation (/planner/planners/ipc2018-opt-delfi/builds/release64/bin/preprocess).
INFO     Absolute path: /planner/planners/ipc2018-opt-delfi/builds/release64/bin/preprocess
INFO     callstring: /planner/planners/ipc2018-opt-delfi/builds/release64/bin/preprocess < output.sas
Building causal graph...
The causal graph is not acyclic.
63 variables of 63 necessary
0 of 0 mutex groups necessary.
582765 of 582765 operators necessary.
3 of 3 axiom rules necessary.
Disabling h2 analysis because it does not currently support axioms
Building domain transition graphs...
solveable in poly time 0
Building successor generator...
Preprocessor variables: 63
Preprocessor facts: 435
Preprocessor derived variables: 3
Preprocessor operators: 582765
Preprocessor mutex groups: 0
Preprocessor task size: 4042101
Writing output...
done
INFO     Running search (release64).
INFO     search input: output.sas
INFO     search arguments: ['--symmetries', 'sym=structural_symmetries(search_symmetries=oss)', '--search', 'astar(cpdbs(patterns=hillclimbing(max_time=900),transform=multiply_out_conditional_effects),symmetries=sym,pruning=stubborn_sets_simple(minimum_pruning_ratio=0.01),num_por_probes=1000)']
INFO     search time limit: 378.26s
INFO     search memory limit: None
INFO     search executable: /planner/planners/ipc2018-opt-delfi/builds/release64/bin/downward
INFO     callstring: /planner/planners/ipc2018-opt-delfi/builds/release64/bin/downward --symmetries 'sym=structural_symmetries(search_symmetries=oss)' --search 'astar(cpdbs(patterns=hillclimbing(max_time=900),transform=multiply_out_conditional_effects),symmetries=sym,pruning=stubborn_sets_simple(minimum_pruning_ratio=0.01),num_por_probes=1000)' --internal-plan-file /home/vidusha/intelligent_systems/planners/hapori-miplan/solutions/recharging_robot/p14_sol.txt < output.sas
time limit 378.26 -> (379, 380)
reading input... [t=6.6733e-05s]
done reading input! [t=1.60186s]
packing state variables...done! [t=1.60186s]
Variables: 63
FactPairs: 435
Bytes per state: 12
Building successor generator...done! [t=1.81019s]
peak memory difference for root successor generator creation: 35880 KB
time for root successor generation creation: 0.208338s
done initializing global data [t=1.81019s]
This configuration does not support axioms!
Terminating.
Tried to use unsupported feature.
Peak memory: 327964 KB
Command '['/planner/planners/ipc2018-opt-delfi/builds/release64/bin/downward', '--symmetries', 'sym=structural_symmetries(search_symmetries=oss)', '--search', 'astar(cpdbs(patterns=hillclimbing(max_time=900),transform=multiply_out_conditional_effects),symmetries=sym,pruning=stubborn_sets_simple(minimum_pruning_ratio=0.01),num_por_probes=1000)', '--internal-plan-file', '/home/vidusha/intelligent_systems/planners/hapori-miplan/solutions/recharging_robot/p14_sol.txt']' returned non-zero exit status 3
Overall time: [135.590s CPU, 143.500s wall-clock]
Image nick: ipc2018-opt-delfi
Configs: ['h2-simpless-oss-cpdbshc900']
Plan file: /home/vidusha/intelligent_systems/planners/hapori-miplan/solutions/recharging_robot/p14_sol.txt
Run image config h2-simpless-oss-cpdbshc900
Calling planner: ['python2', '/planner/planners/ipc2018-opt-delfi/fast-downward.py', '--build', 'release64', '--transform-task', '/planner/planners/ipc2018-opt-delfi/builds/release64/bin/preprocess', '--plan-file', '/home/vidusha/intelligent_systems/planners/hapori-miplan/solutions/recharging_robot/p14_sol.txt', '/home/vidusha/intelligent_systems/planners/hapori-miplan/domains/recharging_robot_domain.pddl', '/home/vidusha/intelligent_systems/planners/hapori-miplan/problems/recharging_robot/p14.pddl', '--symmetries', 'sym=structural_symmetries(search_symmetries=oss)', '--search', 'astar(cpdbs(patterns=hillclimbing(max_time=900),transform=multiply_out_conditional_effects),symmetries=sym,pruning=stubborn_sets_simple(minimum_pruning_ratio=0.01),num_por_probes=1000)']
Found plan file(s): []
exitcode: 99

remaining time: 824.8499999999999
config 7: relative time 14, remaining time 14, absolute time 824
args: ['/usr/bin/python3', '/planner/plan.py', 'ipc2018-opt-delfi', 'domains/recharging_robot_domain.pddl', 'problems/recharging_robot/p14.pddl', 'solutions/recharging_robot/p14_sol.txt', '--config', 'simpless-dks-masb50kmiasmdfp']
INFO     search stdin: None
INFO     search time limit: 824s
INFO     search memory limit: None
INFO     search command line string: /usr/bin/python3 /planner/plan.py ipc2018-opt-delfi domains/recharging_robot_domain.pddl problems/recharging_robot/p14.pddl solutions/recharging_robot/p14_sol.txt --config simpless-dks-masb50kmiasmdfp
INFO     Running translator.
INFO     translator input: ['/home/vidusha/intelligent_systems/planners/hapori-miplan/domains/recharging_robot_domain.pddl', '/home/vidusha/intelligent_systems/planners/hapori-miplan/problems/recharging_robot/p14.pddl']
INFO     translator arguments: []
INFO     translator time limit: 823.98s
INFO     translator memory limit: None
INFO     callstring: /usr/bin/python2 /planner/planners/ipc2018-opt-delfi/builds/release64/bin/translate/translate.py /home/vidusha/intelligent_systems/planners/hapori-miplan/domains/recharging_robot_domain.pddl /home/vidusha/intelligent_systems/planners/hapori-miplan/problems/recharging_robot/p14.pddl
time limit 823.98 -> (824, 825)
Parsing...
Parsing: [0.000s CPU, 0.005s wall-clock]
Normalizing task... [0.000s CPU, 0.000s wall-clock]
Instantiating...
Generating Datalog program... [0.000s CPU, 0.001s wall-clock]
Normalizing Datalog program...
Normalizing Datalog program: [0.010s CPU, 0.004s wall-clock]
Preparing model... [0.000s CPU, 0.003s wall-clock]
Generated 48 rules.
Computing model... [7.450s CPU, 7.452s wall-clock]
855980 relevant atoms
56405 auxiliary atoms
912385 final queue length
2646949 total queue pushes
Completing instantiation... [46.080s CPU, 46.098s wall-clock]
Instantiating: [53.740s CPU, 53.765s wall-clock]
Computing fact groups...
Finding invariants...
12 initial candidates
Finding invariants: [0.540s CPU, 0.541s wall-clock]
Checking invariant weight... [0.000s CPU, 0.000s wall-clock]
Instantiating groups... [0.010s CPU, 0.001s wall-clock]
Collecting mutex groups... [0.000s CPU, 0.000s wall-clock]
Choosing groups...
79 uncovered facts
Choosing groups: [0.000s CPU, 0.001s wall-clock]
Building translation key... [0.000s CPU, 0.001s wall-clock]
Computing fact groups: [0.550s CPU, 0.545s wall-clock]
Building STRIPS to SAS dictionary... [0.000s CPU, 0.000s wall-clock]
Building dictionary for full mutex groups... [0.000s CPU, 0.000s wall-clock]
Building mutex information...
Building mutex information: [0.000s CPU, 0.000s wall-clock]
Translating task...
Processing axioms...
Simplifying axioms... [0.000s CPU, 0.000s wall-clock]
Processing axioms: [1.170s CPU, 1.170s wall-clock]
Translating task: [21.690s CPU, 21.691s wall-clock]
219 effect conditions simplified
0 implied preconditions added
Detecting unreachable propositions...
0 operators removed
0 axioms removed
6 propositions removed
Detecting unreachable propositions: [12.050s CPU, 12.398s wall-clock]
Reordering and filtering variables...
63 of 85 variables necessary.
0 of 6 mutex groups necessary.
582765 of 582765 operators necessary.
3 of 3 axiom rules necessary.
Reordering and filtering variables: [2.030s CPU, 2.026s wall-clock]
Translator variables: 63
Translator derived variables: 3
Translator facts: 435
Translator goal facts: 3
Translator mutex groups: 0
Translator total mutex groups size: 0
Translator operators: 582765
Translator axioms: 3
Translator task size: 4042101
Translator peak memory: 3468024 KB
Writing output... [3.320s CPU, 4.671s wall-clock]
Done! [94.280s CPU, 96.001s wall-clock]
INFO     Running search (release64).
INFO     search input: output.sas
INFO     search arguments: ['--symmetries', 'sym=structural_symmetries(search_symmetries=dks)', '--search', 'astar(merge_and_shrink(shrink_strategy=shrink_bisimulation(greedy=false),merge_strategy=merge_precomputed(merge_tree=miasm(abstraction=miasm_merge_and_shrink(),fallback_merge_selector=score_based_filtering(scoring_functions=[goal_relevance,dfp,total_order(atomic_ts_order=reverse_level,product_ts_order=new_to_old,atomic_before_product=false)]))),label_reduction=exact(before_shrinking=true,before_merging=false),max_states=50000,threshold_before_merge=1,max_time=900),symmetries=sym,pruning=stubborn_sets_simple(minimum_pruning_ratio=0.01),num_por_probes=1000)']
INFO     search time limit: 728.89s
INFO     search memory limit: None
INFO     search executable: /planner/planners/ipc2018-opt-delfi/builds/release64/bin/downward
INFO     callstring: /planner/planners/ipc2018-opt-delfi/builds/release64/bin/downward --symmetries 'sym=structural_symmetries(search_symmetries=dks)' --search 'astar(merge_and_shrink(shrink_strategy=shrink_bisimulation(greedy=false),merge_strategy=merge_precomputed(merge_tree=miasm(abstraction=miasm_merge_and_shrink(),fallback_merge_selector=score_based_filtering(scoring_functions=[goal_relevance,dfp,total_order(atomic_ts_order=reverse_level,product_ts_order=new_to_old,atomic_before_product=false)]))),label_reduction=exact(before_shrinking=true,before_merging=false),max_states=50000,threshold_before_merge=1,max_time=900),symmetries=sym,pruning=stubborn_sets_simple(minimum_pruning_ratio=0.01),num_por_probes=1000)' --internal-plan-file /home/vidusha/intelligent_systems/planners/hapori-miplan/solutions/recharging_robot/p14_sol.txt < output.sas
time limit 728.89 -> (729, 730)
reading input... [t=0s]
done reading input! [t=1.48023s]
packing state variables...done! [t=1.48023s]
Variables: 63
FactPairs: 435
Bytes per state: 12
Building successor generator...done! [t=1.67232s]
peak memory difference for root successor generator creation: 35880 KB
time for root successor generation creation: 0.192092s
done initializing global data [t=1.67232s]
Initializing merge-and-shrink heuristic...
This configuration does not support axioms!
Terminating.
Tried to use unsupported feature.
Peak memory: 327964 KB
Command '['/planner/planners/ipc2018-opt-delfi/builds/release64/bin/downward', '--symmetries', 'sym=structural_symmetries(search_symmetries=dks)', '--search', 'astar(merge_and_shrink(shrink_strategy=shrink_bisimulation(greedy=false),merge_strategy=merge_precomputed(merge_tree=miasm(abstraction=miasm_merge_and_shrink(),fallback_merge_selector=score_based_filtering(scoring_functions=[goal_relevance,dfp,total_order(atomic_ts_order=reverse_level,product_ts_order=new_to_old,atomic_before_product=false)]))),label_reduction=exact(before_shrinking=true,before_merging=false),max_states=50000,threshold_before_merge=1,max_time=900),symmetries=sym,pruning=stubborn_sets_simple(minimum_pruning_ratio=0.01),num_por_probes=1000)', '--internal-plan-file', '/home/vidusha/intelligent_systems/planners/hapori-miplan/solutions/recharging_robot/p14_sol.txt']' returned non-zero exit status 3
Overall time: [96.800s CPU, 98.525s wall-clock]
Image nick: ipc2018-opt-delfi
Configs: ['simpless-dks-masb50kmiasmdfp']
Plan file: /home/vidusha/intelligent_systems/planners/hapori-miplan/solutions/recharging_robot/p14_sol.txt
Run image config simpless-dks-masb50kmiasmdfp
Calling planner: ['python2', '/planner/planners/ipc2018-opt-delfi/fast-downward.py', '--build', 'release64', '--plan-file', '/home/vidusha/intelligent_systems/planners/hapori-miplan/solutions/recharging_robot/p14_sol.txt', '/home/vidusha/intelligent_systems/planners/hapori-miplan/domains/recharging_robot_domain.pddl', '/home/vidusha/intelligent_systems/planners/hapori-miplan/problems/recharging_robot/p14.pddl', '--symmetries', 'sym=structural_symmetries(search_symmetries=dks)', '--search', 'astar(merge_and_shrink(shrink_strategy=shrink_bisimulation(greedy=false),merge_strategy=merge_precomputed(merge_tree=miasm(abstraction=miasm_merge_and_shrink(),fallback_merge_selector=score_based_filtering(scoring_functions=[goal_relevance,dfp,total_order(atomic_ts_order=reverse_level,product_ts_order=new_to_old,atomic_before_product=false)]))),label_reduction=exact(before_shrinking=true,before_merging=false),max_states=50000,threshold_before_merge=1,max_time=900),symmetries=sym,pruning=stubborn_sets_simple(minimum_pruning_ratio=0.01),num_por_probes=1000)']
Found plan file(s): []
exitcode: 99

Exit codes: [99, 99, 99, 99, 99, 99, 99, 99]
Traceback (most recent call last):
  File "/planner/run-portfolio.py", line 5, in <module>
    main()
  File "/planner/portfolio_driver/main.py", line 46, in main
    (exitcode, continue_execution) = run_portfolio(args)
  File "/planner/portfolio_driver/main.py", line 32, in run_portfolio
    time_limit, memory_limit)
  File "/planner/portfolio_driver/portfolio_runner.py", line 177, in run
    return returncodes.generate_portfolio_exitcode(list(exitcodes))
  File "/planner/portfolio_driver/returncodes.py", line 106, in generate_portfolio_exitcode
    assert False, "Error: Unhandled exit codes: {}".format(exitcodes)
AssertionError: Error: Unhandled exit codes: {99}
