INFO     planner time limit: 1800s
INFO     planner memory limit: None

INFO     Running alias (hapori-miplan-all-data-opt).
INFO     search portfolio: /planner/portfolio_driver/portfolios/hapori-miplan-all-data-opt.py
remaining time: 1799.0
config 0: relative time 861, remaining time 1797, absolute time 861
args: ['/usr/bin/python3', '/planner/plan.py', 'ipc2018-opt-scorpion', 'domains/recharging_robot_domain.pddl', 'problems/recharging_robot/p15.pddl', 'solutions/recharging_robot/p15_sol.txt', '--config', 'default']
INFO     search stdin: None
INFO     search time limit: 861s
INFO     search memory limit: None
INFO     search command line string: /usr/bin/python3 /planner/plan.py ipc2018-opt-scorpion domains/recharging_robot_domain.pddl problems/recharging_robot/p15.pddl solutions/recharging_robot/p15_sol.txt --config default
INFO     Running translator.
INFO     translator input: ['/home/vidusha/intelligent_systems/planners/hapori-miplan/domains/recharging_robot_domain.pddl', '/home/vidusha/intelligent_systems/planners/hapori-miplan/problems/recharging_robot/p15.pddl']
INFO     translator arguments: []
INFO     translator time limit: 860.97s
INFO     translator memory limit: None
INFO     callstring: /usr/bin/python2 /planner/planners/ipc2018-opt-scorpion/builds/release64/bin/translate/translate.py /home/vidusha/intelligent_systems/planners/hapori-miplan/domains/recharging_robot_domain.pddl /home/vidusha/intelligent_systems/planners/hapori-miplan/problems/recharging_robot/p15.pddl
time limit 860.97 -> (861, 862)
Parsing...
Parsing: [0.000s CPU, 0.482s wall-clock]
Normalizing task... [0.000s CPU, 0.000s wall-clock]
Instantiating...
Generating Datalog program... [0.000s CPU, 0.001s wall-clock]
Normalizing Datalog program...
Normalizing Datalog program: [0.000s CPU, 0.003s wall-clock]
Preparing model... [0.000s CPU, 0.002s wall-clock]
Generated 48 rules.
Computing model... [2.920s CPU, 2.929s wall-clock]
345115 relevant atoms
34692 auxiliary atoms
379807 final queue length
1087804 total queue pushes
Completing instantiation... [13.130s CPU, 13.140s wall-clock]
Instantiating: [16.140s CPU, 16.142s wall-clock]
Computing fact groups...
Finding invariants...
12 initial candidates
Finding invariants: [0.210s CPU, 0.213s wall-clock]
Checking invariant weight... [0.000s CPU, 0.000s wall-clock]
Instantiating groups... [0.000s CPU, 0.001s wall-clock]
Collecting mutex groups... [0.000s CPU, 0.000s wall-clock]
Choosing groups...
68 uncovered facts
Choosing groups: [0.000s CPU, 0.001s wall-clock]
Building translation key... [0.000s CPU, 0.001s wall-clock]
Computing fact groups: [0.220s CPU, 0.217s wall-clock]
Building STRIPS to SAS dictionary... [0.000s CPU, 0.000s wall-clock]
Building dictionary for full mutex groups... [0.000s CPU, 0.000s wall-clock]
Building mutex information...
Building mutex information: [0.000s CPU, 0.000s wall-clock]
Translating task...
Processing axioms...
Simplifying axioms... [0.000s CPU, 0.000s wall-clock]
Processing axioms: [0.430s CPU, 0.432s wall-clock]
Translating task: [9.490s CPU, 9.488s wall-clock]
66 effect conditions simplified
0 implied preconditions added
Detecting unreachable propositions...
0 operators removed
0 axioms removed
8 propositions removed
Detecting unreachable propositions: [5.190s CPU, 5.194s wall-clock]
Reordering and filtering variables...
26 of 76 variables necessary.
0 of 8 mutex groups necessary.
263913 of 263913 operators necessary.
1 of 1 axiom rules necessary.
Reordering and filtering variables: [0.870s CPU, 0.864s wall-clock]
Translator variables: 26
Translator derived variables: 1
Translator facts: 360
Translator goal facts: 1
Translator mutex groups: 0
Translator total mutex groups size: 0
Translator operators: 263913
Translator axioms: 1
Translator task size: 1824743
Translator peak memory: 1577892 KB
Writing output... [1.510s CPU, 5.295s wall-clock]
Done! [33.790s CPU, 38.056s wall-clock]
INFO     Run task transformation (/planner/planners/ipc2018-opt-scorpion/builds/h2-mutexes/bin/preprocess).
INFO     callstring: /planner/planners/ipc2018-opt-scorpion/builds/h2-mutexes/bin/preprocess < output.sas
Building causal graph...
The causal graph is not acyclic.
26 variables of 26 necessary
0 of 0 mutex groups necessary.
263913 of 263913 operators necessary.
1 of 1 axiom rules necessary.
Disabling h2 analysis because it does not currently support axioms
Building domain transition graphs...
solveable in poly time 0
Building successor generator...
Preprocessor variables: 26
Preprocessor facts: 360
Preprocessor derived variables: 1
Preprocessor operators: 263913
Preprocessor mutex groups: 0
Preprocessor task size: 1824743
Writing output...
done
INFO     Running search (release64).
INFO     search input: output.sas
INFO     search arguments: []
INFO     search time limit: 817.28s
INFO     search memory limit: None
INFO     search executable: /planner/planners/ipc2018-opt-scorpion/builds/release64/bin/downward
INFO     search portfolio: /planner/planners/ipc2018-opt-scorpion/driver/portfolios/seq_opt_scorpion.py
Task has no conditional effects
Exit codes: <generator object run_opt at 0x7f0bdb790370>
remaining time: 817.28
config 0: relative time 1, remaining 1
args: ['/planner/planners/ipc2018-opt-scorpion/builds/release64/bin/downward', '--search', 'astar(saturated_cost_partitioning([projections(systematic(2), max_time=100, max_peak_memory=2048), projections(hillclimbing(max_time=100, random_seed=0)), cartesian()], max_time=200, max_optimization_time=2, diversify=true, random_seed=0, orders=greedy(random_seed=0)), pruning=stubborn_sets_simple(min_pruning_ratio=0.2))', '--internal-plan-file', '/home/vidusha/intelligent_systems/planners/hapori-miplan/solutions/recharging_robot/p15_sol.txt']
time limit 817.28 -> (818, 819)
reading input... [t=3.1109e-05s]
done reading input! [t=0.668914s]
packing state variables...done! [t=0.668914s]
Variables: 26
FactPairs: 360
Bytes per state: 8
Building successor generator...done! [t=0.749298s]
peak memory difference for root successor generator creation: 7348 KB
time for root successor generation creation: 0.0803843s
done initializing global data [t=0.749298s]
This configuration does not support axioms!
Terminating.
Tried to use unsupported feature.
Peak memory: 155968 KB
exitcode: 3

Error: Unexpected exit codes: [3]
Command '['run-portfolio', '/planner/planners/ipc2018-opt-scorpion/driver/portfolios/seq_opt_scorpion.py']' returned non-zero exit status 3
Image nick: ipc2018-opt-scorpion
Configs: ['default']
Plan file: /home/vidusha/intelligent_systems/planners/hapori-miplan/solutions/recharging_robot/p15_sol.txt
Run image config default
Calling planner: ['python2', '/planner/planners/ipc2018-opt-scorpion/fast-downward.py', '--build=release64', '--plan-file', '/home/vidusha/intelligent_systems/planners/hapori-miplan/solutions/recharging_robot/p15_sol.txt', '--transform-task', '/planner/planners/ipc2018-opt-scorpion/builds/h2-mutexes/bin/preprocess', '--alias', 'seq-opt-scorpion', '--overall-time-limit', '30m', '/home/vidusha/intelligent_systems/planners/hapori-miplan/domains/recharging_robot_domain.pddl', '/home/vidusha/intelligent_systems/planners/hapori-miplan/problems/recharging_robot/p15.pddl']
Found plan file(s): []
exitcode: 99

remaining time: 1753.44
config 1: relative time 615, remaining time 936, absolute time 1152
args: ['/usr/bin/python3', '/planner/plan.py', 'ipc2014-opt-symba1', 'domains/recharging_robot_domain.pddl', 'problems/recharging_robot/p15.pddl', 'solutions/recharging_robot/p15_sol.txt', '--config', 'default']
INFO     search stdin: None
INFO     search time limit: 1152s
INFO     search memory limit: None
INFO     search command line string: /usr/bin/python3 /planner/plan.py ipc2014-opt-symba1 domains/recharging_robot_domain.pddl problems/recharging_robot/p15.pddl solutions/recharging_robot/p15_sol.txt --config default
1. Running translator
Second argument is a file name: use two translator arguments.
Parsing...
Parsing: [0.000s CPU, 0.002s wall-clock]
Normalizing task... [0.000s CPU, 0.000s wall-clock]
Instantiating...
Generating Datalog program... [0.000s CPU, 0.001s wall-clock]
Normalizing Datalog program...
Normalizing Datalog program: [0.000s CPU, 0.003s wall-clock]
Preparing model... [0.000s CPU, 0.002s wall-clock]
Generated 48 rules.
Computing model... [3.370s CPU, 3.368s wall-clock]
345115 relevant atoms
34692 auxiliary atoms
379807 final queue length
1087804 total queue pushes
Completing instantiation... [21.180s CPU, 21.198s wall-clock]
Instantiating: [24.680s CPU, 24.698s wall-clock]
Computing fact groups...
Finding invariants...
12 initial candidates
Finding invariants: [0.200s CPU, 0.203s wall-clock]
Checking invariant weight... [0.000s CPU, 0.000s wall-clock]
Instantiating groups... [0.010s CPU, 0.001s wall-clock]
Collecting mutex groups... [0.000s CPU, 0.000s wall-clock]
Choosing groups...
68 uncovered facts
Choosing groups: [0.000s CPU, 0.000s wall-clock]
Building translation key... [0.000s CPU, 0.000s wall-clock]
Computing fact groups: [0.210s CPU, 0.206s wall-clock]
Building STRIPS to SAS dictionary... [0.000s CPU, 0.000s wall-clock]
Building dictionary for full mutex groups... [0.000s CPU, 0.000s wall-clock]
Building mutex information...
Building mutex information: [0.000s CPU, 0.000s wall-clock]
Translating task...
Processing axioms...
Simplifying axioms... [0.000s CPU, 0.000s wall-clock]
Processing axioms: [0.490s CPU, 0.493s wall-clock]
Translating task: [7.500s CPU, 7.501s wall-clock]
0 implied effects removed
66 effect conditions simplified
0 implied preconditions added
Detecting unreachable propositions...
0 operators removed
8 propositions removed
Detecting unreachable propositions: [0.970s CPU, 0.975s wall-clock]
Translator variables: 76
Translator derived variables: 1
Translator facts: 460
Translator mutex groups: 8
Translator total mutex groups size: 324
Translator operators: 263913
Translator task size: 1826479
Translator peak memory: 1751640 KB
Writing output... [1.460s CPU, 1.499s wall-clock]
Done! [35.380s CPU, 35.447s wall-clock]

2. Running preprocessor
Building causal graph...
The causal graph is not acyclic.
26 variables of 76 necessary
0 of 8 mutex groups necessary.
263913 of 263913 operators necessary.
1 of 1 axiom rules necessary.
Initializing mutex computation...
Mutex computation initialized with 360 fluents.
iteration for mutex detection and operator pruning
Initialize m_index fw
Initialized mvalues forward: reached=676, notReached=112392, spurious=16532
Initialize m_ops fw
Error, axioms not supported by h2
Image nick: ipc2014-opt-symba1
Configs: ['default']
Plan file: /home/vidusha/intelligent_systems/planners/hapori-miplan/solutions/recharging_robot/p15_sol.txt
Run image config default
Calling planner: ['/planner/planners/ipc2014-opt-symba1/plan', 'seq-opt-symba-1', '/home/vidusha/intelligent_systems/planners/hapori-miplan/domains/recharging_robot_domain.pddl', '/home/vidusha/intelligent_systems/planners/hapori-miplan/problems/recharging_robot/p15.pddl', '/home/vidusha/intelligent_systems/planners/hapori-miplan/solutions/recharging_robot/p15_sol.txt']
Found plan file(s): []
exitcode: 99

remaining time: 1715.36
config 2: relative time 158, remaining time 321, absolute time 844
args: ['/usr/bin/python3', '/planner/plan.py', 'ipc2018-opt-metis', 'domains/recharging_robot_domain.pddl', 'problems/recharging_robot/p15.pddl', 'solutions/recharging_robot/p15_sol.txt', '--config', 'metis2']
INFO     search stdin: None
INFO     search time limit: 844s
INFO     search memory limit: None
INFO     search command line string: /usr/bin/python3 /planner/plan.py ipc2018-opt-metis domains/recharging_robot_domain.pddl problems/recharging_robot/p15.pddl solutions/recharging_robot/p15_sol.txt --config metis2
INFO     Running translator.
INFO     translator input: ['/home/vidusha/intelligent_systems/planners/hapori-miplan/domains/recharging_robot_domain.pddl', '/home/vidusha/intelligent_systems/planners/hapori-miplan/problems/recharging_robot/p15.pddl']
INFO     translator arguments: []
INFO     translator time limit: 843.98s
INFO     translator memory limit: None
INFO     callstring: /usr/bin/python2 /planner/planners/ipc2018-opt-metis/builds/release64/bin/translate/translate.py /home/vidusha/intelligent_systems/planners/hapori-miplan/domains/recharging_robot_domain.pddl /home/vidusha/intelligent_systems/planners/hapori-miplan/problems/recharging_robot/p15.pddl
time limit 843.98 -> (844, 845)
Parsing...
Parsing: [0.010s CPU, 0.004s wall-clock]
Normalizing task... [0.000s CPU, 0.000s wall-clock]
Instantiating...
Generating Datalog program... [0.000s CPU, 0.001s wall-clock]
Normalizing Datalog program...
Normalizing Datalog program: [0.000s CPU, 0.003s wall-clock]
Preparing model... [0.000s CPU, 0.002s wall-clock]
Generated 48 rules.
Computing model... [2.880s CPU, 2.876s wall-clock]
345115 relevant atoms
34692 auxiliary atoms
379807 final queue length
1087804 total queue pushes
Completing instantiation... [17.880s CPU, 17.892s wall-clock]
Instantiating: [20.830s CPU, 20.845s wall-clock]
Computing fact groups...
Finding invariants...
12 initial candidates
Finding invariants: [0.210s CPU, 0.212s wall-clock]
Checking invariant weight... [0.000s CPU, 0.000s wall-clock]
Instantiating groups... [0.000s CPU, 0.001s wall-clock]
Collecting mutex groups... [0.000s CPU, 0.000s wall-clock]
Choosing groups...
68 uncovered facts
Choosing groups: [0.000s CPU, 0.001s wall-clock]
Building translation key... [0.000s CPU, 0.001s wall-clock]
Computing fact groups: [0.210s CPU, 0.216s wall-clock]
Building STRIPS to SAS dictionary... [0.000s CPU, 0.000s wall-clock]
Building dictionary for full mutex groups... [0.000s CPU, 0.000s wall-clock]
Building mutex information...
Building mutex information: [0.000s CPU, 0.000s wall-clock]
Translating task...
Processing axioms...
Simplifying axioms... [0.000s CPU, 0.000s wall-clock]
Processing axioms: [0.440s CPU, 0.432s wall-clock]
Translating task: [13.720s CPU, 13.735s wall-clock]
66 effect conditions simplified
0 implied preconditions added
Detecting unreachable propositions...
0 operators removed
0 axioms removed
8 propositions removed
Detecting unreachable propositions: [7.850s CPU, 7.856s wall-clock]
Reordering and filtering variables...
26 of 76 variables necessary.
0 of 8 mutex groups necessary.
263913 of 263913 operators necessary.
1 of 1 axiom rules necessary.
Reordering and filtering variables: [1.530s CPU, 1.531s wall-clock]
Translator variables: 26
Translator derived variables: 1
Translator facts: 360
Translator goal facts: 1
Translator mutex groups: 0
Translator total mutex groups size: 0
Translator operators: 263913
Translator axioms: 1
Translator task size: 1824743
Translator peak memory: 1577892 KB
Writing output... [2.360s CPU, 2.397s wall-clock]
Done! [47.060s CPU, 47.142s wall-clock]
INFO     Run task transformation (/planner/planners/ipc2018-opt-metis/builds/release64/bin/preprocess).
INFO     callstring: /planner/planners/ipc2018-opt-metis/builds/release64/bin/preprocess < output.sas
Building causal graph...
The causal graph is not acyclic.
26 variables of 26 necessary
0 of 0 mutex groups necessary.
263913 of 263913 operators necessary.
1 of 1 axiom rules necessary.
Disabling h2 analysis because it does not currently support axioms
Building domain transition graphs...
solveable in poly time 0
Building successor generator...
Preprocessor variables: 26
Preprocessor facts: 360
Preprocessor derived variables: 1
Preprocessor operators: 263913
Preprocessor mutex groups: 0
Preprocessor task size: 1824743
Writing output...
done
INFO     Running search (release64).
INFO     search input: output.sas
INFO     search arguments: ['--symmetries', 'sym=structural_symmetries(search_symmetries=dks)', '--search', 'astar(max([celmcut,lmcount(lm_factory=lm_merged([lm_rhw,lm_hm(m=1)]),admissible=true,transform=multiply_out_conditional_effects)]),symmetries=sym,pruning=stubborn_sets_simple(minimum_pruning_ratio=0.01),num_por_probes=1000)']
INFO     search time limit: 783.03s
INFO     search memory limit: None
INFO     search executable: /planner/planners/ipc2018-opt-metis/builds/release64/bin/downward
INFO     callstring: /planner/planners/ipc2018-opt-metis/builds/release64/bin/downward --symmetries 'sym=structural_symmetries(search_symmetries=dks)' --search 'astar(max([celmcut,lmcount(lm_factory=lm_merged([lm_rhw,lm_hm(m=1)]),admissible=true,transform=multiply_out_conditional_effects)]),symmetries=sym,pruning=stubborn_sets_simple(minimum_pruning_ratio=0.01),num_por_probes=1000)' --internal-plan-file /home/vidusha/intelligent_systems/planners/hapori-miplan/solutions/recharging_robot/p15_sol.txt < output.sas
time limit 783.03 -> (784, 785)
reading input... [t=0.000113541s]
done reading input! [t=0.793915s]
packing state variables...done! [t=0.793915s]
Variables: 26
FactPairs: 360
Bytes per state: 8
Building successor generator...done! [t=0.885888s]
peak memory difference for root successor generator creation: 7352 KB
time for root successor generation creation: 0.0919737s
done initializing global data [t=0.885888s]
This configuration does not support axioms!
Terminating.
Tried to use unsupported feature.
Peak memory: 155768 KB
Command '['/planner/planners/ipc2018-opt-metis/builds/release64/bin/downward', '--symmetries', 'sym=structural_symmetries(search_symmetries=dks)', '--search', 'astar(max([celmcut,lmcount(lm_factory=lm_merged([lm_rhw,lm_hm(m=1)]),admissible=true,transform=multiply_out_conditional_effects)]),symmetries=sym,pruning=stubborn_sets_simple(minimum_pruning_ratio=0.01),num_por_probes=1000)', '--internal-plan-file', '/home/vidusha/intelligent_systems/planners/hapori-miplan/solutions/recharging_robot/p15_sol.txt']' returned non-zero exit status 3
Image nick: ipc2018-opt-metis
Configs: ['metis2']
Plan file: /home/vidusha/intelligent_systems/planners/hapori-miplan/solutions/recharging_robot/p15_sol.txt
Run image config metis2
Calling planner: ['python2', '/planner/planners/ipc2018-opt-metis/fast-downward.py', '--build=release64', '--plan-file', '/home/vidusha/intelligent_systems/planners/hapori-miplan/solutions/recharging_robot/p15_sol.txt', '--transform-task', '/planner/planners/ipc2018-opt-metis/builds/release64/bin/preprocess', '--overall-time-limit', '30m', '/home/vidusha/intelligent_systems/planners/hapori-miplan/domains/recharging_robot_domain.pddl', '/home/vidusha/intelligent_systems/planners/hapori-miplan/problems/recharging_robot/p15.pddl', '--symmetries', 'sym=structural_symmetries(search_symmetries=dks)', '--search', 'astar(max([celmcut,lmcount(lm_factory=lm_merged([lm_rhw,lm_hm(m=1)]),admissible=true,transform=multiply_out_conditional_effects)]),symmetries=sym,pruning=stubborn_sets_simple(minimum_pruning_ratio=0.01),num_por_probes=1000)']
Found plan file(s): []
exitcode: 99

remaining time: 1653.43
config 3: relative time 89, remaining time 163, absolute time 902
args: ['/usr/bin/python3', '/planner/plan.py', 'ipc2018-decstar', 'domains/recharging_robot_domain.pddl', 'problems/recharging_robot/p15.pddl', 'solutions/recharging_robot/p15_sol.txt', '--config', 'opt-config06']
INFO     search stdin: None
INFO     search time limit: 902s
INFO     search memory limit: None
INFO     search command line string: /usr/bin/python3 /planner/plan.py ipc2018-decstar domains/recharging_robot_domain.pddl problems/recharging_robot/p15.pddl solutions/recharging_robot/p15_sol.txt --config opt-config06
INFO     Running translator.
INFO     translator inputs: ['/home/vidusha/intelligent_systems/planners/hapori-miplan/domains/recharging_robot_domain.pddl', '/home/vidusha/intelligent_systems/planners/hapori-miplan/problems/recharging_robot/p15.pddl']
INFO     translator arguments: []
Parsing...
Parsing: [0.000s CPU, 0.002s wall-clock]
Normalizing task... [0.000s CPU, 0.000s wall-clock]
Instantiating...
Generating Datalog program... [0.000s CPU, 0.001s wall-clock]
Normalizing Datalog program...
Normalizing Datalog program: [0.010s CPU, 0.004s wall-clock]
Preparing model... [0.000s CPU, 0.002s wall-clock]
Generated 48 rules.
Computing model... [3.910s CPU, 3.910s wall-clock]
345115 relevant atoms
34692 auxiliary atoms
379807 final queue length
1087804 total queue pushes
Completing instantiation... [19.740s CPU, 19.757s wall-clock]
Instantiating: [23.760s CPU, 23.767s wall-clock]
Computing fact groups...
Finding invariants...
12 initial candidates
Finding invariants: [0.270s CPU, 0.273s wall-clock]
Checking invariant weight... [0.000s CPU, 0.000s wall-clock]
Instantiating groups... [0.000s CPU, 0.001s wall-clock]
Collecting mutex groups... [0.000s CPU, 0.000s wall-clock]
Choosing groups...
68 uncovered facts
Choosing groups: [0.000s CPU, 0.001s wall-clock]
Building translation key... [0.000s CPU, 0.000s wall-clock]
Computing fact groups: [0.270s CPU, 0.277s wall-clock]
Building STRIPS to SAS dictionary... [0.000s CPU, 0.000s wall-clock]
Building dictionary for full mutex groups... [0.000s CPU, 0.000s wall-clock]
Building mutex information...
Building mutex information: [0.000s CPU, 0.000s wall-clock]
Translating task...
Processing axioms...
Simplifying axioms... [0.000s CPU, 0.000s wall-clock]
Processing axioms: [0.670s CPU, 0.664s wall-clock]
Translating task: [10.110s CPU, 10.106s wall-clock]
66 effect conditions simplified
0 implied preconditions added
Detecting unreachable propositions...
0 operators removed
8 propositions removed
Detecting unreachable propositions: [1.300s CPU, 1.300s wall-clock]
Translator variables: 76
Translator derived variables: 1
Translator facts: 460
Translator goal facts: 1
Translator mutex groups: 8
Translator total mutex groups size: 324
Translator operators: 263913
Translator axioms: 1
Translator task size: 1826479
Translator peak memory: 1751676 KB
Writing output... [1.900s CPU, 1.957s wall-clock]
Done! [37.970s CPU, 38.048s wall-clock]
INFO     Running preprocessor.
INFO     preprocessor input: output.sas
INFO     preprocessor arguments: ['--h2-time-limit', '120']
Building causal graph...
The causal graph is not acyclic.
26 variables of 76 necessary
0 of 8 mutex groups necessary.
263913 of 263913 operators necessary.
1 of 1 axiom rules necessary.
Disabling h2 analysis because it does not currently support axioms
Building domain transition graphs...
solveable in poly time 0
Building successor generator...
Preprocessor variables: 26
Preprocessor facts: 360
Preprocessor derived variables: 1
Preprocessor operators: 263913
Preprocessor mutex groups: 0
Preprocessor task size: 1824743
Writing output...
done
INFO     Running search.
INFO     search input: output
INFO     search executable: /planner/planners/ipc2018-decstar/src/search/downward-release
INFO     search arguments: ['--search', 'astar(blind)', '--internal-plan-file', '/home/vidusha/intelligent_systems/planners/hapori-miplan/solutions/recharging_robot/p15_sol.txt']
reading input... [t=0s]
Simplifying transitions... done!
done reading input! [t=2.63s]
building causal graph...done! [t=2.66s]
Variables: 26
Bytes per state: 8
done! [t=2.66s]
done initalizing global data [t=2.66s]
Conducting best first search with reopening closed nodes, (real) bound = 2147483647
Initializing blind search heuristic...
f = 0 [1 evaluated, 0 expanded, t=2.66s, 306952 KB]
Best heuristic value: 0 [g=0, 1 evaluated, 0 expanded, t=2.66s, 306952 KB]
f = 1 [200 evaluated, 16 expanded, t=2.66s, 306952 KB]
f = 2 [3272 evaluated, 384 expanded, t=2.67s, 306952 KB]
f = 3 [29116 evaluated, 4592 expanded, t=2.69s, 306952 KB]
f = 4 [174816 evaluated, 35696 expanded, t=2.82s, 308488 KB]
f = 5 [777130 evaluated, 200160 expanded, t=3.56s, 350816 KB]
Solution found!
Actual search time: 4.51s [t=7.17s]
move robot-01 location-0054 location-0006 battery-0002 battery-0001 (1)
move robot-01 location-0006 location-0005 battery-0001 battery-0000 (1)
stop-and-guard robot-01 location-0005 (0)
move robot-00 location-0045 location-0042 battery-0003 battery-0002 (1)
move robot-00 location-0042 location-0028 battery-0002 battery-0001 (1)
move robot-00 location-0028 location-0000 battery-0001 battery-0000 (1)
stop-and-guard robot-00 location-0000 (0)
verify-guard-config config-00 (0)
Plan length: 8 step(s).
Plan cost: 5
Initial state h value: 0.
Expanded 855553 state(s).
Reopened 0 state(s).
Evaluated 2685595 state(s).
Evaluations: 2685595
Generated 9386484 state(s).
Dead ends: 0 state(s).
Expanded until last jump: 200160 state(s).
Reopened until last jump: 0 state(s).
Evaluated until last jump: 777130 state(s).
Generated until last jump: 2320968 state(s).
Number of registered states: 2685595
Search time: 4.51s
Total time: 7.17s
Solution found.
Peak memory: 514644 KB
Image nick: ipc2018-decstar
Configs: ['opt-config06']
Plan file: /home/vidusha/intelligent_systems/planners/hapori-miplan/solutions/recharging_robot/p15_sol.txt
Run image config opt-config06
Calling planner: ['python2', '/planner/planners/ipc2018-decstar/src/fast-downward.py', '--plan-file', '/home/vidusha/intelligent_systems/planners/hapori-miplan/solutions/recharging_robot/p15_sol.txt', '/home/vidusha/intelligent_systems/planners/hapori-miplan/domains/recharging_robot_domain.pddl', '/home/vidusha/intelligent_systems/planners/hapori-miplan/problems/recharging_robot/p15.pddl', '--preprocess-options', '--h2-time-limit', '120', '--search-options', '--search', 'astar(blind)']
Found plan file(s): ['/home/vidusha/intelligent_systems/planners/hapori-miplan/solutions/recharging_robot/p15_sol.txt']
exitcode: 0

Exit codes: [99, 99, 99, 0]
INFO     Planner time: 204.17s
