INFO     planner time limit: 1800s
INFO     planner memory limit: None

INFO     Running alias (hapori-miplan-all-data-opt).
INFO     search portfolio: /planner/portfolio_driver/portfolios/hapori-miplan-all-data-opt.py
remaining time: 1799.0
config 0: relative time 861, remaining time 1797, absolute time 861
args: ['/usr/bin/python3', '/planner/plan.py', 'ipc2018-opt-scorpion', 'domains/recharging_robot_domain.pddl', 'problems/recharging_robot/p16.pddl', 'solutions/recharging_robot/p16_sol.txt', '--config', 'default']
INFO     search stdin: None
INFO     search time limit: 861s
INFO     search memory limit: None
INFO     search command line string: /usr/bin/python3 /planner/plan.py ipc2018-opt-scorpion domains/recharging_robot_domain.pddl problems/recharging_robot/p16.pddl solutions/recharging_robot/p16_sol.txt --config default
INFO     Running translator.
INFO     translator input: ['/home/vidusha/intelligent_systems/planners/hapori-miplan/domains/recharging_robot_domain.pddl', '/home/vidusha/intelligent_systems/planners/hapori-miplan/problems/recharging_robot/p16.pddl']
INFO     translator arguments: []
INFO     translator time limit: 860.98s
INFO     translator memory limit: None
INFO     callstring: /usr/bin/python2 /planner/planners/ipc2018-opt-scorpion/builds/release64/bin/translate/translate.py /home/vidusha/intelligent_systems/planners/hapori-miplan/domains/recharging_robot_domain.pddl /home/vidusha/intelligent_systems/planners/hapori-miplan/problems/recharging_robot/p16.pddl
time limit 860.98 -> (861, 862)
Parsing...
Parsing: [0.000s CPU, 0.007s wall-clock]
Normalizing task... [0.000s CPU, 0.000s wall-clock]
Instantiating...
Generating Datalog program... [0.000s CPU, 0.001s wall-clock]
Normalizing Datalog program...
Normalizing Datalog program: [0.000s CPU, 0.003s wall-clock]
Preparing model... [0.010s CPU, 0.002s wall-clock]
Generated 48 rules.
Computing model... [4.880s CPU, 4.886s wall-clock]
555179 relevant atoms
43507 auxiliary atoms
598686 final queue length
1726934 total queue pushes
Completing instantiation... [24.060s CPU, 24.067s wall-clock]
Instantiating: [29.060s CPU, 29.062s wall-clock]
Computing fact groups...
Finding invariants...
12 initial candidates
Finding invariants: [0.300s CPU, 0.306s wall-clock]
Checking invariant weight... [0.000s CPU, 0.000s wall-clock]
Instantiating groups... [0.000s CPU, 0.001s wall-clock]
Collecting mutex groups... [0.000s CPU, 0.000s wall-clock]
Choosing groups...
68 uncovered facts
Choosing groups: [0.000s CPU, 0.001s wall-clock]
Building translation key... [0.010s CPU, 0.001s wall-clock]
Computing fact groups: [0.310s CPU, 0.310s wall-clock]
Building STRIPS to SAS dictionary... [0.000s CPU, 0.000s wall-clock]
Building dictionary for full mutex groups... [0.000s CPU, 0.000s wall-clock]
Building mutex information...
Building mutex information: [0.000s CPU, 0.000s wall-clock]
Translating task...
Processing axioms...
Simplifying axioms... [0.000s CPU, 0.000s wall-clock]
Processing axioms: [0.690s CPU, 0.698s wall-clock]
Translating task: [16.670s CPU, 16.690s wall-clock]
66 effect conditions simplified
0 implied preconditions added
Detecting unreachable propositions...
0 operators removed
0 axioms removed
8 propositions removed
Detecting unreachable propositions: [9.650s CPU, 9.641s wall-clock]
Reordering and filtering variables...
33 of 76 variables necessary.
0 of 8 mutex groups necessary.
423081 of 423081 operators necessary.
1 of 1 axiom rules necessary.
Reordering and filtering variables: [1.330s CPU, 1.333s wall-clock]
Translator variables: 33
Translator derived variables: 1
Translator facts: 394
Translator goal facts: 1
Translator mutex groups: 0
Translator total mutex groups size: 0
Translator operators: 423081
Translator axioms: 1
Translator task size: 2932538
Translator peak memory: 2516608 KB
Writing output... [2.240s CPU, 2.320s wall-clock]
Done! [59.850s CPU, 59.955s wall-clock]
INFO     Run task transformation (/planner/planners/ipc2018-opt-scorpion/builds/h2-mutexes/bin/preprocess).
INFO     callstring: /planner/planners/ipc2018-opt-scorpion/builds/h2-mutexes/bin/preprocess < output.sas
Building causal graph...
The causal graph is not acyclic.
33 variables of 33 necessary
0 of 0 mutex groups necessary.
423081 of 423081 operators necessary.
1 of 1 axiom rules necessary.
Disabling h2 analysis because it does not currently support axioms
Building domain transition graphs...
solveable in poly time 0
Building successor generator...
Preprocessor variables: 33
Preprocessor facts: 394
Preprocessor derived variables: 1
Preprocessor operators: 423081
Preprocessor mutex groups: 0
Preprocessor task size: 2932538
Writing output...
done
INFO     Running search (release64).
INFO     search input: output.sas
INFO     search arguments: []
INFO     search time limit: 783.98s
INFO     search memory limit: None
INFO     search executable: /planner/planners/ipc2018-opt-scorpion/builds/release64/bin/downward
INFO     search portfolio: /planner/planners/ipc2018-opt-scorpion/driver/portfolios/seq_opt_scorpion.py
Task has no conditional effects
Exit codes: <generator object run_opt at 0x7f05d6bdd190>
remaining time: 783.98
config 0: relative time 1, remaining 1
args: ['/planner/planners/ipc2018-opt-scorpion/builds/release64/bin/downward', '--search', 'astar(saturated_cost_partitioning([projections(systematic(2), max_time=100, max_peak_memory=2048), projections(hillclimbing(max_time=100, random_seed=0)), cartesian()], max_time=200, max_optimization_time=2, diversify=true, random_seed=0, orders=greedy(random_seed=0)), pruning=stubborn_sets_simple(min_pruning_ratio=0.2))', '--internal-plan-file', '/home/vidusha/intelligent_systems/planners/hapori-miplan/solutions/recharging_robot/p16_sol.txt']
time limit 783.98 -> (784, 785)
reading input... [t=2.4483e-05s]
done reading input! [t=0.91677s]
packing state variables...done! [t=0.91677s]
Variables: 33
FactPairs: 394
Bytes per state: 12
Building successor generator...done! [t=1.04549s]
peak memory difference for root successor generator creation: 50604 KB
time for root successor generation creation: 0.128719s
done initializing global data [t=1.04549s]
This configuration does not support axioms!
Terminating.
Tried to use unsupported feature.
Peak memory: 217420 KB
exitcode: 3

Error: Unexpected exit codes: [3]
Command '['run-portfolio', '/planner/planners/ipc2018-opt-scorpion/driver/portfolios/seq_opt_scorpion.py']' returned non-zero exit status 3
Image nick: ipc2018-opt-scorpion
Configs: ['default']
Plan file: /home/vidusha/intelligent_systems/planners/hapori-miplan/solutions/recharging_robot/p16_sol.txt
Run image config default
Calling planner: ['python2', '/planner/planners/ipc2018-opt-scorpion/fast-downward.py', '--build=release64', '--plan-file', '/home/vidusha/intelligent_systems/planners/hapori-miplan/solutions/recharging_robot/p16_sol.txt', '--transform-task', '/planner/planners/ipc2018-opt-scorpion/builds/h2-mutexes/bin/preprocess', '--alias', 'seq-opt-scorpion', '--overall-time-limit', '30m', '/home/vidusha/intelligent_systems/planners/hapori-miplan/domains/recharging_robot_domain.pddl', '/home/vidusha/intelligent_systems/planners/hapori-miplan/problems/recharging_robot/p16.pddl']
Found plan file(s): []
exitcode: 99

remaining time: 1719.44
config 1: relative time 615, remaining time 936, absolute time 1129
args: ['/usr/bin/python3', '/planner/plan.py', 'ipc2014-opt-symba1', 'domains/recharging_robot_domain.pddl', 'problems/recharging_robot/p16.pddl', 'solutions/recharging_robot/p16_sol.txt', '--config', 'default']
INFO     search stdin: None
INFO     search time limit: 1129s
INFO     search memory limit: None
INFO     search command line string: /usr/bin/python3 /planner/plan.py ipc2014-opt-symba1 domains/recharging_robot_domain.pddl problems/recharging_robot/p16.pddl solutions/recharging_robot/p16_sol.txt --config default
1. Running translator
Second argument is a file name: use two translator arguments.
Parsing...
Parsing: [0.000s CPU, 0.001s wall-clock]
Normalizing task... [0.000s CPU, 0.000s wall-clock]
Instantiating...
Generating Datalog program... [0.000s CPU, 0.001s wall-clock]
Normalizing Datalog program...
Normalizing Datalog program: [0.010s CPU, 0.003s wall-clock]
Preparing model... [0.000s CPU, 0.002s wall-clock]
Generated 48 rules.
Computing model... [4.630s CPU, 4.633s wall-clock]
555179 relevant atoms
43507 auxiliary atoms
598686 final queue length
1726934 total queue pushes
Completing instantiation... [30.540s CPU, 30.556s wall-clock]
Instantiating: [35.310s CPU, 35.330s wall-clock]
Computing fact groups...
Finding invariants...
12 initial candidates
Finding invariants: [0.310s CPU, 0.302s wall-clock]
Checking invariant weight... [0.000s CPU, 0.000s wall-clock]
Instantiating groups... [0.000s CPU, 0.001s wall-clock]
Collecting mutex groups... [0.000s CPU, 0.000s wall-clock]
Choosing groups...
68 uncovered facts
Choosing groups: [0.000s CPU, 0.001s wall-clock]
Building translation key... [0.000s CPU, 0.000s wall-clock]
Computing fact groups: [0.310s CPU, 0.305s wall-clock]
Building STRIPS to SAS dictionary... [0.000s CPU, 0.000s wall-clock]
Building dictionary for full mutex groups... [0.000s CPU, 0.000s wall-clock]
Building mutex information...
Building mutex information: [0.000s CPU, 0.000s wall-clock]
Translating task...
Processing axioms...
Simplifying axioms... [0.000s CPU, 0.000s wall-clock]
Processing axioms: [0.760s CPU, 0.761s wall-clock]
Translating task: [12.670s CPU, 12.670s wall-clock]
0 implied effects removed
66 effect conditions simplified
0 implied preconditions added
Detecting unreachable propositions...
0 operators removed
8 propositions removed
Detecting unreachable propositions: [1.490s CPU, 1.494s wall-clock]
Translator variables: 76
Translator derived variables: 1
Translator facts: 480
Translator mutex groups: 8
Translator total mutex groups size: 344
Translator operators: 423081
Translator task size: 2934070
Translator peak memory: 2796000 KB
Writing output... [2.300s CPU, 2.357s wall-clock]
Done! [52.970s CPU, 53.048s wall-clock]

2. Running preprocessor
Building causal graph...
The causal graph is not acyclic.
33 variables of 76 necessary
0 of 8 mutex groups necessary.
423081 of 423081 operators necessary.
1 of 1 axiom rules necessary.
Initializing mutex computation...
Mutex computation initialized with 394 fluents.
iteration for mutex detection and operator pruning
Initialize m_index fw
Initialized mvalues forward: reached=1089, notReached=136761, spurious=17386
Initialize m_ops fw
Error, axioms not supported by h2
Image nick: ipc2014-opt-symba1
Configs: ['default']
Plan file: /home/vidusha/intelligent_systems/planners/hapori-miplan/solutions/recharging_robot/p16_sol.txt
Run image config default
Calling planner: ['/planner/planners/ipc2014-opt-symba1/plan', 'seq-opt-symba-1', '/home/vidusha/intelligent_systems/planners/hapori-miplan/domains/recharging_robot_domain.pddl', '/home/vidusha/intelligent_systems/planners/hapori-miplan/problems/recharging_robot/p16.pddl', '/home/vidusha/intelligent_systems/planners/hapori-miplan/solutions/recharging_robot/p16_sol.txt']
Found plan file(s): []
exitcode: 99

remaining time: 1662.84
config 2: relative time 158, remaining time 321, absolute time 818
args: ['/usr/bin/python3', '/planner/plan.py', 'ipc2018-opt-metis', 'domains/recharging_robot_domain.pddl', 'problems/recharging_robot/p16.pddl', 'solutions/recharging_robot/p16_sol.txt', '--config', 'metis2']
INFO     search stdin: None
INFO     search time limit: 818s
INFO     search memory limit: None
INFO     search command line string: /usr/bin/python3 /planner/plan.py ipc2018-opt-metis domains/recharging_robot_domain.pddl problems/recharging_robot/p16.pddl solutions/recharging_robot/p16_sol.txt --config metis2
INFO     Running translator.
INFO     translator input: ['/home/vidusha/intelligent_systems/planners/hapori-miplan/domains/recharging_robot_domain.pddl', '/home/vidusha/intelligent_systems/planners/hapori-miplan/problems/recharging_robot/p16.pddl']
INFO     translator arguments: []
INFO     translator time limit: 817.99s
INFO     translator memory limit: None
INFO     callstring: /usr/bin/python2 /planner/planners/ipc2018-opt-metis/builds/release64/bin/translate/translate.py /home/vidusha/intelligent_systems/planners/hapori-miplan/domains/recharging_robot_domain.pddl /home/vidusha/intelligent_systems/planners/hapori-miplan/problems/recharging_robot/p16.pddl
time limit 817.99 -> (818, 819)
Parsing...
Parsing: [0.000s CPU, 0.003s wall-clock]
Normalizing task... [0.000s CPU, 0.000s wall-clock]
Instantiating...
Generating Datalog program... [0.000s CPU, 0.001s wall-clock]
Normalizing Datalog program...
Normalizing Datalog program: [0.010s CPU, 0.002s wall-clock]
Preparing model... [0.000s CPU, 0.002s wall-clock]
Generated 48 rules.
Computing model... [4.310s CPU, 4.309s wall-clock]
555179 relevant atoms
43507 auxiliary atoms
598686 final queue length
1726934 total queue pushes
Completing instantiation... [19.530s CPU, 19.535s wall-clock]
Instantiating: [23.950s CPU, 23.951s wall-clock]
Computing fact groups...
Finding invariants...
12 initial candidates
Finding invariants: [0.340s CPU, 0.338s wall-clock]
Checking invariant weight... [0.000s CPU, 0.000s wall-clock]
Instantiating groups... [0.000s CPU, 0.001s wall-clock]
Collecting mutex groups... [0.000s CPU, 0.000s wall-clock]
Choosing groups...
68 uncovered facts
Choosing groups: [0.000s CPU, 0.001s wall-clock]
Building translation key... [0.000s CPU, 0.001s wall-clock]
Computing fact groups: [0.340s CPU, 0.341s wall-clock]
Building STRIPS to SAS dictionary... [0.000s CPU, 0.000s wall-clock]
Building dictionary for full mutex groups... [0.000s CPU, 0.000s wall-clock]
Building mutex information...
Building mutex information: [0.000s CPU, 0.000s wall-clock]
Translating task...
Processing axioms...
Simplifying axioms... [0.000s CPU, 0.000s wall-clock]
Processing axioms: [0.650s CPU, 0.645s wall-clock]
Translating task: [14.380s CPU, 14.371s wall-clock]
66 effect conditions simplified
0 implied preconditions added
Detecting unreachable propositions...
0 operators removed
0 axioms removed
8 propositions removed
Detecting unreachable propositions: [7.780s CPU, 7.784s wall-clock]
Reordering and filtering variables...
33 of 76 variables necessary.
0 of 8 mutex groups necessary.
423081 of 423081 operators necessary.
1 of 1 axiom rules necessary.
Reordering and filtering variables: [1.340s CPU, 1.333s wall-clock]
Translator variables: 33
Translator derived variables: 1
Translator facts: 394
Translator goal facts: 1
Translator mutex groups: 0
Translator total mutex groups size: 0
Translator operators: 423081
Translator axioms: 1
Translator task size: 2932538
Translator peak memory: 2516360 KB
Writing output... [2.280s CPU, 2.328s wall-clock]
Done! [50.810s CPU, 50.862s wall-clock]
INFO     Run task transformation (/planner/planners/ipc2018-opt-metis/builds/release64/bin/preprocess).
INFO     callstring: /planner/planners/ipc2018-opt-metis/builds/release64/bin/preprocess < output.sas
Building causal graph...
The causal graph is not acyclic.
33 variables of 33 necessary
0 of 0 mutex groups necessary.
423081 of 423081 operators necessary.
1 of 1 axiom rules necessary.
Disabling h2 analysis because it does not currently support axioms
Building domain transition graphs...
solveable in poly time 0
Building successor generator...
Preprocessor variables: 33
Preprocessor facts: 394
Preprocessor derived variables: 1
Preprocessor operators: 423081
Preprocessor mutex groups: 0
Preprocessor task size: 2932538
Writing output...
done
INFO     Running search (release64).
INFO     search input: output.sas
INFO     search arguments: ['--symmetries', 'sym=structural_symmetries(search_symmetries=dks)', '--search', 'astar(max([celmcut,lmcount(lm_factory=lm_merged([lm_rhw,lm_hm(m=1)]),admissible=true,transform=multiply_out_conditional_effects)]),symmetries=sym,pruning=stubborn_sets_simple(minimum_pruning_ratio=0.01),num_por_probes=1000)']
INFO     search time limit: 750.25s
INFO     search memory limit: None
INFO     search executable: /planner/planners/ipc2018-opt-metis/builds/release64/bin/downward
INFO     callstring: /planner/planners/ipc2018-opt-metis/builds/release64/bin/downward --symmetries 'sym=structural_symmetries(search_symmetries=dks)' --search 'astar(max([celmcut,lmcount(lm_factory=lm_merged([lm_rhw,lm_hm(m=1)]),admissible=true,transform=multiply_out_conditional_effects)]),symmetries=sym,pruning=stubborn_sets_simple(minimum_pruning_ratio=0.01),num_por_probes=1000)' --internal-plan-file /home/vidusha/intelligent_systems/planners/hapori-miplan/solutions/recharging_robot/p16_sol.txt < output.sas
time limit 750.25 -> (751, 752)
reading input... [t=7.4752e-05s]
done reading input! [t=0.916015s]
packing state variables...done! [t=0.916015s]
Variables: 33
FactPairs: 394
Bytes per state: 12
Building successor generator...done! [t=1.03591s]
peak memory difference for root successor generator creation: 50608 KB
time for root successor generation creation: 0.119894s
done initializing global data [t=1.03591s]
This configuration does not support axioms!
Terminating.
Tried to use unsupported feature.
Peak memory: 217220 KB
Command '['/planner/planners/ipc2018-opt-metis/builds/release64/bin/downward', '--symmetries', 'sym=structural_symmetries(search_symmetries=dks)', '--search', 'astar(max([celmcut,lmcount(lm_factory=lm_merged([lm_rhw,lm_hm(m=1)]),admissible=true,transform=multiply_out_conditional_effects)]),symmetries=sym,pruning=stubborn_sets_simple(minimum_pruning_ratio=0.01),num_por_probes=1000)', '--internal-plan-file', '/home/vidusha/intelligent_systems/planners/hapori-miplan/solutions/recharging_robot/p16_sol.txt']' returned non-zero exit status 3
Image nick: ipc2018-opt-metis
Configs: ['metis2']
Plan file: /home/vidusha/intelligent_systems/planners/hapori-miplan/solutions/recharging_robot/p16_sol.txt
Run image config metis2
Calling planner: ['python2', '/planner/planners/ipc2018-opt-metis/fast-downward.py', '--build=release64', '--plan-file', '/home/vidusha/intelligent_systems/planners/hapori-miplan/solutions/recharging_robot/p16_sol.txt', '--transform-task', '/planner/planners/ipc2018-opt-metis/builds/release64/bin/preprocess', '--overall-time-limit', '30m', '/home/vidusha/intelligent_systems/planners/hapori-miplan/domains/recharging_robot_domain.pddl', '/home/vidusha/intelligent_systems/planners/hapori-miplan/problems/recharging_robot/p16.pddl', '--symmetries', 'sym=structural_symmetries(search_symmetries=dks)', '--search', 'astar(max([celmcut,lmcount(lm_factory=lm_merged([lm_rhw,lm_hm(m=1)]),admissible=true,transform=multiply_out_conditional_effects)]),symmetries=sym,pruning=stubborn_sets_simple(minimum_pruning_ratio=0.01),num_por_probes=1000)']
Found plan file(s): []
exitcode: 99

remaining time: 1593.97
config 3: relative time 89, remaining time 163, absolute time 870
args: ['/usr/bin/python3', '/planner/plan.py', 'ipc2018-decstar', 'domains/recharging_robot_domain.pddl', 'problems/recharging_robot/p16.pddl', 'solutions/recharging_robot/p16_sol.txt', '--config', 'opt-config06']
INFO     search stdin: None
INFO     search time limit: 870s
INFO     search memory limit: None
INFO     search command line string: /usr/bin/python3 /planner/plan.py ipc2018-decstar domains/recharging_robot_domain.pddl problems/recharging_robot/p16.pddl solutions/recharging_robot/p16_sol.txt --config opt-config06
INFO     Running translator.
INFO     translator inputs: ['/home/vidusha/intelligent_systems/planners/hapori-miplan/domains/recharging_robot_domain.pddl', '/home/vidusha/intelligent_systems/planners/hapori-miplan/problems/recharging_robot/p16.pddl']
INFO     translator arguments: []
Parsing...
Parsing: [0.010s CPU, 0.001s wall-clock]
Normalizing task... [0.000s CPU, 0.000s wall-clock]
Instantiating...
Generating Datalog program... [0.000s CPU, 0.001s wall-clock]
Normalizing Datalog program...
Normalizing Datalog program: [0.000s CPU, 0.002s wall-clock]
Preparing model... [0.000s CPU, 0.002s wall-clock]
Generated 48 rules.
Computing model... [4.610s CPU, 4.616s wall-clock]
555179 relevant atoms
43507 auxiliary atoms
598686 final queue length
1726934 total queue pushes
Completing instantiation... [27.620s CPU, 27.634s wall-clock]
Instantiating: [32.360s CPU, 32.383s wall-clock]
Computing fact groups...
Finding invariants...
12 initial candidates
Finding invariants: [0.310s CPU, 0.306s wall-clock]
Checking invariant weight... [0.000s CPU, 0.000s wall-clock]
Instantiating groups... [0.000s CPU, 0.001s wall-clock]
Collecting mutex groups... [0.000s CPU, 0.000s wall-clock]
Choosing groups...
68 uncovered facts
Choosing groups: [0.000s CPU, 0.001s wall-clock]
Building translation key... [0.000s CPU, 0.000s wall-clock]
Computing fact groups: [0.310s CPU, 0.309s wall-clock]
Building STRIPS to SAS dictionary... [0.000s CPU, 0.000s wall-clock]
Building dictionary for full mutex groups... [0.000s CPU, 0.000s wall-clock]
Building mutex information...
Building mutex information: [0.000s CPU, 0.000s wall-clock]
Translating task...
Processing axioms...
Simplifying axioms... [0.000s CPU, 0.000s wall-clock]
Processing axioms: [0.750s CPU, 0.749s wall-clock]
Translating task: [11.400s CPU, 11.396s wall-clock]
66 effect conditions simplified
0 implied preconditions added
Detecting unreachable propositions...
0 operators removed
8 propositions removed
Detecting unreachable propositions: [1.570s CPU, 1.571s wall-clock]
Translator variables: 76
Translator derived variables: 1
Translator facts: 480
Translator goal facts: 1
Translator mutex groups: 8
Translator total mutex groups size: 344
Translator operators: 423081
Translator axioms: 1
Translator task size: 2934070
Translator peak memory: 2796040 KB
Writing output... [2.170s CPU, 2.222s wall-clock]
Done! [48.700s CPU, 48.765s wall-clock]
INFO     Running preprocessor.
INFO     preprocessor input: output.sas
INFO     preprocessor arguments: ['--h2-time-limit', '120']
Building causal graph...
The causal graph is not acyclic.
33 variables of 76 necessary
0 of 8 mutex groups necessary.
423081 of 423081 operators necessary.
1 of 1 axiom rules necessary.
Disabling h2 analysis because it does not currently support axioms
Building domain transition graphs...
solveable in poly time 0
Building successor generator...
Preprocessor variables: 33
Preprocessor facts: 394
Preprocessor derived variables: 1
Preprocessor operators: 423081
Preprocessor mutex groups: 0
Preprocessor task size: 2932538
Writing output...
done
INFO     Running search.
INFO     search input: output
INFO     search executable: /planner/planners/ipc2018-decstar/src/search/downward-release
INFO     search arguments: ['--search', 'astar(blind)', '--internal-plan-file', '/home/vidusha/intelligent_systems/planners/hapori-miplan/solutions/recharging_robot/p16_sol.txt']
reading input... [t=0s]
Simplifying transitions... done!
done reading input! [t=2.58s]
building causal graph...done! [t=2.61s]
Variables: 33
Bytes per state: 12
done! [t=2.61s]
done initalizing global data [t=2.61s]
Conducting best first search with reopening closed nodes, (real) bound = 2147483647
Initializing blind search heuristic...
f = 0 [1 evaluated, 0 expanded, t=2.61s, 486724 KB]
Best heuristic value: 0 [g=0, 1 evaluated, 0 expanded, t=2.61s, 486724 KB]
f = 1 [192 evaluated, 16 expanded, t=2.61s, 486724 KB]
f = 2 [2956 evaluated, 368 expanded, t=2.62s, 486724 KB]
f = 3 [24184 evaluated, 4112 expanded, t=2.63s, 486724 KB]
f = 4 [132532 evaluated, 29424 expanded, t=2.7s, 486724 KB]
f = 5 [541370 evaluated, 151040 expanded, t=3.1s, 492420 KB]
f = 6 [1750128 evaluated, 594528 expanded, t=4.73s, 590164 KB]
f = 7 [4666284 evaluated, 1879184 expanded, t=9.09s, 845532 KB]
f = 8 [10540757 evaluated, 4935504 expanded, t=19.39s, 1355748 KB]
f = 9 [20629038 evaluated, 11032352 expanded, t=46.05s, 2238768 KB]
f = 10 [35961613 evaluated, 21431808 expanded, t=89.32s, 3621048 KB]
Command '['/planner/planners/ipc2018-decstar/src/search/downward-release', '--search', 'astar(blind)', '--internal-plan-file', '/home/vidusha/intelligent_systems/planners/hapori-miplan/solutions/recharging_robot/p16_sol.txt']' returned non-zero exit status -9
Image nick: ipc2018-decstar
Configs: ['opt-config06']
Plan file: /home/vidusha/intelligent_systems/planners/hapori-miplan/solutions/recharging_robot/p16_sol.txt
Run image config opt-config06
Calling planner: ['python2', '/planner/planners/ipc2018-decstar/src/fast-downward.py', '--plan-file', '/home/vidusha/intelligent_systems/planners/hapori-miplan/solutions/recharging_robot/p16_sol.txt', '/home/vidusha/intelligent_systems/planners/hapori-miplan/domains/recharging_robot_domain.pddl', '/home/vidusha/intelligent_systems/planners/hapori-miplan/problems/recharging_robot/p16.pddl', '--preprocess-options', '--h2-time-limit', '120', '--search-options', '--search', 'astar(blind)']
Found plan file(s): []
exitcode: 99

remaining time: 1392.6799999999998
config 4: relative time 27, remaining time 74, absolute time 508
args: ['/usr/bin/python3', '/planner/plan.py', 'ipc2018-decstar', 'domains/recharging_robot_domain.pddl', 'problems/recharging_robot/p16.pddl', 'solutions/recharging_robot/p16_sol.txt', '--config', 'opt-config00']
INFO     search stdin: None
INFO     search time limit: 508s
INFO     search memory limit: None
INFO     search command line string: /usr/bin/python3 /planner/plan.py ipc2018-decstar domains/recharging_robot_domain.pddl problems/recharging_robot/p16.pddl solutions/recharging_robot/p16_sol.txt --config opt-config00
INFO     Running translator.
INFO     translator inputs: ['/home/vidusha/intelligent_systems/planners/hapori-miplan/domains/recharging_robot_domain.pddl', '/home/vidusha/intelligent_systems/planners/hapori-miplan/problems/recharging_robot/p16.pddl']
INFO     translator arguments: []
Parsing...
Parsing: [0.000s CPU, 0.003s wall-clock]
Normalizing task... [0.000s CPU, 0.000s wall-clock]
Instantiating...
Generating Datalog program... [0.000s CPU, 0.001s wall-clock]
Normalizing Datalog program...
Normalizing Datalog program: [0.000s CPU, 0.003s wall-clock]
Preparing model... [0.000s CPU, 0.002s wall-clock]
Generated 48 rules.
Computing model... [4.840s CPU, 4.841s wall-clock]
555179 relevant atoms
43507 auxiliary atoms
598686 final queue length
1726934 total queue pushes
Completing instantiation... [24.110s CPU, 24.126s wall-clock]
Instantiating: [29.090s CPU, 29.110s wall-clock]
Computing fact groups...
Finding invariants...
12 initial candidates
Finding invariants: [0.360s CPU, 0.368s wall-clock]
Checking invariant weight... [0.000s CPU, 0.000s wall-clock]
Instantiating groups... [0.000s CPU, 0.001s wall-clock]
Collecting mutex groups... [0.000s CPU, 0.000s wall-clock]
Choosing groups...
68 uncovered facts
Choosing groups: [0.000s CPU, 0.001s wall-clock]
Building translation key... [0.000s CPU, 0.000s wall-clock]
Computing fact groups: [0.370s CPU, 0.372s wall-clock]
Building STRIPS to SAS dictionary... [0.000s CPU, 0.000s wall-clock]
Building dictionary for full mutex groups... [0.000s CPU, 0.000s wall-clock]
Building mutex information...
Building mutex information: [0.000s CPU, 0.000s wall-clock]
Translating task...
Processing axioms...
Simplifying axioms... [0.000s CPU, 0.000s wall-clock]
Processing axioms: [0.770s CPU, 0.769s wall-clock]
Translating task: [11.650s CPU, 11.648s wall-clock]
66 effect conditions simplified
0 implied preconditions added
Detecting unreachable propositions...
0 operators removed
8 propositions removed
Detecting unreachable propositions: [1.570s CPU, 1.574s wall-clock]
Translator variables: 76
Translator derived variables: 1
Translator facts: 480
Translator goal facts: 1
Translator mutex groups: 8
Translator total mutex groups size: 344
Translator operators: 423081
Translator axioms: 1
Translator task size: 2934070
Translator peak memory: 2796044 KB
Writing output... [2.330s CPU, 2.429s wall-clock]
Done! [45.940s CPU, 46.063s wall-clock]
INFO     Running preprocessor.
INFO     preprocessor input: output.sas
INFO     preprocessor arguments: ['--h2-time-limit', '120']
Building causal graph...
The causal graph is not acyclic.
33 variables of 76 necessary
0 of 8 mutex groups necessary.
423081 of 423081 operators necessary.
1 of 1 axiom rules necessary.
Disabling h2 analysis because it does not currently support axioms
Building domain transition graphs...
solveable in poly time 0
Building successor generator...
Preprocessor variables: 33
Preprocessor facts: 394
Preprocessor derived variables: 1
Preprocessor operators: 423081
Preprocessor mutex groups: 0
Preprocessor task size: 2932538
Writing output...
done
INFO     Running search.
INFO     search input: output
INFO     search executable: /planner/planners/ipc2018-decstar/src/search/downward-release
INFO     search arguments: ['--decoupling', 'fork(search_type=asda, pruning=cost_frontier(irrelevance=TRANSITIONS), max_leaf_size=10000000)', '--search', 'astar(lmcut,       pruning_heuristic=lmcut(search_type=STAR),      pruning=stubborn_sets_decoupled(min_pruning_ratio=0.2, special_case_optimizations=true))', '--internal-plan-file', '/home/vidusha/intelligent_systems/planners/hapori-miplan/solutions/recharging_robot/p16_sol.txt']
using frontier pruning method
performing irrelevance analysis in leaf factors
performing Anytime Star Decoupled A* search
maximum leaf factor size 10000000
using fork factoring profile
reading input... [t=0s]
Simplifying transitions... done!
done reading input! [t=2.62s]
building causal graph...done! [t=2.66s]
Heuristic does not support axioms!
Terminating.
Tried to use unsupported feature.
Peak memory: 486724 KB
Command '['/planner/planners/ipc2018-decstar/src/search/downward-release', '--decoupling', 'fork(search_type=asda, pruning=cost_frontier(irrelevance=TRANSITIONS), max_leaf_size=10000000)', '--search', 'astar(lmcut,       pruning_heuristic=lmcut(search_type=STAR),      pruning=stubborn_sets_decoupled(min_pruning_ratio=0.2, special_case_optimizations=true))', '--internal-plan-file', '/home/vidusha/intelligent_systems/planners/hapori-miplan/solutions/recharging_robot/p16_sol.txt']' returned non-zero exit status 3
Image nick: ipc2018-decstar
Configs: ['opt-config00']
Plan file: /home/vidusha/intelligent_systems/planners/hapori-miplan/solutions/recharging_robot/p16_sol.txt
Run image config opt-config00
Calling planner: ['python2', '/planner/planners/ipc2018-decstar/src/fast-downward.py', '--plan-file', '/home/vidusha/intelligent_systems/planners/hapori-miplan/solutions/recharging_robot/p16_sol.txt', '/home/vidusha/intelligent_systems/planners/hapori-miplan/domains/recharging_robot_domain.pddl', '/home/vidusha/intelligent_systems/planners/hapori-miplan/problems/recharging_robot/p16.pddl', '--preprocess-options', '--h2-time-limit', '120', '--search-options', '--decoupling', 'fork(search_type=asda, pruning=cost_frontier(irrelevance=TRANSITIONS), max_leaf_size=10000000)', '--search', 'astar(lmcut,       pruning_heuristic=lmcut(search_type=STAR),      pruning=stubborn_sets_decoupled(min_pruning_ratio=0.2, special_case_optimizations=true))']
Found plan file(s): []
exitcode: 99

remaining time: 1326.6999999999998
config 5: relative time 17, remaining time 47, absolute time 479
args: ['/usr/bin/python3', '/planner/plan.py', 'ipc2018-decstar', 'domains/recharging_robot_domain.pddl', 'problems/recharging_robot/p16.pddl', 'solutions/recharging_robot/p16_sol.txt', '--config', 'opt-config01']
INFO     search stdin: None
INFO     search time limit: 479s
INFO     search memory limit: None
INFO     search command line string: /usr/bin/python3 /planner/plan.py ipc2018-decstar domains/recharging_robot_domain.pddl problems/recharging_robot/p16.pddl solutions/recharging_robot/p16_sol.txt --config opt-config01
INFO     Running translator.
INFO     translator inputs: ['/home/vidusha/intelligent_systems/planners/hapori-miplan/domains/recharging_robot_domain.pddl', '/home/vidusha/intelligent_systems/planners/hapori-miplan/problems/recharging_robot/p16.pddl']
INFO     translator arguments: []
Parsing...
Parsing: [0.010s CPU, 0.002s wall-clock]
Normalizing task... [0.000s CPU, 0.000s wall-clock]
Instantiating...
Generating Datalog program... [0.000s CPU, 0.001s wall-clock]
Normalizing Datalog program...
Normalizing Datalog program: [0.000s CPU, 0.002s wall-clock]
Preparing model... [0.000s CPU, 0.002s wall-clock]
Generated 48 rules.
Computing model... [4.730s CPU, 4.734s wall-clock]
555179 relevant atoms
43507 auxiliary atoms
598686 final queue length
1726934 total queue pushes
Completing instantiation... [27.140s CPU, 27.157s wall-clock]
Instantiating: [32.020s CPU, 32.033s wall-clock]
Computing fact groups...
Finding invariants...
12 initial candidates
Finding invariants: [0.320s CPU, 0.320s wall-clock]
Checking invariant weight... [0.000s CPU, 0.000s wall-clock]
Instantiating groups... [0.000s CPU, 0.001s wall-clock]
Collecting mutex groups... [0.000s CPU, 0.000s wall-clock]
Choosing groups...
68 uncovered facts
Choosing groups: [0.000s CPU, 0.001s wall-clock]
Building translation key... [0.000s CPU, 0.000s wall-clock]
Computing fact groups: [0.320s CPU, 0.323s wall-clock]
Building STRIPS to SAS dictionary... [0.000s CPU, 0.000s wall-clock]
Building dictionary for full mutex groups... [0.000s CPU, 0.000s wall-clock]
Building mutex information...
Building mutex information: [0.000s CPU, 0.000s wall-clock]
Translating task...
Processing axioms...
Simplifying axioms... [0.000s CPU, 0.000s wall-clock]
Processing axioms: [0.760s CPU, 0.759s wall-clock]
Translating task: [11.630s CPU, 11.642s wall-clock]
66 effect conditions simplified
0 implied preconditions added
Detecting unreachable propositions...
0 operators removed
8 propositions removed
Detecting unreachable propositions: [1.560s CPU, 1.564s wall-clock]
Translator variables: 76
Translator derived variables: 1
Translator facts: 480
Translator goal facts: 1
Translator mutex groups: 8
Translator total mutex groups size: 344
Translator operators: 423081
Translator axioms: 1
Translator task size: 2934070
Translator peak memory: 2796044 KB
Writing output... [2.240s CPU, 8.239s wall-clock]
Done! [48.660s CPU, 54.678s wall-clock]
INFO     Running preprocessor.
INFO     preprocessor input: output.sas
INFO     preprocessor arguments: ['--h2-time-limit', '120']
Building causal graph...
The causal graph is not acyclic.
33 variables of 76 necessary
0 of 8 mutex groups necessary.
423081 of 423081 operators necessary.
1 of 1 axiom rules necessary.
Disabling h2 analysis because it does not currently support axioms
Building domain transition graphs...
solveable in poly time 0
Building successor generator...
Preprocessor variables: 33
Preprocessor facts: 394
Preprocessor derived variables: 1
Preprocessor operators: 423081
Preprocessor mutex groups: 0
Preprocessor task size: 2932538
Writing output...
done
INFO     Running search.
INFO     search input: output
INFO     search executable: /planner/planners/ipc2018-decstar/src/search/downward-release
INFO     search arguments: ['--decoupling', 'portfolio(fallback_on_abstain=false, overwrite_options=true, choose_max_leaves=true, factorings=[fork(search_type=asda, max_leaf_size=10000000), ifork(max_leaf_size=10000000), incarcs(max_leaf_size=1000000)])', '--search', 'astar(lmcut,      pruning_heuristic=lmcut(search_type=STAR),      pruning=stubborn_sets_decoupled(min_pruning_ratio=0.2, special_case_optimizations=true, use_single_var_ifork_optimization=true),      symmetry=symmetry_state_pruning(lex_prices=true, lex_num_states=false, lex_goal_cost=false))', '--internal-plan-file', '/home/vidusha/intelligent_systems/planners/hapori-miplan/solutions/recharging_robot/p16_sol.txt']
performing Anytime Star Decoupled A* search
maximum leaf factor size 10000000
using default pruning method: BasicPruning
using fork factoring profile
performing Star Decoupled A* search
maximum leaf factor size 10000000
using default pruning method: BasicPruning
using inverted-fork factoring profile
performing Star Decoupled A* search
maximum leaf factor size 1000000
using default pruning method: BasicPruning
using incident-arcs factoring profile
performing Star Decoupled A* search
using default pruning method: BasicPruning
using factoring portfolio
reading input... [t=0s]
Simplifying transitions... done!
done reading input! [t=2.58s]
building causal graph...done! [t=2.61s]
Heuristic does not support axioms!
Terminating.
Tried to use unsupported feature.
Peak memory: 486724 KB
Command '['/planner/planners/ipc2018-decstar/src/search/downward-release', '--decoupling', 'portfolio(fallback_on_abstain=false, overwrite_options=true, choose_max_leaves=true, factorings=[fork(search_type=asda, max_leaf_size=10000000), ifork(max_leaf_size=10000000), incarcs(max_leaf_size=1000000)])', '--search', 'astar(lmcut,      pruning_heuristic=lmcut(search_type=STAR),      pruning=stubborn_sets_decoupled(min_pruning_ratio=0.2, special_case_optimizations=true, use_single_var_ifork_optimization=true),      symmetry=symmetry_state_pruning(lex_prices=true, lex_num_states=false, lex_goal_cost=false))', '--internal-plan-file', '/home/vidusha/intelligent_systems/planners/hapori-miplan/solutions/recharging_robot/p16_sol.txt']' returned non-zero exit status 3
Image nick: ipc2018-decstar
Configs: ['opt-config01']
Plan file: /home/vidusha/intelligent_systems/planners/hapori-miplan/solutions/recharging_robot/p16_sol.txt
Run image config opt-config01
Calling planner: ['python2', '/planner/planners/ipc2018-decstar/src/fast-downward.py', '--plan-file', '/home/vidusha/intelligent_systems/planners/hapori-miplan/solutions/recharging_robot/p16_sol.txt', '/home/vidusha/intelligent_systems/planners/hapori-miplan/domains/recharging_robot_domain.pddl', '/home/vidusha/intelligent_systems/planners/hapori-miplan/problems/recharging_robot/p16.pddl', '--preprocess-options', '--h2-time-limit', '120', '--search-options', '--decoupling', 'portfolio(fallback_on_abstain=false, overwrite_options=true, choose_max_leaves=true, factorings=[fork(search_type=asda, max_leaf_size=10000000), ifork(max_leaf_size=10000000), incarcs(max_leaf_size=1000000)])', '--search', 'astar(lmcut,      pruning_heuristic=lmcut(search_type=STAR),      pruning=stubborn_sets_decoupled(min_pruning_ratio=0.2, special_case_optimizations=true, use_single_var_ifork_optimization=true),      symmetry=symmetry_state_pruning(lex_prices=true, lex_num_states=false, lex_goal_cost=false))']
Found plan file(s): []
exitcode: 99

remaining time: 1258.34
config 6: relative time 16, remaining time 30, absolute time 671
args: ['/usr/bin/python3', '/planner/plan.py', 'ipc2018-opt-delfi', 'domains/recharging_robot_domain.pddl', 'problems/recharging_robot/p16.pddl', 'solutions/recharging_robot/p16_sol.txt', '--config', 'h2-simpless-oss-cpdbshc900']
INFO     search stdin: None
INFO     search time limit: 671s
INFO     search memory limit: None
INFO     search command line string: /usr/bin/python3 /planner/plan.py ipc2018-opt-delfi domains/recharging_robot_domain.pddl problems/recharging_robot/p16.pddl solutions/recharging_robot/p16_sol.txt --config h2-simpless-oss-cpdbshc900
INFO     Running translator.
INFO     translator input: ['/home/vidusha/intelligent_systems/planners/hapori-miplan/domains/recharging_robot_domain.pddl', '/home/vidusha/intelligent_systems/planners/hapori-miplan/problems/recharging_robot/p16.pddl']
INFO     translator arguments: []
INFO     translator time limit: 670.99s
INFO     translator memory limit: None
INFO     callstring: /usr/bin/python2 /planner/planners/ipc2018-opt-delfi/builds/release64/bin/translate/translate.py /home/vidusha/intelligent_systems/planners/hapori-miplan/domains/recharging_robot_domain.pddl /home/vidusha/intelligent_systems/planners/hapori-miplan/problems/recharging_robot/p16.pddl
time limit 670.99 -> (671, 672)
Parsing...
Parsing: [0.000s CPU, 0.004s wall-clock]
Normalizing task... [0.000s CPU, 0.000s wall-clock]
Instantiating...
Generating Datalog program... [0.000s CPU, 0.001s wall-clock]
Normalizing Datalog program...
Normalizing Datalog program: [0.000s CPU, 0.003s wall-clock]
Preparing model... [0.010s CPU, 0.002s wall-clock]
Generated 48 rules.
Computing model... [4.460s CPU, 4.472s wall-clock]
555179 relevant atoms
43507 auxiliary atoms
598686 final queue length
1726934 total queue pushes
Completing instantiation... [20.810s CPU, 20.820s wall-clock]
Instantiating: [25.390s CPU, 25.408s wall-clock]
Computing fact groups...
Finding invariants...
12 initial candidates
Finding invariants: [0.330s CPU, 0.324s wall-clock]
Checking invariant weight... [0.000s CPU, 0.000s wall-clock]
Instantiating groups... [0.000s CPU, 0.001s wall-clock]
Collecting mutex groups... [0.000s CPU, 0.000s wall-clock]
Choosing groups...
68 uncovered facts
Choosing groups: [0.000s CPU, 0.001s wall-clock]
Building translation key... [0.000s CPU, 0.001s wall-clock]
Computing fact groups: [0.330s CPU, 0.328s wall-clock]
Building STRIPS to SAS dictionary... [0.000s CPU, 0.000s wall-clock]
Building dictionary for full mutex groups... [0.000s CPU, 0.000s wall-clock]
Building mutex information...
Building mutex information: [0.000s CPU, 0.000s wall-clock]
Translating task...
Processing axioms...
Simplifying axioms... [0.000s CPU, 0.000s wall-clock]
Processing axioms: [0.670s CPU, 0.669s wall-clock]
Translating task: [14.580s CPU, 14.580s wall-clock]
66 effect conditions simplified
0 implied preconditions added
Detecting unreachable propositions...
0 operators removed
0 axioms removed
8 propositions removed
Detecting unreachable propositions: [7.850s CPU, 7.856s wall-clock]
Reordering and filtering variables...
33 of 76 variables necessary.
0 of 8 mutex groups necessary.
423081 of 423081 operators necessary.
1 of 1 axiom rules necessary.
Reordering and filtering variables: [1.340s CPU, 1.339s wall-clock]
Translator variables: 33
Translator derived variables: 1
Translator facts: 394
Translator goal facts: 1
Translator mutex groups: 0
Translator total mutex groups size: 0
Translator operators: 423081
Translator axioms: 1
Translator task size: 2932538
Translator peak memory: 2516640 KB
Writing output... [2.250s CPU, 2.315s wall-clock]
Done! [52.350s CPU, 52.445s wall-clock]
INFO     Run task transformation (/planner/planners/ipc2018-opt-delfi/builds/release64/bin/preprocess).
INFO     Absolute path: /planner/planners/ipc2018-opt-delfi/builds/release64/bin/preprocess
INFO     callstring: /planner/planners/ipc2018-opt-delfi/builds/release64/bin/preprocess < output.sas
Building causal graph...
The causal graph is not acyclic.
33 variables of 33 necessary
0 of 0 mutex groups necessary.
423081 of 423081 operators necessary.
1 of 1 axiom rules necessary.
Disabling h2 analysis because it does not currently support axioms
Building domain transition graphs...
solveable in poly time 0
Building successor generator...
Preprocessor variables: 33
Preprocessor facts: 394
Preprocessor derived variables: 1
Preprocessor operators: 423081
Preprocessor mutex groups: 0
Preprocessor task size: 2932538
Writing output...
done
INFO     Running search (release64).
INFO     search input: output.sas
INFO     search arguments: ['--symmetries', 'sym=structural_symmetries(search_symmetries=oss)', '--search', 'astar(cpdbs(patterns=hillclimbing(max_time=900),transform=multiply_out_conditional_effects),symmetries=sym,pruning=stubborn_sets_simple(minimum_pruning_ratio=0.01),num_por_probes=1000)']
INFO     search time limit: 600.36s
INFO     search memory limit: None
INFO     search executable: /planner/planners/ipc2018-opt-delfi/builds/release64/bin/downward
INFO     callstring: /planner/planners/ipc2018-opt-delfi/builds/release64/bin/downward --symmetries 'sym=structural_symmetries(search_symmetries=oss)' --search 'astar(cpdbs(patterns=hillclimbing(max_time=900),transform=multiply_out_conditional_effects),symmetries=sym,pruning=stubborn_sets_simple(minimum_pruning_ratio=0.01),num_por_probes=1000)' --internal-plan-file /home/vidusha/intelligent_systems/planners/hapori-miplan/solutions/recharging_robot/p16_sol.txt < output.sas
time limit 600.36 -> (601, 602)
reading input... [t=4.5326e-05s]
done reading input! [t=0.99914s]
packing state variables...done! [t=0.99914s]
Variables: 33
FactPairs: 394
Bytes per state: 12
Building successor generator...done! [t=1.12215s]
peak memory difference for root successor generator creation: 50608 KB
time for root successor generation creation: 0.123005s
done initializing global data [t=1.12215s]
This configuration does not support axioms!
Terminating.
Tried to use unsupported feature.
Peak memory: 217580 KB
Command '['/planner/planners/ipc2018-opt-delfi/builds/release64/bin/downward', '--symmetries', 'sym=structural_symmetries(search_symmetries=oss)', '--search', 'astar(cpdbs(patterns=hillclimbing(max_time=900),transform=multiply_out_conditional_effects),symmetries=sym,pruning=stubborn_sets_simple(minimum_pruning_ratio=0.01),num_por_probes=1000)', '--internal-plan-file', '/home/vidusha/intelligent_systems/planners/hapori-miplan/solutions/recharging_robot/p16_sol.txt']' returned non-zero exit status 3
Overall time: [71.780s CPU, 72.062s wall-clock]
Image nick: ipc2018-opt-delfi
Configs: ['h2-simpless-oss-cpdbshc900']
Plan file: /home/vidusha/intelligent_systems/planners/hapori-miplan/solutions/recharging_robot/p16_sol.txt
Run image config h2-simpless-oss-cpdbshc900
Calling planner: ['python2', '/planner/planners/ipc2018-opt-delfi/fast-downward.py', '--build', 'release64', '--transform-task', '/planner/planners/ipc2018-opt-delfi/builds/release64/bin/preprocess', '--plan-file', '/home/vidusha/intelligent_systems/planners/hapori-miplan/solutions/recharging_robot/p16_sol.txt', '/home/vidusha/intelligent_systems/planners/hapori-miplan/domains/recharging_robot_domain.pddl', '/home/vidusha/intelligent_systems/planners/hapori-miplan/problems/recharging_robot/p16.pddl', '--symmetries', 'sym=structural_symmetries(search_symmetries=oss)', '--search', 'astar(cpdbs(patterns=hillclimbing(max_time=900),transform=multiply_out_conditional_effects),symmetries=sym,pruning=stubborn_sets_simple(minimum_pruning_ratio=0.01),num_por_probes=1000)']
Found plan file(s): []
exitcode: 99

remaining time: 1186.48
config 7: relative time 14, remaining time 14, absolute time 1186
args: ['/usr/bin/python3', '/planner/plan.py', 'ipc2018-opt-delfi', 'domains/recharging_robot_domain.pddl', 'problems/recharging_robot/p16.pddl', 'solutions/recharging_robot/p16_sol.txt', '--config', 'simpless-dks-masb50kmiasmdfp']
INFO     search stdin: None
INFO     search time limit: 1186s
INFO     search memory limit: None
INFO     search command line string: /usr/bin/python3 /planner/plan.py ipc2018-opt-delfi domains/recharging_robot_domain.pddl problems/recharging_robot/p16.pddl solutions/recharging_robot/p16_sol.txt --config simpless-dks-masb50kmiasmdfp
INFO     Running translator.
INFO     translator input: ['/home/vidusha/intelligent_systems/planners/hapori-miplan/domains/recharging_robot_domain.pddl', '/home/vidusha/intelligent_systems/planners/hapori-miplan/problems/recharging_robot/p16.pddl']
INFO     translator arguments: []
INFO     translator time limit: 1185.98s
INFO     translator memory limit: None
INFO     callstring: /usr/bin/python2 /planner/planners/ipc2018-opt-delfi/builds/release64/bin/translate/translate.py /home/vidusha/intelligent_systems/planners/hapori-miplan/domains/recharging_robot_domain.pddl /home/vidusha/intelligent_systems/planners/hapori-miplan/problems/recharging_robot/p16.pddl
time limit 1185.98 -> (1186, 1187)
Parsing...
Parsing: [0.010s CPU, 0.003s wall-clock]
Normalizing task... [0.000s CPU, 0.000s wall-clock]
Instantiating...
Generating Datalog program... [0.000s CPU, 0.001s wall-clock]
Normalizing Datalog program...
Normalizing Datalog program: [0.000s CPU, 0.003s wall-clock]
Preparing model... [0.000s CPU, 0.002s wall-clock]
Generated 48 rules.
Computing model... [4.510s CPU, 4.512s wall-clock]
555179 relevant atoms
43507 auxiliary atoms
598686 final queue length
1726934 total queue pushes
Completing instantiation... [35.590s CPU, 35.612s wall-clock]
Instantiating: [40.220s CPU, 40.244s wall-clock]
Computing fact groups...
Finding invariants...
12 initial candidates
Finding invariants: [0.440s CPU, 0.434s wall-clock]
Checking invariant weight... [0.000s CPU, 0.000s wall-clock]
Instantiating groups... [0.000s CPU, 0.001s wall-clock]
Collecting mutex groups... [0.000s CPU, 0.000s wall-clock]
Choosing groups...
68 uncovered facts
Choosing groups: [0.000s CPU, 0.001s wall-clock]
Building translation key... [0.000s CPU, 0.001s wall-clock]
Computing fact groups: [0.440s CPU, 0.438s wall-clock]
Building STRIPS to SAS dictionary... [0.000s CPU, 0.000s wall-clock]
Building dictionary for full mutex groups... [0.000s CPU, 0.000s wall-clock]
Building mutex information...
Building mutex information: [0.000s CPU, 0.000s wall-clock]
Translating task...
Processing axioms...
Simplifying axioms... [0.000s CPU, 0.000s wall-clock]
Processing axioms: [0.890s CPU, 0.891s wall-clock]
Translating task: [18.890s CPU, 18.900s wall-clock]
66 effect conditions simplified
0 implied preconditions added
Detecting unreachable propositions...
0 operators removed
0 axioms removed
8 propositions removed
Detecting unreachable propositions: [9.670s CPU, 9.672s wall-clock]
Reordering and filtering variables...
33 of 76 variables necessary.
0 of 8 mutex groups necessary.
423081 of 423081 operators necessary.
1 of 1 axiom rules necessary.
Reordering and filtering variables: [1.790s CPU, 1.785s wall-clock]
Translator variables: 33
Translator derived variables: 1
Translator facts: 394
Translator goal facts: 1
Translator mutex groups: 0
Translator total mutex groups size: 0
Translator operators: 423081
Translator axioms: 1
Translator task size: 2932538
Translator peak memory: 2516644 KB
Writing output... [3.040s CPU, 3.108s wall-clock]
Done! [74.770s CPU, 74.870s wall-clock]
INFO     Running search (release64).
INFO     search input: output.sas
INFO     search arguments: ['--symmetries', 'sym=structural_symmetries(search_symmetries=dks)', '--search', 'astar(merge_and_shrink(shrink_strategy=shrink_bisimulation(greedy=false),merge_strategy=merge_precomputed(merge_tree=miasm(abstraction=miasm_merge_and_shrink(),fallback_merge_selector=score_based_filtering(scoring_functions=[goal_relevance,dfp,total_order(atomic_ts_order=reverse_level,product_ts_order=new_to_old,atomic_before_product=false)]))),label_reduction=exact(before_shrinking=true,before_merging=false),max_states=50000,threshold_before_merge=1,max_time=900),symmetries=sym,pruning=stubborn_sets_simple(minimum_pruning_ratio=0.01),num_por_probes=1000)']
INFO     search time limit: 1110.72s
INFO     search memory limit: None
INFO     search executable: /planner/planners/ipc2018-opt-delfi/builds/release64/bin/downward
INFO     callstring: /planner/planners/ipc2018-opt-delfi/builds/release64/bin/downward --symmetries 'sym=structural_symmetries(search_symmetries=dks)' --search 'astar(merge_and_shrink(shrink_strategy=shrink_bisimulation(greedy=false),merge_strategy=merge_precomputed(merge_tree=miasm(abstraction=miasm_merge_and_shrink(),fallback_merge_selector=score_based_filtering(scoring_functions=[goal_relevance,dfp,total_order(atomic_ts_order=reverse_level,product_ts_order=new_to_old,atomic_before_product=false)]))),label_reduction=exact(before_shrinking=true,before_merging=false),max_states=50000,threshold_before_merge=1,max_time=900),symmetries=sym,pruning=stubborn_sets_simple(minimum_pruning_ratio=0.01),num_por_probes=1000)' --internal-plan-file /home/vidusha/intelligent_systems/planners/hapori-miplan/solutions/recharging_robot/p16_sol.txt < output.sas
time limit 1110.72 -> (1111, 1112)
reading input... [t=0s]
done reading input! [t=1.23311s]
packing state variables...done! [t=1.23311s]
Variables: 33
FactPairs: 394
Bytes per state: 12
Building successor generator...done! [t=1.38015s]
peak memory difference for root successor generator creation: 50608 KB
time for root successor generation creation: 0.147036s
done initializing global data [t=1.38015s]
Initializing merge-and-shrink heuristic...
This configuration does not support axioms!
Terminating.
Tried to use unsupported feature.
Peak memory: 217580 KB
Command '['/planner/planners/ipc2018-opt-delfi/builds/release64/bin/downward', '--symmetries', 'sym=structural_symmetries(search_symmetries=dks)', '--search', 'astar(merge_and_shrink(shrink_strategy=shrink_bisimulation(greedy=false),merge_strategy=merge_precomputed(merge_tree=miasm(abstraction=miasm_merge_and_shrink(),fallback_merge_selector=score_based_filtering(scoring_functions=[goal_relevance,dfp,total_order(atomic_ts_order=reverse_level,product_ts_order=new_to_old,atomic_before_product=false)]))),label_reduction=exact(before_shrinking=true,before_merging=false),max_states=50000,threshold_before_merge=1,max_time=900),symmetries=sym,pruning=stubborn_sets_simple(minimum_pruning_ratio=0.01),num_por_probes=1000)', '--internal-plan-file', '/home/vidusha/intelligent_systems/planners/hapori-miplan/solutions/recharging_robot/p16_sol.txt']' returned non-zero exit status 3
Overall time: [76.660s CPU, 76.793s wall-clock]
Image nick: ipc2018-opt-delfi
Configs: ['simpless-dks-masb50kmiasmdfp']
Plan file: /home/vidusha/intelligent_systems/planners/hapori-miplan/solutions/recharging_robot/p16_sol.txt
Run image config simpless-dks-masb50kmiasmdfp
Calling planner: ['python2', '/planner/planners/ipc2018-opt-delfi/fast-downward.py', '--build', 'release64', '--plan-file', '/home/vidusha/intelligent_systems/planners/hapori-miplan/solutions/recharging_robot/p16_sol.txt', '/home/vidusha/intelligent_systems/planners/hapori-miplan/domains/recharging_robot_domain.pddl', '/home/vidusha/intelligent_systems/planners/hapori-miplan/problems/recharging_robot/p16.pddl', '--symmetries', 'sym=structural_symmetries(search_symmetries=dks)', '--search', 'astar(merge_and_shrink(shrink_strategy=shrink_bisimulation(greedy=false),merge_strategy=merge_precomputed(merge_tree=miasm(abstraction=miasm_merge_and_shrink(),fallback_merge_selector=score_based_filtering(scoring_functions=[goal_relevance,dfp,total_order(atomic_ts_order=reverse_level,product_ts_order=new_to_old,atomic_before_product=false)]))),label_reduction=exact(before_shrinking=true,before_merging=false),max_states=50000,threshold_before_merge=1,max_time=900),symmetries=sym,pruning=stubborn_sets_simple(minimum_pruning_ratio=0.01),num_por_probes=1000)']
Found plan file(s): []
exitcode: 99

Exit codes: [99, 99, 99, 99, 99, 99, 99, 99]
Traceback (most recent call last):
  File "/planner/run-portfolio.py", line 5, in <module>
    main()
  File "/planner/portfolio_driver/main.py", line 46, in main
    (exitcode, continue_execution) = run_portfolio(args)
  File "/planner/portfolio_driver/main.py", line 32, in run_portfolio
    time_limit, memory_limit)
  File "/planner/portfolio_driver/portfolio_runner.py", line 177, in run
    return returncodes.generate_portfolio_exitcode(list(exitcodes))
  File "/planner/portfolio_driver/returncodes.py", line 106, in generate_portfolio_exitcode
    assert False, "Error: Unhandled exit codes: {}".format(exitcodes)
AssertionError: Error: Unhandled exit codes: {99}
